Component: ARM Compiler 5.06 update 6 (build 750) Tool: armlink [4d35ed]

==============================================================================

Section Cross References

    hts221_driver.o(i.HTS221_Activate) refers to hts221_driver.o(i.HTS221_ReadReg) for HTS221_ReadReg
    hts221_driver.o(i.HTS221_Activate) refers to hts221_driver.o(i.HTS221_WriteReg) for HTS221_WriteReg
    hts221_driver.o(i.HTS221_DeActivate) refers to hts221_driver.o(i.HTS221_ReadReg) for HTS221_ReadReg
    hts221_driver.o(i.HTS221_DeActivate) refers to hts221_driver.o(i.HTS221_WriteReg) for HTS221_WriteReg
    hts221_driver.o(i.HTS221_DeInit) refers to hts221_driver.o(i.HTS221_ReadReg) for HTS221_ReadReg
    hts221_driver.o(i.HTS221_DeInit) refers to hts221_driver.o(i.HTS221_WriteReg) for HTS221_WriteReg
    hts221_driver.o(i.HTS221_Get_AvgHT) refers to hts221_driver.o(i.HTS221_ReadReg) for HTS221_ReadReg
    hts221_driver.o(i.HTS221_Get_BduMode) refers to hts221_driver.o(i.HTS221_ReadReg) for HTS221_ReadReg
    hts221_driver.o(i.HTS221_Get_DataStatus) refers to hts221_driver.o(i.HTS221_ReadReg) for HTS221_ReadReg
    hts221_driver.o(i.HTS221_Get_DeviceID) refers to hts221_driver.o(i.HTS221_ReadReg) for HTS221_ReadReg
    hts221_driver.o(i.HTS221_Get_HeaterState) refers to hts221_driver.o(i.HTS221_ReadReg) for HTS221_ReadReg
    hts221_driver.o(i.HTS221_Get_Humidity) refers to hts221_driver.o(i.HTS221_ReadReg) for HTS221_ReadReg
    hts221_driver.o(i.HTS221_Get_Humidity) refers to fflti.o(.text) for __aeabi_i2f
    hts221_driver.o(i.HTS221_Get_Humidity) refers to fmul.o(.text) for __aeabi_fmul
    hts221_driver.o(i.HTS221_Get_Humidity) refers to fdiv.o(.text) for __aeabi_fdiv
    hts221_driver.o(i.HTS221_Get_Humidity) refers to fadd.o(.text) for __aeabi_fadd
    hts221_driver.o(i.HTS221_Get_Humidity) refers to ffixui.o(.text) for __aeabi_f2uiz
    hts221_driver.o(i.HTS221_Get_HumidityRaw) refers to hts221_driver.o(i.HTS221_ReadReg) for HTS221_ReadReg
    hts221_driver.o(i.HTS221_Get_InitConfig) refers to hts221_driver.o(i.HTS221_ReadReg) for HTS221_ReadReg
    hts221_driver.o(i.HTS221_Get_IrqActiveLevel) refers to hts221_driver.o(i.HTS221_ReadReg) for HTS221_ReadReg
    hts221_driver.o(i.HTS221_Get_IrqEnable) refers to hts221_driver.o(i.HTS221_ReadReg) for HTS221_ReadReg
    hts221_driver.o(i.HTS221_Get_IrqOutputType) refers to hts221_driver.o(i.HTS221_ReadReg) for HTS221_ReadReg
    hts221_driver.o(i.HTS221_Get_Measurement) refers to hts221_driver.o(i.HTS221_Get_Temperature) for HTS221_Get_Temperature
    hts221_driver.o(i.HTS221_Get_Measurement) refers to hts221_driver.o(i.HTS221_Get_Humidity) for HTS221_Get_Humidity
    hts221_driver.o(i.HTS221_Get_Odr) refers to hts221_driver.o(i.HTS221_ReadReg) for HTS221_ReadReg
    hts221_driver.o(i.HTS221_Get_PowerDownMode) refers to hts221_driver.o(i.HTS221_ReadReg) for HTS221_ReadReg
    hts221_driver.o(i.HTS221_Get_RawMeasurement) refers to hts221_driver.o(i.HTS221_ReadReg) for HTS221_ReadReg
    hts221_driver.o(i.HTS221_Get_Temperature) refers to hts221_driver.o(i.HTS221_ReadReg) for HTS221_ReadReg
    hts221_driver.o(i.HTS221_Get_Temperature) refers to fflti.o(.text) for __aeabi_i2f
    hts221_driver.o(i.HTS221_Get_Temperature) refers to fmul.o(.text) for __aeabi_fmul
    hts221_driver.o(i.HTS221_Get_Temperature) refers to fdiv.o(.text) for __aeabi_fdiv
    hts221_driver.o(i.HTS221_Get_Temperature) refers to fadd.o(.text) for __aeabi_fadd
    hts221_driver.o(i.HTS221_Get_Temperature) refers to ffixi.o(.text) for __aeabi_f2iz
    hts221_driver.o(i.HTS221_Get_TemperatureRaw) refers to hts221_driver.o(i.HTS221_ReadReg) for HTS221_ReadReg
    hts221_driver.o(i.HTS221_IsMeasurementCompleted) refers to hts221_driver.o(i.HTS221_ReadReg) for HTS221_ReadReg
    hts221_driver.o(i.HTS221_MemoryBoot) refers to hts221_driver.o(i.HTS221_ReadReg) for HTS221_ReadReg
    hts221_driver.o(i.HTS221_MemoryBoot) refers to hts221_driver.o(i.HTS221_WriteReg) for HTS221_WriteReg
    hts221_driver.o(i.HTS221_ReadReg) refers to x_nucleo_iks01a2.o(i.Sensor_IO_Read) for Sensor_IO_Read
    hts221_driver.o(i.HTS221_Set_AvgH) refers to hts221_driver.o(i.HTS221_assert_failed) for HTS221_assert_failed
    hts221_driver.o(i.HTS221_Set_AvgH) refers to hts221_driver.o(i.HTS221_ReadReg) for HTS221_ReadReg
    hts221_driver.o(i.HTS221_Set_AvgH) refers to hts221_driver.o(i.HTS221_WriteReg) for HTS221_WriteReg
    hts221_driver.o(i.HTS221_Set_AvgHT) refers to hts221_driver.o(i.HTS221_assert_failed) for HTS221_assert_failed
    hts221_driver.o(i.HTS221_Set_AvgHT) refers to hts221_driver.o(i.HTS221_ReadReg) for HTS221_ReadReg
    hts221_driver.o(i.HTS221_Set_AvgHT) refers to hts221_driver.o(i.HTS221_WriteReg) for HTS221_WriteReg
    hts221_driver.o(i.HTS221_Set_AvgT) refers to hts221_driver.o(i.HTS221_assert_failed) for HTS221_assert_failed
    hts221_driver.o(i.HTS221_Set_AvgT) refers to hts221_driver.o(i.HTS221_ReadReg) for HTS221_ReadReg
[...]
    RegionEU868InitDefaults                  0x08007a35   Thumb Code   142  regioneu868.o(i.RegionEU868InitDefaults)
    RegionEU868LinkAdrReq                    0x08007ad1   Thumb Code   294  regioneu868.o(i.RegionEU868LinkAdrReq)
    RegionEU868NewChannelReq                 0x08007c01   Thumb Code    72  regioneu868.o(i.RegionEU868NewChannelReq)
    RegionEU868NextChannel                   0x08007c49   Thumb Code   182  regioneu868.o(i.RegionEU868NextChannel)
    RegionEU868RxConfig                      0x08007d09   Thumb Code   202  regioneu868.o(i.RegionEU868RxConfig)
    RegionEU868RxParamSetupReq               0x08007de9   Thumb Code    68  regioneu868.o(i.RegionEU868RxParamSetupReq)
    RegionEU868SetBandTxDone                 0x08007e2d   Thumb Code    30  regioneu868.o(i.RegionEU868SetBandTxDone)
    RegionEU868SetContinuousWave             0x08007e51   Thumb Code    68  regioneu868.o(i.RegionEU868SetContinuousWave)
    RegionEU868TxConfig                      0x08007ea1   Thumb Code   200  regioneu868.o(i.RegionEU868TxConfig)
    RegionEU868TxParamSetupReq               0x08007f7d   Thumb Code     6  regioneu868.o(i.RegionEU868TxParamSetupReq)
    RegionEU868Verify                        0x08007f83   Thumb Code    84  regioneu868.o(i.RegionEU868Verify)
    RegionGetNvmCtx                          0x08007fd7   Thumb Code    18  region.o(i.RegionGetNvmCtx)
    RegionGetPhyParam                        0x08007fe9   Thumb Code    20  region.o(i.RegionGetPhyParam)
    RegionInitDefaults                       0x08007ffd   Thumb Code    14  region.o(i.RegionInitDefaults)
    RegionIsActive                           0x0800800b   Thumb Code    12  region.o(i.RegionIsActive)
    RegionLinkAdrReq                         0x08008017   Thumb Code    34  region.o(i.RegionLinkAdrReq)
    RegionNewChannelReq                      0x08008039   Thumb Code    18  region.o(i.RegionNewChannelReq)
    RegionNextChannel                        0x0800804b   Thumb Code    30  region.o(i.RegionNextChannel)
    RegionRxConfig                           0x08008069   Thumb Code    22  region.o(i.RegionRxConfig)
    RegionRxParamSetupReq                    0x0800807f   Thumb Code    18  region.o(i.RegionRxParamSetupReq)
    RegionSetBandTxDone                      0x08008091   Thumb Code    14  region.o(i.RegionSetBandTxDone)
    RegionSetContinuousWave                  0x0800809f   Thumb Code    14  region.o(i.RegionSetContinuousWave)
    RegionTxConfig                           0x080080ad   Thumb Code    26  region.o(i.RegionTxConfig)
    RegionTxParamSetupReq                    0x080080c7   Thumb Code    18  region.o(i.RegionTxParamSetupReq)
    RegionVerify                             0x080080d9   Thumb Code    22  region.o(i.RegionVerify)
    RestoreCtxs                              0x08008201   Thumb Code   130  loramac.o(i.RestoreCtxs)
    RxChainCalibration                       0x0800828d   Thumb Code   138  sx1276.o(i.RxChainCalibration)
    SVC_Handler                              0x0800842b   Thumb Code     2  mlm32l0xx_it.o(i.SVC_Handler)
    SX1276BoardInit                          0x0800842d   Thumb Code     6  sx1276.o(i.SX1276BoardInit)
    SX1276CheckRfFrequency                   0x08008439   Thumb Code     4  mlm32l07x01.o(i.SX1276CheckRfFrequency)
    SX1276GetPaSelect                        0x0800843d   Thumb Code    12  mlm32l07x01.o(i.SX1276GetPaSelect)
    SX1276GetStatus                          0x08008449   Thumb Code     6  sx1276.o(i.SX1276GetStatus)
    SX1276GetTimeOnAir                       0x08008455   Thumb Code   444  sx1276.o(i.SX1276GetTimeOnAir)
    SX1276GetWakeTime                        0x08008639   Thumb Code     4  mlm32l07x01.o(i.SX1276GetWakeTime)
    SX1276GetWakeupTime                      0x0800863d   Thumb Code    14  sx1276.o(i.SX1276GetWakeupTime)
    SX1276Init                               0x08008651   Thumb Code   122  sx1276.o(i.SX1276Init)
    SX1276IoDeInit                           0x080086dd   Thumb Code    68  mlm32l07x01.o(i.SX1276IoDeInit)
    SX1276IoInit                             0x0800872d   Thumb Code   100  mlm32l07x01.o(i.SX1276IoInit)
    SX1276IoIrqInit                          0x080087a1   Thumb Code    58  mlm32l07x01.o(i.SX1276IoIrqInit)
    SX1276IsChannelFree                      0x080087e5   Thumb Code    90  sx1276.o(i.SX1276IsChannelFree)
    SX1276OnDio0Irq                          0x08008845   Thumb Code   560  sx1276.o(i.SX1276OnDio0Irq)
    SX1276OnDio1Irq                          0x08008a85   Thumb Code   204  sx1276.o(i.SX1276OnDio1Irq)
    SX1276OnDio2Irq                          0x08008b59   Thumb Code   166  sx1276.o(i.SX1276OnDio2Irq)
    SX1276OnDio3Irq                          0x08008c0d   Thumb Code    76  sx1276.o(i.SX1276OnDio3Irq)
    SX1276OnDio4Irq                          0x08008c61   Thumb Code    24  sx1276.o(i.SX1276OnDio4Irq)
    SX1276OnTimeoutIrq                       0x08008c7d   Thumb Code   188  sx1276.o(i.SX1276OnTimeoutIrq)
    SX1276Random                             0x08008d45   Thumb Code    62  sx1276.o(i.SX1276Random)
    SX1276Read                               0x08008d83   Thumb Code    16  sx1276.o(i.SX1276Read)
    SX1276ReadBuffer                         0x08008d93   Thumb Code    66  sx1276.o(i.SX1276ReadBuffer)
    SX1276ReadFifo                           0x08008dd5   Thumb Code    14  sx1276.o(i.SX1276ReadFifo)
    SX1276ReadRssi                           0x08008de5   Thumb Code    58  sx1276.o(i.SX1276ReadRssi)
    SX1276Reset                              0x08008e29   Thumb Code    74  sx1276.o(i.SX1276Reset)
    SX1276Send                               0x08008e79   Thumb Code   230  sx1276.o(i.SX1276Send)
    SX1276SetAntSw                           0x08008f69   Thumb Code    60  mlm32l07x01.o(i.SX1276SetAntSw)
    SX1276SetAntSwLowPower                   0x08008fad   Thumb Code   110  mlm32l07x01.o(i.SX1276SetAntSwLowPower)
    SX1276SetChannel                         0x08009021   Thumb Code    72  sx1276.o(i.SX1276SetChannel)
    SX1276SetMaxPayloadLength                0x08009071   Thumb Code    42  sx1276.o(i.SX1276SetMaxPayloadLength)
    SX1276SetModem                           0x080090a1   Thumb Code   110  sx1276.o(i.SX1276SetModem)
    SX1276SetOpMode                          0x08009115   Thumb Code    86  sx1276.o(i.SX1276SetOpMode)
    SX1276SetPublicNetwork                   0x08009171   Thumb Code    32  sx1276.o(i.SX1276SetPublicNetwork)
    SX1276SetRfTxPower                       0x08009195   Thumb Code   166  mlm32l07x01.o(i.SX1276SetRfTxPower)
    SX1276SetRx                              0x0800923d   Thumb Code   478  sx1276.o(i.SX1276SetRx)
    SX1276SetRxConfig                        0x0800943d   Thumb Code   628  sx1276.o(i.SX1276SetRxConfig)
    SX1276SetSleep                           0x080096c5   Thumb Code    50  sx1276.o(i.SX1276SetSleep)
    SX1276SetStby                            0x08009701   Thumb Code    40  sx1276.o(i.SX1276SetStby)
    SX1276SetTx                              0x0800972d   Thumb Code   170  sx1276.o(i.SX1276SetTx)
    SX1276SetTxConfig                        0x080097dd   Thumb Code   490  sx1276.o(i.SX1276SetTxConfig)
    SX1276SetTxContinuousWave                0x080099d9   Thumb Code   120  sx1276.o(i.SX1276SetTxContinuousWave)
    SX1276SetXO                              0x08009a55   Thumb Code    40  mlm32l07x01.o(i.SX1276SetXO)
    SX1276StartCad                           0x08009a7d   Thumb Code    50  sx1276.o(i.SX1276StartCad)
    SX1276Write                              0x08009ab5   Thumb Code    12  sx1276.o(i.SX1276Write)
    SX1276WriteBuffer                        0x08009ac1   Thumb Code    66  sx1276.o(i.SX1276WriteBuffer)
    SX1276WriteFifo                          0x08009b03   Thumb Code    14  sx1276.o(i.SX1276WriteFifo)
    SecureElementAesEncrypt                  0x08009c81   Thumb Code   102  soft-se.o(i.SecureElementAesEncrypt)
    SecureElementComputeAesCmac              0x08009ced   Thumb Code    20  soft-se.o(i.SecureElementComputeAesCmac)
    SecureElementDeriveAndStoreKey           0x08009d01   Thumb Code    76  soft-se.o(i.SecureElementDeriveAndStoreKey)
    SecureElementGetDevEui                   0x08009d4d   Thumb Code     4  soft-se.o(i.SecureElementGetDevEui)
    SecureElementGetJoinEui                  0x08009d55   Thumb Code     4  soft-se.o(i.SecureElementGetJoinEui)
    SecureElementGetNvmCtx                   0x08009d5d   Thumb Code    10  soft-se.o(i.SecureElementGetNvmCtx)
    SecureElementInit                        0x08009d6d   Thumb Code   306  soft-se.o(i.SecureElementInit)
    SecureElementRandomNumber                0x08009eb5   Thumb Code    22  soft-se.o(i.SecureElementRandomNumber)
    SecureElementRestoreNvmCtx               0x08009ed1   Thumb Code    26  soft-se.o(i.SecureElementRestoreNvmCtx)
    SecureElementSetDevEui                   0x08009ef1   Thumb Code    30  soft-se.o(i.SecureElementSetDevEui)
    SecureElementSetJoinEui                  0x08009f19   Thumb Code    30  soft-se.o(i.SecureElementSetJoinEui)
    SecureElementSetKey                      0x08009f41   Thumb Code   142  soft-se.o(i.SecureElementSetKey)
    SecureElementVerifyAesCmac               0x08009fdd   Thumb Code    44  soft-se.o(i.SecureElementVerifyAesCmac)
    Send                                     0x0800a165   Thumb Code   296  loramac.o(i.Send)
    SendFrameOnChannel                       0x0800a291   Thumb Code   208  loramac.o(i.SendFrameOnChannel)
    SendReJoinReq                            0x0800a371   Thumb Code    82  loramac.o(i.SendReJoinReq)
    SetTxContinuousWave                      0x0800a3d9   Thumb Code    68  loramac.o(i.SetTxContinuousWave)
    SetTxContinuousWave1                     0x0800a425   Thumb Code    32  loramac.o(i.SetTxContinuousWave1)
    SysTick_Handler                          0x0800a599   Thumb Code     8  mlm32l0xx_it.o(i.SysTick_Handler)
    SysTimeAdd                               0x0800a5a1   Thumb Code    64  systime.o(i.SysTimeAdd)
    SysTimeGet                               0x0800a5e1   Thumb Code    54  systime.o(i.SysTimeGet)
    SysTimeGetMcuTime                        0x0800a617   Thumb Code    24  systime.o(i.SysTimeGetMcuTime)
    SysTimeSet                               0x0800a62f   Thumb Code    62  systime.o(i.SysTimeSet)
    SysTimeSub                               0x0800a66d   Thumb Code    64  systime.o(i.SysTimeSub)
    SystemClock_Config                       0x0800a6ad   Thumb Code   130  mlm32l0xx_hw.o(i.SystemClock_Config)
    SystemInit                               0x0800a739   Thumb Code    66  system_stm32l0xx.o(i.SystemInit)
    TimerGetCurrentTime                      0x0800a78d   Thumb Code    12  timeserver.o(i.TimerGetCurrentTime)
    TimerGetElapsedTime                      0x0800a799   Thumb Code    30  timeserver.o(i.TimerGetElapsedTime)
    TimerInit                                0x0800a7b7   Thumb Code    18  timeserver.o(i.TimerInit)
    TimerIrqHandler                          0x0800a7e5   Thumb Code   122  timeserver.o(i.TimerIrqHandler)
    TimerSetValue                            0x0800a891   Thumb Code    34  timeserver.o(i.TimerSetValue)
    TimerStart                               0x0800a8b5   Thumb Code   112  timeserver.o(i.TimerStart)
    TimerStop                                0x0800a929   Thumb Code    96  timeserver.o(i.TimerStop)
    TraceInit                                0x0800a98d   Thumb Code    24  trace.o(i.TraceInit)
    TraceSend                                0x0800a9ad   Thumb Code   106  trace.o(i.TraceSend)
    UART_AdvFeatureConfig                    0x0800aa71   Thumb Code   202  stm32l0xx_hal_uart.o(i.UART_AdvFeatureConfig)
    UART_CheckIdleState                      0x0800ab3d   Thumb Code    90  stm32l0xx_hal_uart.o(i.UART_CheckIdleState)
    UART_SetConfig                           0x0800ac65   Thumb Code   518  stm32l0xx_hal_uart.o(i.UART_SetConfig)
    UART_WaitOnFlagUntilTimeout              0x0800aea1   Thumb Code    98  stm32l0xx_hal_uart.o(i.UART_WaitOnFlagUntilTimeout)
    USART2_IRQHandler                        0x0800af03   Thumb Code     8  mlm32l0xx_it.o(i.USART2_IRQHandler)
    __0vsnprintf                             0x0800b06d   Thumb Code    40  printfa.o(i.__0vsnprintf)
    __1vsnprintf                             0x0800b06d   Thumb Code     0  printfa.o(i.__0vsnprintf)
    __2vsnprintf                             0x0800b06d   Thumb Code     0  printfa.o(i.__0vsnprintf)
    __c89vsnprintf                           0x0800b06d   Thumb Code     0  printfa.o(i.__0vsnprintf)
    vsnprintf                                0x0800b06d   Thumb Code     0  printfa.o(i.__0vsnprintf)
    __ARM_clz                                0x0800b099   Thumb Code    46  depilogue.o(i.__ARM_clz)
    __ARM_common_switch8                     0x0800b0c7   Thumb Code    26  hts221_driver_hl.o(i.__ARM_common_switch8)
    __scatterload_copy                       0x0800b125   Thumb Code    14  handlers.o(i.__scatterload_copy)
    __scatterload_null                       0x0800b133   Thumb Code     2  handlers.o(i.__scatterload_null)
    __scatterload_zeroinit                   0x0800b135   Thumb Code    14  handlers.o(i.__scatterload_zeroinit)
    aes_encrypt                              0x0800ba37   Thumb Code    84  aes.o(i.aes_encrypt)
    aes_set_key                              0x0800ba8d   Thumb Code   248  aes.o(i.aes_set_key)
    ceil                                     0x0800bb89   Thumb Code   180  ceil.o(i.ceil)
    certif_DownLinkIncrement                 0x0800bc51   Thumb Code    10  lora-test.o(i.certif_DownLinkIncrement)
    certif_linkCheck                         0x0800bc61   Thumb Code    16  lora-test.o(i.certif_linkCheck)
    certif_running                           0x0800bc75   Thumb Code     6  lora-test.o(i.certif_running)
    certif_rx                                0x0800bc81   Thumb Code   400  lora-test.o(i.certif_rx)
    circular_queue_add                       0x0800becd   Thumb Code   208  queue.o(i.circular_queue_add)
    circular_queue_get                       0x0800bf9d   Thumb Code    58  queue.o(i.circular_queue_get)
    circular_queue_init                      0x0800bfd7   Thumb Code    16  queue.o(i.circular_queue_init)
    circular_queue_remove                    0x0800bfe7   Thumb Code    80  queue.o(i.circular_queue_remove)
    circular_queue_sense                     0x0800c037   Thumb Code    16  queue.o(i.circular_queue_sense)
    floor                                    0x0800c10d   Thumb Code   180  floor.o(i.floor)
    main                                     0x0800c1d5   Thumb Code   144  main.o(i.main)
    memcpy1                                  0x0800c2bd   Thumb Code    22  utilities.o(i.memcpy1)
    memcpyr                                  0x0800c2d3   Thumb Code    26  utilities.o(i.memcpyr)
    memset1                                  0x0800c2ed   Thumb Code    18  utilities.o(i.memset1)
    rand1                                    0x0800c531   Thumb Code    26  utilities.o(i.rand1)
    randr                                    0x0800c55d   Thumb Code    22  utilities.o(i.randr)
    round                                    0x0800c575   Thumb Code   142  round.o(i.round)
    srand1                                   0x0800c679   Thumb Code     6  utilities.o(i.srand1)
    vcom_DMA_TX_IRQHandler                   0x0800c685   Thumb Code    12  vcom.o(i.vcom_DMA_TX_IRQHandler)
    vcom_IRQHandler                          0x0800c695   Thumb Code    10  vcom.o(i.vcom_IRQHandler)
    vcom_Init                                0x0800c6a5   Thumb Code    46  vcom.o(i.vcom_Init)
    vcom_IoDeInit                            0x0800c6e1   Thumb Code    68  vcom.o(i.vcom_IoDeInit)
    vcom_IoInit                              0x0800c729   Thumb Code    88  vcom.o(i.vcom_IoInit)
    vcom_Trace                               0x0800c785   Thumb Code    14  vcom.o(i.vcom_Trace)
    RadioRegsInit                            0x0800c81c   Data          48  sx1276.o(.constdata)
    FskBandwidths                            0x0800c84c   Data         176  sx1276.o(.constdata)
    Radio                                    0x0800c8fc   Data         116  mlm32l07x01.o(.constdata)
    BUTTON_IRQn                              0x0800c970   Data           1  b-l072z-lrwan1.o(.constdata)
    BUTTON_PIN                               0x0800c972   Data           2  b-l072z-lrwan1.o(.constdata)
    LED_PIN                                  0x0800c974   Data           8  b-l072z-lrwan1.o(.constdata)
    AHBPrescTable                            0x0800c97c   Data          16  system_stm32l0xx.o(.constdata)
    PLLMulTable                              0x0800c98c   Data           9  system_stm32l0xx.o(.constdata)
    APBPrescTable                            0x0800c995   Data           8  system_stm32l0xx.o(.constdata)
    Region$$Table$$Base                      0x0800ce8c   Number         0  anon$$obj.o(Region$$Table)
    Region$$Table$$Limit                     0x0800ceac   Number         0  anon$$obj.o(Region$$Table)
    DioIrq                                   0x20000008   Data          24  sx1276.o(.data)
    BUTTON_PORT                              0x20000038   Data           4  b-l072z-lrwan1.o(.data)
    LED_PORT                                 0x2000003c   Data          16  b-l072z-lrwan1.o(.data)
    SystemCoreClock                          0x2000004c   Data           4  system_stm32l0xx.o(.data)
    uwTick                                   0x20000050   Data           4  stm32l0xx_hal.o(.data)
    LoraMacProcessRequest                    0x20000058   Data           1  main.o(.data)
    AppProcessRequest                        0x20000059   Data           1  main.o(.data)
    AppData                                  0x20000060   Data           8  main.o(.data)
    LoRaMacRadioEvents                       0x200000c4   Data           4  loramac.o(.data)
    TxDoneParams                             0x200000c8   Data           4  loramac.o(.data)
    TracePeripheralReady                     0x200000f4   Data           1  trace.o(.data)
    SX1276                                   0x200001fc   Data         104  sx1276.o(.bss)
    TxTimeoutTimer                           0x20000264   Data          24  sx1276.o(.bss)
    RxTimeoutTimer                           0x2000027c   Data          24  sx1276.o(.bss)
    RxTimeoutSyncWord                        0x20000294   Data          24  sx1276.o(.bss)
    Contexts                                 0x20000cf8   Data          56  loramac.o(.bss)
    RxDoneParams                             0x20000d30   Data          16  loramac.o(.bss)
    __initial_sp                             0x20001aa0   Data           0  startup_stm32l072xx.o(STACK)



==============================================================================

Memory Map of the image

  Image Entry point : 0x080000c1

  Load Region LR_IROM1 (Base: 0x08000000, Size: 0x0000cfa8, Max: 0x00030000, ABSOLUTE)

    Execution Region ER_IROM1 (Exec base: 0x08000000, Load base: 0x08000000, Size: 0x0000ceac, Max: 0x00030000, ABSOLUTE)

    Exec Addr    Load Addr    Size         Type   Attr      Idx    E Section Name        Object

    0x08000000   0x08000000   0x000000c0   Data   RO         6247    RESET               startup_stm32l072xx.o
    0x080000c0   0x080000c0   0x00000000   Code   RO        10954  * .ARM.Collect$$$$00000000  mc_p.l(entry.o)
    0x080000c0   0x080000c0   0x00000004   Code   RO        11272    .ARM.Collect$$$$00000001  mc_p.l(entry2.o)
    0x080000c4   0x080000c4   0x00000004   Code   RO        11275    .ARM.Collect$$$$00000004  mc_p.l(entry5.o)
    0x080000c8   0x080000c8   0x00000000   Code   RO        11277    .ARM.Collect$$$$00000008  mc_p.l(entry7b.o)
    0x080000c8   0x080000c8   0x00000000   Code   RO        11279    .ARM.Collect$$$$0000000A  mc_p.l(entry8b.o)
    0x080000c8   0x080000c8   0x00000008   Code   RO        11280    .ARM.Collect$$$$0000000B  mc_p.l(entry9a.o)
    0x080000d0   0x080000d0   0x00000000   Code   RO        11282    .ARM.Collect$$$$0000000D  mc_p.l(entry10a.o)
    0x080000d0   0x080000d0   0x00000000   Code   RO        11284    .ARM.Collect$$$$0000000F  mc_p.l(entry11a.o)
    0x080000d0   0x080000d0   0x00000004   Code   RO        11273    .ARM.Collect$$$$00002712  mc_p.l(entry2.o)
    0x080000d4   0x080000d4   0x0000001c   Code   RO         6248    .text               startup_stm32l072xx.o
    0x080000f0   0x080000f0   0x0000002c   Code   RO        10957    .text               mc_p.l(uidiv.o)
    0x0800011c   0x0800011c   0x00000028   Code   RO        10959    .text               mc_p.l(idiv.o)
    0x08000144   0x08000144   0x00000060   Code   RO        10961    .text               mc_p.l(uldiv.o)
    0x080001a4   0x080001a4   0x00000024   Code   RO        10963    .text               mc_p.l(memcpya.o)
    0x080001c8   0x080001c8   0x00000024   Code   RO        10965    .text               mc_p.l(memseta.o)
    0x080001ec   0x080001ec   0x00000014   Code   RO        11232    .text               mc_p.l(uread4.o)
    0x08000200   0x08000200   0x000000b2   Code   RO        11234    .text               mf_p.l(fadd.o)
    0x080002b2   0x080002b2   0x0000007a   Code   RO        11236    .text               mf_p.l(fmul.o)
    0x0800032c   0x0800032c   0x0000007c   Code   RO        11238    .text               mf_p.l(fdiv.o)
    0x080003a8   0x080003a8   0x00000164   Code   RO        11240    .text               mf_p.l(dadd.o)
    0x0800050c   0x0800050c   0x000000d0   Code   RO        11242    .text               mf_p.l(dmul.o)
    0x080005dc   0x080005dc   0x000000f0   Code   RO        11244    .text               mf_p.l(ddiv.o)
    0x080006cc   0x080006cc   0x0000002c   Code   RO        11246    .text               mf_p.l(dscalb.o)
    0x080006f8   0x080006f8   0x0000000e   Code   RO        11250    .text               mf_p.l(ffltui.o)
    0x08000706   0x08000706   0x00000002   PAD
    0x08000708   0x08000708   0x00000028   Code   RO        11252    .text               mf_p.l(dflti.o)
    0x08000730   0x08000730   0x0000001c   Code   RO        11254    .text               mf_p.l(dfltui.o)
    0x0800074c   0x0800074c   0x00000032   Code   RO        11256    .text               mf_p.l(ffixi.o)
    0x0800077e   0x0800077e   0x00000028   Code   RO        11258    .text               mf_p.l(ffixui.o)
    0x080007a6   0x080007a6   0x00000002   PAD
    0x080007a8   0x080007a8   0x00000048   Code   RO        11260    .text               mf_p.l(dfixi.o)
    0x080007f0   0x080007f0   0x0000003c   Code   RO        11262    .text               mf_p.l(dfixui.o)
    0x0800082c   0x0800082c   0x00000028   Code   RO        11264    .text               mf_p.l(f2d.o)
    0x08000854   0x08000854   0x00000028   Code   RO        11266    .text               mf_p.l(cdrcmple.o)
    0x0800087c   0x0800087c   0x00000020   Code   RO        11289    .text               mc_p.l(llshl.o)
    0x0800089c   0x0800089c   0x00000022   Code   RO        11291    .text               mc_p.l(llushr.o)
    0x080008be   0x080008be   0x00000026   Code   RO        11293    .text               mc_p.l(llsshr.o)
    0x080008e4   0x080008e4   0x00000000   Code   RO        11295    .text               mc_p.l(iusefp.o)
    0x080008e4   0x080008e4   0x00000082   Code   RO        11296    .text               mf_p.l(fepilogue.o)
    0x08000966   0x08000966   0x000000be   Code   RO        11298    .text               mf_p.l(depilogue.o)
    0x08000a24   0x08000a24   0x0000007c   Code   RO        11302    .text               mf_p.l(drnd.o)
    0x08000aa0   0x08000aa0   0x00000040   Code   RO        11304    .text               mf_p.l(dfixul.o)
    0x08000ae0   0x08000ae0   0x00000028   Code   RO        11306    .text               mf_p.l(cdcmple.o)
    0x08000b08   0x08000b08   0x00000024   Code   RO        11308    .text               mc_p.l(init.o)
    0x08000b2c   0x08000b2c   0x00000052   Code   RO         3598    i.ADC_ConversionStop  stm32l0xx_hal_adc.o
    0x08000b7e   0x08000b7e   0x00000002   PAD
    0x08000b80   0x08000b80   0x00000024   Code   RO         3602    i.ADC_DelayMicroSecond  stm32l0xx_hal_adc.o
    0x08000ba4   0x08000ba4   0x00000060   Code   RO         3603    i.ADC_Disable       stm32l0xx_hal_adc.o
    0x08000c04   0x08000c04   0x00000064   Code   RO         3604    i.ADC_Enable        stm32l0xx_hal_adc.o
    0x08000c68   0x08000c68   0x0000013c   Code   RO        10794    i.AES_CMAC_Final    cmac.o
    0x08000da4   0x08000da4   0x00000020   Code   RO        10795    i.AES_CMAC_Init     cmac.o
    0x08000dc4   0x08000dc4   0x00000010   Code   RO        10796    i.AES_CMAC_SetKey   cmac.o
    0x08000dd4   0x08000dd4   0x000000be   Code   RO        10797    i.AES_CMAC_Update   cmac.o
    0x08000e92   0x08000e92   0x00000002   PAD
    0x08000e94   0x08000e94   0x00000044   Code   RO         7161    i.AckTimeoutRetriesProcess  loramac.o
    0x08000ed8   0x08000ed8   0x00000064   Code   RO         2832    i.BSP_LED_Init      b-l072z-lrwan1.o
    0x08000f3c   0x08000f3c   0x00000020   Code   RO         2833    i.BSP_LED_Off       b-l072z-lrwan1.o
    0x08000f5c   0x08000f5c   0x00000020   Code   RO         2834    i.BSP_LED_On        b-l072z-lrwan1.o
    0x08000f7c   0x08000f7c   0x00000002   Code   RO         6254    i.BSP_sensor_Init   bsp.o
    0x08000f7e   0x08000f7e   0x00000002   PAD
    0x08000f80   0x08000f80   0x0000001c   Code   RO         6255    i.BSP_sensor_Read   bsp.o
    0x08000f9c   0x08000f9c   0x000000b0   Code   RO         8213    i.CalcNextV10X      loramacadr.o
    0x0800104c   0x0800104c   0x00000078   Code   RO         7162    i.CalculateBackOff  loramac.o
    0x080010c4   0x080010c4   0x00000018   Code   RO         7163    i.CallNvmCtxCallback  loramac.o
    0x080010dc   0x080010dc   0x00000074   Code   RO        10835    i.ComputeCmac       soft-se.o
    0x08001150   0x08001150   0x0000009e   Code   RO         9410    i.CountNbOfEnabledChannels  regioneu868.o
    0x080011ee   0x080011ee   0x00000002   PAD
    0x080011f0   0x080011f0   0x00000060   Code   RO         6296    i.DBG_Init          debug.o
    0x08001250   0x08001250   0x00000008   Code   RO         6916    i.DMA1_Channel4_5_6_7_IRQHandler  mlm32l0xx_it.o
    0x08001258   0x08001258   0x0000002c   Code   RO         4361    i.DMA_SetConfig     stm32l0xx_hal_dma.o
    0x08001284   0x08001284   0x00000094   Code   RO         7558    i.DeriveSessionKey10x  loramaccrypto.o
    0x08001318   0x08001318   0x00000044   Code   RO         7164    i.DetermineFrameType  loramac.o
    0x0800135c   0x0800135c   0x00000002   Code   RO         7559    i.DummyCB           loramaccrypto.o
    0x0800135e   0x0800135e   0x00000002   Code   RO        10836    i.DummyCB           soft-se.o
    0x08001360   0x08001360   0x00000010   Code   RO         6918    i.EXTI0_1_IRQHandler  mlm32l0xx_it.o
    0x08001370   0x08001370   0x00000010   Code   RO         6919    i.EXTI2_3_IRQHandler  mlm32l0xx_it.o
    0x08001380   0x08001380   0x0000005c   Code   RO         6920    i.EXTI4_15_IRQHandler  mlm32l0xx_it.o
    0x080013dc   0x080013dc   0x00000018   Code   RO         6297    i.Error_Handler     debug.o
    0x080013f4   0x080013f4   0x0000000a   Code   RO         7165    i.EventClassBNvmCtxChanged  loramac.o
    0x080013fe   0x080013fe   0x0000000a   Code   RO         7166    i.EventCommandsNvmCtxChanged  loramac.o
    0x08001408   0x08001408   0x0000000a   Code   RO         7167    i.EventConfirmQueueNvmCtxChanged  loramac.o
    0x08001412   0x08001412   0x0000000a   Code   RO         7168    i.EventCryptoNvmCtxChanged  loramac.o
    0x0800141c   0x0800141c   0x0000000a   Code   RO         7169    i.EventSecureElementNvmCtxChanged  loramac.o
    0x08001426   0x08001426   0x00000002   PAD
    0x08001428   0x08001428   0x00000024   Code   RO         9411    i.GetBandwidth      regioneu868.o
    0x0800144c   0x0800144c   0x00000064   Code   RO         7170    i.GetCtxs           loramac.o
    0x080014b0   0x080014b0   0x0000001c   Code   RO         8039    i.GetElement        loramacconfirmqueue.o
    0x080014cc   0x080014cc   0x00000066   Code   RO         7171    i.GetFCntDown       loramac.o
    0x08001532   0x08001532   0x00000002   PAD
    0x08001534   0x08001534   0x0000002c   Code   RO         1709    i.GetFskBandwidthRegValue  sx1276.o
    0x08001560   0x08001560   0x00000028   Code   RO         7560    i.GetKeyAddrItem    loramaccrypto.o
    0x08001588   0x08001588   0x0000003c   Code   RO        10837    i.GetKeyByID        soft-se.o
    0x080015c4   0x080015c4   0x0000005c   Code   RO         7561    i.GetLastFcntDown   loramaccrypto.o
    0x08001620   0x08001620   0x00000034   Code   RO         7172    i.GetMaxAppPayloadWithoutFOptsLength  loramac.o
    0x08001654   0x08001654   0x000000aa   Code   RO         5678    i.HAL_ADCEx_Calibration_Start  stm32l0xx_hal_adc_ex.o
    0x080016fe   0x080016fe   0x00000002   PAD
    0x08001700   0x08001700   0x00000094   Code   RO         3606    i.HAL_ADC_ConfigChannel  stm32l0xx_hal_adc.o
    0x08001794   0x08001794   0x000000b4   Code   RO         3609    i.HAL_ADC_DeInit    stm32l0xx_hal_adc.o
    0x08001848   0x08001848   0x00000006   Code   RO         3613    i.HAL_ADC_GetValue  stm32l0xx_hal_adc.o
    0x0800184e   0x0800184e   0x00000002   PAD
    0x08001850   0x08001850   0x000001c8   Code   RO         3615    i.HAL_ADC_Init      stm32l0xx_hal_adc.o
    0x08001a18   0x08001a18   0x00000002   Code   RO         3617    i.HAL_ADC_MspDeInit  stm32l0xx_hal_adc.o
    0x08001a1a   0x08001a1a   0x00000002   Code   RO         3618    i.HAL_ADC_MspInit   stm32l0xx_hal_adc.o
    0x08001a1c   0x08001a1c   0x000000c0   Code   RO         3619    i.HAL_ADC_PollForConversion  stm32l0xx_hal_adc.o
    0x08001adc   0x08001adc   0x0000005c   Code   RO         3621    i.HAL_ADC_Start     stm32l0xx_hal_adc.o
    0x08001b38   0x08001b38   0x00000010   Code   RO         4001    i.HAL_DBGMCU_DisableDBGSleepMode  stm32l0xx_hal.o
    0x08001b48   0x08001b48   0x00000010   Code   RO         4002    i.HAL_DBGMCU_DisableDBGStandbyMode  stm32l0xx_hal.o
    0x08001b58   0x08001b58   0x00000010   Code   RO         4003    i.HAL_DBGMCU_DisableDBGStopMode  stm32l0xx_hal.o
    0x08001b68   0x08001b68   0x0000004c   Code   RO         4363    i.HAL_DMA_Abort_IT  stm32l0xx_hal_dma.o
    0x08001bb4   0x08001bb4   0x000000a8   Code   RO         4367    i.HAL_DMA_IRQHandler  stm32l0xx_hal_dma.o
    0x08001c5c   0x08001c5c   0x00000090   Code   RO         4368    i.HAL_DMA_Init      stm32l0xx_hal_dma.o
    0x08001cec   0x08001cec   0x00000068   Code   RO         4372    i.HAL_DMA_Start_IT  stm32l0xx_hal_dma.o
    0x08001d54   0x08001d54   0x0000000a   Code   RO         6749    i.HAL_Delay         mlm32l0xx_hal_msp.o
    0x08001d5e   0x08001d5e   0x00000008   Code   RO         6750    i.HAL_GPIO_EXTI_Callback  mlm32l0xx_hal_msp.o
    0x08001d66   0x08001d66   0x00000002   PAD
    0x08001d68   0x08001d68   0x00000018   Code   RO         4301    i.HAL_GPIO_EXTI_IRQHandler  stm32l0xx_hal_gpio.o
    0x08001d80   0x08001d80   0x00000184   Code   RO         4302    i.HAL_GPIO_Init     stm32l0xx_hal_gpio.o
    0x08001f04   0x08001f04   0x0000000c   Code   RO         4306    i.HAL_GPIO_WritePin  stm32l0xx_hal_gpio.o
    0x08001f10   0x08001f10   0x0000000c   Code   RO         4012    i.HAL_GetTick       stm32l0xx_hal.o
    0x08001f1c   0x08001f1c   0x00000010   Code   RO         4016    i.HAL_IncTick       stm32l0xx_hal.o
    0x08001f2c   0x08001f2c   0x00000028   Code   RO         4017    i.HAL_Init          stm32l0xx_hal.o
    0x08001f54   0x08001f54   0x00000004   Code   RO         6751    i.HAL_InitTick      mlm32l0xx_hal_msp.o
    0x08001f58   0x08001f58   0x00000030   Code   RO         6752    i.HAL_MspInit       mlm32l0xx_hal_msp.o
    0x08001f88   0x08001f88   0x00000018   Code   RO         4192    i.HAL_NVIC_EnableIRQ  stm32l0xx_hal_cortex.o
    0x08001fa0   0x08001fa0   0x00000008   Code   RO         4196    i.HAL_NVIC_SetPriority  stm32l0xx_hal_cortex.o
    0x08001fa8   0x08001fa8   0x00000010   Code   RO         4571    i.HAL_PWREx_EnableFastWakeUp  stm32l0xx_hal_pwr_ex.o
    0x08001fb8   0x08001fb8   0x00000010   Code   RO         4573    i.HAL_PWREx_EnableUltraLowPower  stm32l0xx_hal_pwr_ex.o
    0x08001fc8   0x08001fc8   0x00000010   Code   RO         4455    i.HAL_PWR_DisablePVD  stm32l0xx_hal_pwr.o
    0x08001fd8   0x08001fd8   0x00000030   Code   RO         4464    i.HAL_PWR_EnterSLEEPMode  stm32l0xx_hal_pwr.o
    0x08002008   0x08002008   0x00000034   Code   RO         4466    i.HAL_PWR_EnterSTOPMode  stm32l0xx_hal_pwr.o
    0x0800203c   0x0800203c   0x0000018c   Code   RO         3889    i.HAL_RCCEx_PeriphCLKConfig  stm32l0xx_hal_rcc_ex.o
    0x080021c8   0x080021c8   0x0000016c   Code   RO         3780    i.HAL_RCC_ClockConfig  stm32l0xx_hal_rcc.o
    0x08002334   0x08002334   0x00000020   Code   RO         3786    i.HAL_RCC_GetPCLK1Freq  stm32l0xx_hal_rcc.o
    0x08002354   0x08002354   0x00000020   Code   RO         3787    i.HAL_RCC_GetPCLK2Freq  stm32l0xx_hal_rcc.o
    0x08002374   0x08002374   0x00000078   Code   RO         3788    i.HAL_RCC_GetSysClockFreq  stm32l0xx_hal_rcc.o
    0x080023ec   0x080023ec   0x00000496   Code   RO         3791    i.HAL_RCC_OscConfig  stm32l0xx_hal_rcc.o
    0x08002882   0x08002882   0x0000000c   Code   RO         4758    i.HAL_RTCEx_BKUPRead  stm32l0xx_hal_rtc_ex.o
    0x0800288e   0x0800288e   0x0000000c   Code   RO         4759    i.HAL_RTCEx_BKUPWrite  stm32l0xx_hal_rtc_ex.o
    0x0800289a   0x0800289a   0x0000003c   Code   RO         4766    i.HAL_RTCEx_EnableBypassShadow  stm32l0xx_hal_rtc_ex.o
    0x080028d6   0x080028d6   0x00000008   Code   RO         6753    i.HAL_RTC_AlarmAEventCallback  mlm32l0xx_hal_msp.o
    0x080028de   0x080028de   0x000000b8   Code   RO         4627    i.HAL_RTC_DeactivateAlarm  stm32l0xx_hal_rtc.o
    0x08002996   0x08002996   0x00000044   Code   RO         4629    i.HAL_RTC_GetDate   stm32l0xx_hal_rtc.o
    0x080029da   0x080029da   0x00000002   PAD
    0x080029dc   0x080029dc   0x0000005c   Code   RO         4631    i.HAL_RTC_GetTime   stm32l0xx_hal_rtc.o
    0x08002a38   0x08002a38   0x000000bc   Code   RO         4632    i.HAL_RTC_Init      stm32l0xx_hal_rtc.o
    0x08002af4   0x08002af4   0x0000006c   Code   RO         6755    i.HAL_RTC_MspInit   mlm32l0xx_hal_msp.o
    0x08002b60   0x08002b60   0x00000190   Code   RO         4637    i.HAL_RTC_SetAlarm_IT  stm32l0xx_hal_rtc.o
    0x08002cf0   0x08002cf0   0x000000c4   Code   RO         4638    i.HAL_RTC_SetDate   stm32l0xx_hal_rtc.o
    0x08002db4   0x08002db4   0x000000e8   Code   RO         4639    i.HAL_RTC_SetTime   stm32l0xx_hal_rtc.o
    0x08002e9c   0x08002e9c   0x00000034   Code   RO         4640    i.HAL_RTC_WaitForSynchro  stm32l0xx_hal_rtc.o
    0x08002ed0   0x08002ed0   0x00000080   Code   RO         2939    i.HAL_SPI_Init      stm32l0xx_hal_spi.o
    0x08002f50   0x08002f50   0x00000002   Code   RO         2941    i.HAL_SPI_MspInit   stm32l0xx_hal_spi.o
    0x08002f52   0x08002f52   0x000001f0   Code   RO         2948    i.HAL_SPI_TransmitReceive  stm32l0xx_hal_spi.o
    0x08003142   0x08003142   0x00000002   Code   RO         5739    i.HAL_UARTEx_WakeupCallback  stm32l0xx_hal_uart_ex.o
    0x08003144   0x08003144   0x00000002   Code   RO         3268    i.HAL_UART_ErrorCallback  stm32l0xx_hal_uart.o
    0x08003146   0x08003146   0x00000002   PAD
    0x08003148   0x08003148   0x0000013c   Code   RO         3271    i.HAL_UART_IRQHandler  stm32l0xx_hal_uart.o
    0x08003284   0x08003284   0x0000006a   Code   RO         3272    i.HAL_UART_Init     stm32l0xx_hal_uart.o
    0x080032ee   0x080032ee   0x00000002   PAD
    0x080032f0   0x080032f0   0x0000009c   Code   RO         6673    i.HAL_UART_MspInit  vcom.o
    0x0800338c   0x0800338c   0x000000ac   Code   RO         3281    i.HAL_UART_Transmit_DMA  stm32l0xx_hal_uart.o
    0x08003438   0x08003438   0x0000000c   Code   RO         6674    i.HAL_UART_TxCpltCallback  vcom.o
    0x08003444   0x08003444   0x00000002   Code   RO         3284    i.HAL_UART_TxHalfCpltCallback  stm32l0xx_hal_uart.o
    0x08003446   0x08003446   0x00000002   PAD
    0x08003448   0x08003448   0x00000018   Code   RO         6811    i.HW_AdcDeInit      mlm32l0xx_hw.o
    0x08003460   0x08003460   0x00000060   Code   RO         6812    i.HW_AdcInit        mlm32l0xx_hw.o
    0x080034c0   0x080034c0   0x000000a0   Code   RO         6813    i.HW_AdcReadChannel  mlm32l0xx_hw.o
    0x08003560   0x08003560   0x00000038   Code   RO         6322    i.HW_GPIO_GetBitPos  hw_gpio.o
    0x08003598   0x08003598   0x00000054   Code   RO         6323    i.HW_GPIO_Init      hw_gpio.o
    0x080035ec   0x080035ec   0x0000001c   Code   RO         6324    i.HW_GPIO_IrqHandler  hw_gpio.o
    0x08003608   0x08003608   0x0000003c   Code   RO         6326    i.HW_GPIO_SetIrq    hw_gpio.o
    0x08003644   0x08003644   0x0000000a   Code   RO         6327    i.HW_GPIO_Write     hw_gpio.o
    0x0800364e   0x0800364e   0x00000002   PAD
    0x08003650   0x08003650   0x00000028   Code   RO         6815    i.HW_GetBatteryLevel  mlm32l0xx_hw.o
    0x08003678   0x08003678   0x00000014   Code   RO         6816    i.HW_GetRandomSeed  mlm32l0xx_hw.o
    0x0800368c   0x0800368c   0x00000058   Code   RO         6817    i.HW_GetTemperatureLevel  mlm32l0xx_hw.o
    0x080036e4   0x080036e4   0x00000044   Code   RO         6818    i.HW_GetUniqueId    mlm32l0xx_hw.o
    0x08003728   0x08003728   0x000000b0   Code   RO         6819    i.HW_GpioInit       mlm32l0xx_hw.o
    0x080037d8   0x080037d8   0x0000004c   Code   RO         6820    i.HW_Init           mlm32l0xx_hw.o
    0x08003824   0x08003824   0x00000020   Code   RO         6373    i.HW_RTC_BKUPRead   hw_rtc.o
    0x08003844   0x08003844   0x00000020   Code   RO         6374    i.HW_RTC_BKUPWrite  hw_rtc.o
    0x08003864   0x08003864   0x00000026   Code   RO         6375    i.HW_RTC_DelayMs    hw_rtc.o
    0x0800388a   0x0800388a   0x00000024   Code   RO         6376    i.HW_RTC_GetCalendarTime  hw_rtc.o
    0x080038ae   0x080038ae   0x00000002   PAD
    0x080038b0   0x080038b0   0x000000b4   Code   RO         6377    i.HW_RTC_GetCalendarValue  hw_rtc.o
    0x08003964   0x08003964   0x00000004   Code   RO         6378    i.HW_RTC_GetMinimumTimeout  hw_rtc.o
    0x08003968   0x08003968   0x0000000c   Code   RO         6379    i.HW_RTC_GetTimerContext  hw_rtc.o
    0x08003974   0x08003974   0x0000001c   Code   RO         6380    i.HW_RTC_GetTimerElapsedTime  hw_rtc.o
    0x08003990   0x08003990   0x00000010   Code   RO         6381    i.HW_RTC_GetTimerValue  hw_rtc.o
    0x080039a0   0x080039a0   0x0000002c   Code   RO         6382    i.HW_RTC_Init       hw_rtc.o
    0x080039cc   0x080039cc   0x00000040   Code   RO         6383    i.HW_RTC_IrqHandler  hw_rtc.o
    0x08003a0c   0x08003a0c   0x0000003c   Code   RO         6384    i.HW_RTC_SetAlarm   hw_rtc.o
    0x08003a48   0x08003a48   0x00000060   Code   RO         6385    i.HW_RTC_SetConfig  hw_rtc.o
    0x08003aa8   0x08003aa8   0x00000018   Code   RO         6386    i.HW_RTC_SetTimerContext  hw_rtc.o
    0x08003ac0   0x08003ac0   0x00000118   Code   RO         6387    i.HW_RTC_StartWakeUpAlarm  hw_rtc.o
    0x08003bd8   0x08003bd8   0x0000002c   Code   RO         6388    i.HW_RTC_StopAlarm  hw_rtc.o
    0x08003c04   0x08003c04   0x00000014   Code   RO         6389    i.HW_RTC_Tick2ms    hw_rtc.o
    0x08003c18   0x08003c18   0x00000010   Code   RO         6391    i.HW_RTC_ms2Tick    hw_rtc.o
    0x08003c28   0x08003c28   0x00000020   Code   RO         6533    i.HW_SPI_InOut      hw_spi.o
    0x08003c48   0x08003c48   0x00000084   Code   RO         6534    i.HW_SPI_Init       hw_spi.o
    0x08003ccc   0x08003ccc   0x00000060   Code   RO         6536    i.HW_SPI_IoInit     hw_spi.o
    0x08003d2c   0x08003d2c   0x000000c8   Code   RO         7173    i.HandleRadioRxErrorTimeout  loramac.o
    0x08003df4   0x08003df4   0x00000004   Code   RO         6921    i.HardFault_Handler  mlm32l0xx_it.o
    0x08003df8   0x08003df8   0x00000018   Code   RO         8040    i.IncreaseBufferPointer  loramacconfirmqueue.o
    0x08003e10   0x08003e10   0x00000014   Code   RO         7946    i.IsSticky          loramaccommands.o
    0x08003e24   0x08003e24   0x00000044   Code   RO         6578    i.LORA_ConfirmClass  main.o
    0x08003e68   0x08003e68   0x00000034   Code   RO         6579    i.LORA_GetBatteryLevel  main.o
    0x08003e9c   0x08003e9c   0x0000001c   Code   RO         6580    i.LORA_HasJoined    main.o
    0x08003eb8   0x08003eb8   0x000001f8   Code   RO         7023    i.LORA_Init         lora.o
    0x080040b0   0x080040b0   0x00000020   Code   RO         7024    i.LORA_Join         lora.o
    0x080040d0   0x080040d0   0x0000001c   Code   RO         7025    i.LORA_JoinStatus   lora.o
    0x080040ec   0x080040ec   0x0000007c   Code   RO         7026    i.LORA_RequestClass  lora.o
    0x08004168   0x08004168   0x000000b4   Code   RO         6581    i.LORA_RxData       main.o
    0x0800421c   0x0800421c   0x00000018   Code   RO         6582    i.LORA_TxNeeded     main.o
    0x08004234   0x08004234   0x00000080   Code   RO         7027    i.LORA_send         lora.o
    0x080042b4   0x080042b4   0x00000034   Code   RO        10310    i.LPM_EnterLowPower  low_power_manager.o
    0x080042e8   0x080042e8   0x00000002   Code   RO        10311    i.LPM_EnterOffMode  low_power_manager.o
    0x080042ea   0x080042ea   0x0000000c   Code   RO         6821    i.LPM_EnterSleepMode  mlm32l0xx_hw.o
    0x080042f6   0x080042f6   0x00000002   PAD
    0x080042f8   0x080042f8   0x0000007c   Code   RO         6822    i.LPM_EnterStopMode  mlm32l0xx_hw.o
    0x08004374   0x08004374   0x00000002   Code   RO        10314    i.LPM_ExitOffMode   low_power_manager.o
    0x08004376   0x08004376   0x00000002   Code   RO        10315    i.LPM_ExitSleepMode  low_power_manager.o
    0x08004378   0x08004378   0x00000058   Code   RO         6823    i.LPM_ExitStopMode  mlm32l0xx_hw.o
    0x080043d0   0x080043d0   0x00000028   Code   RO        10317    i.LPM_GetMode       low_power_manager.o
    0x080043f8   0x080043f8   0x00000028   Code   RO        10318    i.LPM_SetOffMode    low_power_manager.o
    0x08004420   0x08004420   0x00000028   Code   RO        10319    i.LPM_SetStopMode   low_power_manager.o
    0x08004448   0x08004448   0x00000008   Code   RO         9412    i.LimitTxPower      regioneu868.o
    0x08004450   0x08004450   0x00000012   Code   RO         8214    i.LoRaMacAdrCalcNext  loramacadr.o
    0x08004462   0x08004462   0x00000004   Code   RO         7731    i.LoRaMacClassBBeaconFreqReq  loramacclassb.o
    0x08004466   0x08004466   0x00000002   Code   RO         7732    i.LoRaMacClassBBeaconTimerEvent  loramacclassb.o
    0x08004468   0x08004468   0x00000002   Code   RO         7733    i.LoRaMacClassBBeaconTimingAns  loramacclassb.o
    0x0800446a   0x0800446a   0x00000002   Code   RO         7734    i.LoRaMacClassBDeviceTimeAns  loramacclassb.o
    0x0800446c   0x0800446c   0x00000008   Code   RO         7735    i.LoRaMacClassBGetNvmCtx  loramacclassb.o
    0x08004474   0x08004474   0x00000002   Code   RO         7736    i.LoRaMacClassBHaltBeaconing  loramacclassb.o
    0x08004476   0x08004476   0x00000002   Code   RO         7737    i.LoRaMacClassBInit  loramacclassb.o
    0x08004478   0x08004478   0x00000004   Code   RO         7738    i.LoRaMacClassBIsAcquisitionInProgress  loramacclassb.o
    0x0800447c   0x0800447c   0x00000004   Code   RO         7740    i.LoRaMacClassBIsBeaconExpected  loramacclassb.o
    0x08004480   0x08004480   0x00000004   Code   RO         7741    i.LoRaMacClassBIsBeaconModeActive  loramacclassb.o
    0x08004484   0x08004484   0x00000004   Code   RO         7742    i.LoRaMacClassBIsMulticastExpected  loramacclassb.o
    0x08004488   0x08004488   0x00000004   Code   RO         7743    i.LoRaMacClassBIsPingExpected  loramacclassb.o
    0x0800448c   0x0800448c   0x00000004   Code   RO         7744    i.LoRaMacClassBIsUplinkCollision  loramacclassb.o
    0x08004490   0x08004490   0x00000004   Code   RO         7745    i.LoRaMacClassBMibGetRequestConfirm  loramacclassb.o
    0x08004494   0x08004494   0x00000002   Code   RO         7746    i.LoRaMacClassBMulticastSlotTimerEvent  loramacclassb.o
    0x08004496   0x08004496   0x00000004   Code   RO         7747    i.LoRaMacClassBPingSlotChannelReq  loramacclassb.o
    0x0800449a   0x0800449a   0x00000002   Code   RO         7748    i.LoRaMacClassBPingSlotInfoAns  loramacclassb.o
    0x0800449c   0x0800449c   0x00000002   Code   RO         7749    i.LoRaMacClassBPingSlotTimerEvent  loramacclassb.o
    0x0800449e   0x0800449e   0x00000002   Code   RO         7750    i.LoRaMacClassBProcess  loramacclassb.o
    0x080044a0   0x080044a0   0x00000004   Code   RO         7751    i.LoRaMacClassBRestoreNvmCtx  loramacclassb.o
    0x080044a4   0x080044a4   0x00000002   Code   RO         7752    i.LoRaMacClassBResumeBeaconing  loramacclassb.o
    0x080044a6   0x080044a6   0x00000004   Code   RO         7753    i.LoRaMacClassBRxBeacon  loramacclassb.o
    0x080044aa   0x080044aa   0x00000002   Code   RO         7754    i.LoRaMacClassBSetBeaconState  loramacclassb.o
    0x080044ac   0x080044ac   0x00000002   Code   RO         7756    i.LoRaMacClassBSetMulticastSlotState  loramacclassb.o
    0x080044ae   0x080044ae   0x00000002   Code   RO         7757    i.LoRaMacClassBSetPingSlotInfo  loramacclassb.o
    0x080044b0   0x080044b0   0x00000002   Code   RO         7758    i.LoRaMacClassBSetPingSlotState  loramacclassb.o
    0x080044b2   0x080044b2   0x00000002   Code   RO         7760    i.LoRaMacClassBStopRxSlots  loramacclassb.o
    0x080044b4   0x080044b4   0x00000004   Code   RO         7761    i.LoRaMacClassBSwitchClass  loramacclassb.o
    0x080044b8   0x080044b8   0x00000090   Code   RO         7947    i.LoRaMacCommandsAddCmd  loramaccommands.o
    0x08004548   0x08004548   0x0000000c   Code   RO         7949    i.LoRaMacCommandsGetNvmCtx  loramaccommands.o
    0x08004554   0x08004554   0x00000018   Code   RO         7950    i.LoRaMacCommandsGetSizeSerializedCmds  loramaccommands.o
    0x0800456c   0x0800456c   0x00000028   Code   RO         7951    i.LoRaMacCommandsInit  loramaccommands.o
    0x08004594   0x08004594   0x0000007c   Code   RO         7952    i.LoRaMacCommandsRemoveCmd  loramaccommands.o
    0x08004610   0x08004610   0x00000028   Code   RO         7953    i.LoRaMacCommandsRemoveNoneStickyCmds  loramaccommands.o
    0x08004638   0x08004638   0x0000002c   Code   RO         7954    i.LoRaMacCommandsRemoveStickyAnsCmds  loramaccommands.o
    0x08004664   0x08004664   0x0000001c   Code   RO         7955    i.LoRaMacCommandsRestoreNvmCtx  loramaccommands.o
    0x08004680   0x08004680   0x0000004c   Code   RO         7956    i.LoRaMacCommandsSerializeCmds  loramaccommands.o
    0x080046cc   0x080046cc   0x0000002c   Code   RO         7957    i.LoRaMacCommandsStickyCmdsPending  loramaccommands.o
    0x080046f8   0x080046f8   0x00000038   Code   RO         8041    i.LoRaMacConfirmQueueAdd  loramacconfirmqueue.o
    0x08004730   0x08004730   0x0000000c   Code   RO         8042    i.LoRaMacConfirmQueueGetCnt  loramacconfirmqueue.o
    0x0800473c   0x0800473c   0x0000000c   Code   RO         8043    i.LoRaMacConfirmQueueGetNvmCtx  loramacconfirmqueue.o
    0x08004748   0x08004748   0x00000024   Code   RO         8044    i.LoRaMacConfirmQueueGetStatus  loramacconfirmqueue.o
    0x0800476c   0x0800476c   0x00000054   Code   RO         8046    i.LoRaMacConfirmQueueHandleCb  loramacconfirmqueue.o
    0x080047c0   0x080047c0   0x0000002c   Code   RO         8047    i.LoRaMacConfirmQueueInit  loramacconfirmqueue.o
    0x080047ec   0x080047ec   0x00000018   Code   RO         8048    i.LoRaMacConfirmQueueIsCmdActive  loramacconfirmqueue.o
    0x08004804   0x08004804   0x00000018   Code   RO         8049    i.LoRaMacConfirmQueueIsFull  loramacconfirmqueue.o
    0x0800481c   0x0800481c   0x00000020   Code   RO         8050    i.LoRaMacConfirmQueueRemoveFirst  loramacconfirmqueue.o
    0x0800483c   0x0800483c   0x00000018   Code   RO         8052    i.LoRaMacConfirmQueueRestoreNvmCtx  loramacconfirmqueue.o
    0x08004854   0x08004854   0x0000002c   Code   RO         8053    i.LoRaMacConfirmQueueSetStatus  loramacconfirmqueue.o
    0x08004880   0x08004880   0x00000030   Code   RO         8054    i.LoRaMacConfirmQueueSetStatusCmn  loramacconfirmqueue.o
    0x080048b0   0x080048b0   0x00000048   Code   RO         7562    i.LoRaMacCryptoDeriveMcKEKey  loramaccrypto.o
    0x080048f8   0x080048f8   0x00000068   Code   RO         7563    i.LoRaMacCryptoDeriveMcRootKey  loramaccrypto.o
    0x08004960   0x08004960   0x00000074   Code   RO         7565    i.LoRaMacCryptoGetFCntDown  loramaccrypto.o
    0x080049d4   0x080049d4   0x0000001c   Code   RO         7566    i.LoRaMacCryptoGetFCntUp  loramaccrypto.o
    0x080049f0   0x080049f0   0x0000000c   Code   RO         7567    i.LoRaMacCryptoGetNvmCtx  loramaccrypto.o
    0x080049fc   0x080049fc   0x00000170   Code   RO         7568    i.LoRaMacCryptoHandleJoinAccept  loramaccrypto.o
    0x08004b6c   0x08004b6c   0x0000003c   Code   RO         7569    i.LoRaMacCryptoInit  loramaccrypto.o
    0x08004ba8   0x08004ba8   0x00000060   Code   RO         7570    i.LoRaMacCryptoPrepareJoinRequest  loramaccrypto.o
    0x08004c08   0x08004c08   0x0000001c   Code   RO         7573    i.LoRaMacCryptoRestoreNvmCtx  loramaccrypto.o
    0x08004c24   0x08004c24   0x000000c0   Code   RO         7574    i.LoRaMacCryptoSecureMessage  loramaccrypto.o
    0x08004ce4   0x08004ce4   0x00000030   Code   RO         7575    i.LoRaMacCryptoSetKey  loramaccrypto.o
    0x08004d14   0x08004d14   0x00000010   Code   RO         7576    i.LoRaMacCryptoSetLrWanVersion  loramaccrypto.o
    0x08004d24   0x08004d24   0x00000028   Code   RO         7577    i.LoRaMacCryptoSetMulticastReference  loramaccrypto.o
    0x08004d4c   0x08004d4c   0x000000c0   Code   RO         7578    i.LoRaMacCryptoUnsecureMessage  loramaccrypto.o
    0x08004e0c   0x08004e0c   0x00000064   Code   RO         7176    i.LoRaMacHandleIndicationEvents  loramac.o
    0x08004e70   0x08004e70   0x00000088   Code   RO         7177    i.LoRaMacHandleIrqEvents  loramac.o
    0x08004ef8   0x08004ef8   0x000000e4   Code   RO         7178    i.LoRaMacHandleMcpsRequest  loramac.o
    0x08004fdc   0x08004fdc   0x00000050   Code   RO         7179    i.LoRaMacHandleMlmeRequest  loramac.o
    0x0800502c   0x0800502c   0x00000070   Code   RO         7180    i.LoRaMacHandleRequestEvents  loramac.o
    0x0800509c   0x0800509c   0x000003c8   Code   RO         7181    i.LoRaMacInitialization  loramac.o
    0x08005464   0x08005464   0x00000020   Code   RO         7182    i.LoRaMacIsBusy     loramac.o
    0x08005484   0x08005484   0x00000148   Code   RO         7187    i.LoRaMacMcpsRequest  loramac.o
    0x080055cc   0x080055cc   0x00000004   Code   RO         7762    i.LoRaMacMibClassBSetRequestConfirm  loramacclassb.o
    0x080055d0   0x080055d0   0x00000114   Code   RO         7188    i.LoRaMacMibGetRequestConfirm  loramac.o
    0x080056e4   0x080056e4   0x000003e0   Code   RO         7189    i.LoRaMacMibSetRequestConfirm  loramac.o
    0x08005ac4   0x08005ac4   0x00000168   Code   RO         7190    i.LoRaMacMlmeRequest  loramac.o
    0x08005c2c   0x08005c2c   0x000000aa   Code   RO         8149    i.LoRaMacParserData  loramacparser.o
    0x08005cd6   0x08005cd6   0x0000009c   Code   RO         8150    i.LoRaMacParserJoinAccept  loramacparser.o
    0x08005d72   0x08005d72   0x00000002   PAD
    0x08005d74   0x08005d74   0x0000009c   Code   RO         7191    i.LoRaMacProcess    loramac.o
    0x08005e10   0x08005e10   0x000000b0   Code   RO         7192    i.LoRaMacQueryTxPossible  loramac.o
    0x08005ec0   0x08005ec0   0x000000cc   Code   RO         8175    i.LoRaMacSerializerData  loramacserializer.o
    0x08005f8c   0x08005f8c   0x0000006c   Code   RO         8176    i.LoRaMacSerializerJoinRequest  loramacserializer.o
    0x08005ff8   0x08005ff8   0x0000000c   Code   RO         7193    i.LoRaMacStart      loramac.o
    0x08006004   0x08006004   0x00000028   Code   RO         7195    i.LoRaMacTestSetDutyCycleOn  loramac.o
    0x0800602c   0x0800602c   0x0000000c   Code   RO         6583    i.LoraMacProcessNotify  main.o
    0x08006038   0x08006038   0x00000030   Code   RO         6756    i.MSP_GetIRQn       mlm32l0xx_hal_msp.o
    0x08006068   0x08006068   0x00000028   Code   RO         7028    i.McpsConfirm       lora.o
    0x08006090   0x08006090   0x00000068   Code   RO         7029    i.McpsIndication    lora.o
    0x080060f8   0x080060f8   0x00000040   Code   RO         7030    i.MlmeConfirm       lora.o
    0x08006138   0x08006138   0x00000014   Code   RO         7031    i.MlmeIndication    lora.o
    0x0800614c   0x0800614c   0x00000002   Code   RO         6923    i.NMI_Handler       mlm32l0xx_it.o
    0x0800614e   0x0800614e   0x00000002   PAD
    0x08006150   0x08006150   0x00000010   Code   RO         7958    i.NvmCtxCallback    loramaccommands.o
    0x08006160   0x08006160   0x00000044   Code   RO         7196    i.OnAckTimeoutTimerEvent  loramac.o
    0x080061a4   0x080061a4   0x00000008   Code   RO         7110    i.OnCertifTxNextPacketTimerEvent  lora-test.o
    0x080061ac   0x080061ac   0x00000078   Code   RO         7197    i.OnRadioRxDone     loramac.o
    0x08006224   0x08006224   0x00000024   Code   RO         7198    i.OnRadioRxError    loramac.o
    0x08006248   0x08006248   0x0000005c   Code   RO         7199    i.OnRadioRxTimeout  loramac.o
    0x080062a4   0x080062a4   0x00000078   Code   RO         7200    i.OnRadioTxDone     loramac.o
    0x0800631c   0x0800631c   0x0000005c   Code   RO         7201    i.OnRadioTxTimeout  loramac.o
    0x08006378   0x08006378   0x00000040   Code   RO         7202    i.OnRxWindow1TimerEvent  loramac.o
    0x080063b8   0x080063b8   0x00000048   Code   RO         7203    i.OnRxWindow2TimerEvent  loramac.o
    0x08006400   0x08006400   0x0000000a   Code   RO         6584    i.OnTimerLedEvent   main.o
    0x0800640a   0x0800640a   0x00000002   PAD
    0x0800640c   0x0800640c   0x00000054   Code   RO         7204    i.OnTxDelayedTimerEvent  loramac.o
    0x08006460   0x08006460   0x00000018   Code   RO         6585    i.OnTxTimerEvent    main.o
    0x08006478   0x08006478   0x00000038   Code   RO         7205    i.OpenContinuousRxCWindow  loramac.o
    0x080064b0   0x080064b0   0x00000096   Code   RO         7579    i.PayloadEncrypt    loramaccrypto.o
    0x08006546   0x08006546   0x00000002   Code   RO         6924    i.PendSV_Handler    mlm32l0xx_it.o
    0x08006548   0x08006548   0x00000060   Code   RO         7580    i.PrepareB0         loramaccrypto.o
    0x080065a8   0x080065a8   0x0000015c   Code   RO         7206    i.PrepareFrame      loramac.o
    0x08006704   0x08006704   0x00000034   Code   RO         7207    i.PrepareRxDoneAbort  loramac.o
    0x08006738   0x08006738   0x000004fc   Code   RO         7208    i.ProcessMacCommands  loramac.o
    0x08006c34   0x08006c34   0x000004ec   Code   RO         7209    i.ProcessRadioRxDone  loramac.o
    0x08007120   0x08007120   0x000000cc   Code   RO         7210    i.ProcessRadioTxDone  loramac.o
    0x080071ec   0x080071ec   0x00000010   Code   RO         4641    i.RTC_Bcd2ToByte    stm32l0xx_hal_rtc.o
    0x080071fc   0x080071fc   0x00000018   Code   RO         4642    i.RTC_ByteToBcd2    stm32l0xx_hal_rtc.o
    0x08007214   0x08007214   0x00000038   Code   RO         4643    i.RTC_EnterInitMode  stm32l0xx_hal_rtc.o
    0x0800724c   0x0800724c   0x00000008   Code   RO         6925    i.RTC_IRQHandler    mlm32l0xx_it.o
    0x08007254   0x08007254   0x00000016   Code   RO         8241    i.RegionAlternateDr  region.o
    0x0800726a   0x0800726a   0x0000000e   Code   RO         8242    i.RegionApplyCFList  region.o
    0x08007278   0x08007278   0x0000001a   Code   RO         8243    i.RegionApplyDrOffset  region.o
    0x08007292   0x08007292   0x0000000e   Code   RO         8244    i.RegionCalcBackOff  region.o
    0x080072a0   0x080072a0   0x00000012   Code   RO         8245    i.RegionChanMaskSet  region.o
    0x080072b2   0x080072b2   0x0000005c   Code   RO         9123    i.RegionCommonCalcBackOff  regioncommon.o
    0x0800730e   0x0800730e   0x00000026   Code   RO         9124    i.RegionCommonChanDisable  regioncommon.o
    0x08007334   0x08007334   0x0000001e   Code   RO         9125    i.RegionCommonChanMaskCopy  regioncommon.o
    0x08007352   0x08007352   0x00000060   Code   RO         9126    i.RegionCommonChanVerifyDr  regioncommon.o
    0x080073b2   0x080073b2   0x00000090   Code   RO         9127    i.RegionCommonComputeRxWindowParameters  regioncommon.o
    0x08007442   0x08007442   0x00000002   PAD
    0x08007444   0x08007444   0x00000018   Code   RO         9128    i.RegionCommonComputeSymbolTimeFsk  regioncommon.o
    0x0800745c   0x0800745c   0x0000002c   Code   RO         9129    i.RegionCommonComputeSymbolTimeLoRa  regioncommon.o
    0x08007488   0x08007488   0x00000028   Code   RO         9130    i.RegionCommonComputeTxPower  regioncommon.o
    0x080074b0   0x080074b0   0x00000044   Code   RO         9131    i.RegionCommonCountChannels  regioncommon.o
    0x080074f4   0x080074f4   0x00000028   Code   RO         9132    i.RegionCommonGetJoinDc  regioncommon.o
    0x0800751c   0x0800751c   0x0000008e   Code   RO         9133    i.RegionCommonLinkAdrReqVerifyParams  regioncommon.o
    0x080075aa   0x080075aa   0x00000036   Code   RO         9134    i.RegionCommonParseLinkAdrReq  regioncommon.o
    0x080075e0   0x080075e0   0x0000000a   Code   RO         9136    i.RegionCommonSetBandTxDone  regioncommon.o
    0x080075ea   0x080075ea   0x00000090   Code   RO         9137    i.RegionCommonUpdateBandTimeOff  regioncommon.o
    0x0800767a   0x0800767a   0x00000010   Code   RO         9138    i.RegionCommonValueInRange  regioncommon.o
    0x0800768a   0x0800768a   0x0000001a   Code   RO         8248    i.RegionComputeRxWindowParameters  region.o
    0x080076a4   0x080076a4   0x00000012   Code   RO         8249    i.RegionDlChannelReq  region.o
    0x080076b6   0x080076b6   0x00000002   Code   RO         9413    i.RegionEU868AlternateDr  regioneu868.o
    0x080076b8   0x080076b8   0x0000007c   Code   RO         9414    i.RegionEU868ApplyCFList  regioneu868.o
    0x08007734   0x08007734   0x0000000e   Code   RO         9415    i.RegionEU868ApplyDrOffset  regioneu868.o
    0x08007742   0x08007742   0x00000002   PAD
    0x08007744   0x08007744   0x00000034   Code   RO         9416    i.RegionEU868CalcBackOff  regioneu868.o
    0x08007778   0x08007778   0x0000002c   Code   RO         9417    i.RegionEU868ChanMaskSet  regioneu868.o
    0x080077a4   0x080077a4   0x000000b0   Code   RO         9418    i.RegionEU868ChannelAdd  regioneu868.o
    0x08007854   0x08007854   0x00000030   Code   RO         9419    i.RegionEU868ChannelsRemove  regioneu868.o
    0x08007884   0x08007884   0x00000064   Code   RO         9420    i.RegionEU868ComputeRxWindowParameters  regioneu868.o
    0x080078e8   0x080078e8   0x0000003c   Code   RO         9421    i.RegionEU868DlChannelReq  regioneu868.o
    0x08007924   0x08007924   0x00000010   Code   RO         9422    i.RegionEU868GetNvmCtx  regioneu868.o
    0x08007934   0x08007934   0x00000100   Code   RO         9423    i.RegionEU868GetPhyParam  regioneu868.o
    0x08007a34   0x08007a34   0x0000009c   Code   RO         9424    i.RegionEU868InitDefaults  regioneu868.o
    0x08007ad0   0x08007ad0   0x00000130   Code   RO         9425    i.RegionEU868LinkAdrReq  regioneu868.o
    0x08007c00   0x08007c00   0x00000048   Code   RO         9426    i.RegionEU868NewChannelReq  regioneu868.o
    0x08007c48   0x08007c48   0x000000c0   Code   RO         9427    i.RegionEU868NextChannel  regioneu868.o
    0x08007d08   0x08007d08   0x000000e0   Code   RO         9429    i.RegionEU868RxConfig  regioneu868.o
    0x08007de8   0x08007de8   0x00000044   Code   RO         9430    i.RegionEU868RxParamSetupReq  regioneu868.o
    0x08007e2c   0x08007e2c   0x00000024   Code   RO         9431    i.RegionEU868SetBandTxDone  regioneu868.o
    0x08007e50   0x08007e50   0x00000050   Code   RO         9432    i.RegionEU868SetContinuousWave  regioneu868.o
    0x08007ea0   0x08007ea0   0x000000dc   Code   RO         9433    i.RegionEU868TxConfig  regioneu868.o
    0x08007f7c   0x08007f7c   0x00000006   Code   RO         9434    i.RegionEU868TxParamSetupReq  regioneu868.o
    0x08007f82   0x08007f82   0x00000054   Code   RO         9435    i.RegionEU868Verify  regioneu868.o
    0x08007fd6   0x08007fd6   0x00000012   Code   RO         8250    i.RegionGetNvmCtx   region.o
    0x08007fe8   0x08007fe8   0x00000014   Code   RO         8251    i.RegionGetPhyParam  region.o
    0x08007ffc   0x08007ffc   0x0000000e   Code   RO         8252    i.RegionInitDefaults  region.o
    0x0800800a   0x0800800a   0x0000000c   Code   RO         8253    i.RegionIsActive    region.o
    0x08008016   0x08008016   0x00000022   Code   RO         8254    i.RegionLinkAdrReq  region.o
    0x08008038   0x08008038   0x00000012   Code   RO         8255    i.RegionNewChannelReq  region.o
    0x0800804a   0x0800804a   0x0000001e   Code   RO         8256    i.RegionNextChannel  region.o
    0x08008068   0x08008068   0x00000016   Code   RO         8258    i.RegionRxConfig    region.o
    0x0800807e   0x0800807e   0x00000012   Code   RO         8259    i.RegionRxParamSetupReq  region.o
    0x08008090   0x08008090   0x0000000e   Code   RO         8260    i.RegionSetBandTxDone  region.o
    0x0800809e   0x0800809e   0x0000000e   Code   RO         8261    i.RegionSetContinuousWave  region.o
    0x080080ac   0x080080ac   0x0000001a   Code   RO         8262    i.RegionTxConfig    region.o
    0x080080c6   0x080080c6   0x00000012   Code   RO         8263    i.RegionTxParamSetupReq  region.o
    0x080080d8   0x080080d8   0x00000016   Code   RO         8264    i.RegionVerify      region.o
    0x080080ee   0x080080ee   0x00000002   PAD
    0x080080f0   0x080080f0   0x00000028   Code   RO         7581    i.ResetFCnts        loramaccrypto.o
    0x08008118   0x08008118   0x000000e8   Code   RO         7211    i.ResetMacParameters  loramac.o
    0x08008200   0x08008200   0x0000008c   Code   RO         7212    i.RestoreCtxs       loramac.o
    0x0800828c   0x0800828c   0x00000094   Code   RO         1710    i.RxChainCalibration  sx1276.o
    0x08008320   0x08008320   0x0000003c   Code   RO         7213    i.RxWindowSetup     loramac.o
    0x0800835c   0x0800835c   0x00000042   Code   RO         2977    i.SPI_EndRxTxTransaction  stm32l0xx_hal_spi.o
    0x0800839e   0x0800839e   0x0000008c   Code   RO         2982    i.SPI_WaitFlagStateUntilTimeout  stm32l0xx_hal_spi.o
    0x0800842a   0x0800842a   0x00000002   Code   RO         6926    i.SVC_Handler       mlm32l0xx_it.o
    0x0800842c   0x0800842c   0x0000000c   Code   RO         1711    i.SX1276BoardInit   sx1276.o
    0x08008438   0x08008438   0x00000004   Code   RO         2743    i.SX1276CheckRfFrequency  mlm32l07x01.o
    0x0800843c   0x0800843c   0x0000000c   Code   RO         2744    i.SX1276GetPaSelect  mlm32l07x01.o
    0x08008448   0x08008448   0x0000000c   Code   RO         1712    i.SX1276GetStatus   sx1276.o
    0x08008454   0x08008454   0x000001e4   Code   RO         1713    i.SX1276GetTimeOnAir  sx1276.o
    0x08008638   0x08008638   0x00000004   Code   RO         2745    i.SX1276GetWakeTime  mlm32l07x01.o
    0x0800863c   0x0800863c   0x00000014   Code   RO         1714    i.SX1276GetWakeupTime  sx1276.o
    0x08008650   0x08008650   0x0000008c   Code   RO         1715    i.SX1276Init        sx1276.o
    0x080086dc   0x080086dc   0x00000050   Code   RO         2746    i.SX1276IoDeInit    mlm32l07x01.o
    0x0800872c   0x0800872c   0x00000074   Code   RO         2747    i.SX1276IoInit      mlm32l07x01.o
    0x080087a0   0x080087a0   0x00000044   Code   RO         2748    i.SX1276IoIrqInit   mlm32l07x01.o
    0x080087e4   0x080087e4   0x00000060   Code   RO         1716    i.SX1276IsChannelFree  sx1276.o
    0x08008844   0x08008844   0x00000240   Code   RO         1717    i.SX1276OnDio0Irq   sx1276.o
    0x08008a84   0x08008a84   0x000000d4   Code   RO         1718    i.SX1276OnDio1Irq   sx1276.o
    0x08008b58   0x08008b58   0x000000b4   Code   RO         1719    i.SX1276OnDio2Irq   sx1276.o
    0x08008c0c   0x08008c0c   0x00000054   Code   RO         1720    i.SX1276OnDio3Irq   sx1276.o
    0x08008c60   0x08008c60   0x0000001c   Code   RO         1721    i.SX1276OnDio4Irq   sx1276.o
    0x08008c7c   0x08008c7c   0x000000c8   Code   RO         1723    i.SX1276OnTimeoutIrq  sx1276.o
    0x08008d44   0x08008d44   0x0000003e   Code   RO         1724    i.SX1276Random      sx1276.o
    0x08008d82   0x08008d82   0x00000010   Code   RO         1725    i.SX1276Read        sx1276.o
    0x08008d92   0x08008d92   0x00000042   Code   RO         1726    i.SX1276ReadBuffer  sx1276.o
    0x08008dd4   0x08008dd4   0x0000000e   Code   RO         1727    i.SX1276ReadFifo    sx1276.o
    0x08008de2   0x08008de2   0x00000002   PAD
    0x08008de4   0x08008de4   0x00000044   Code   RO         1728    i.SX1276ReadRssi    sx1276.o
    0x08008e28   0x08008e28   0x00000050   Code   RO         1729    i.SX1276Reset       sx1276.o
    0x08008e78   0x08008e78   0x000000f0   Code   RO         1730    i.SX1276Send        sx1276.o
    0x08008f68   0x08008f68   0x00000044   Code   RO         2749    i.SX1276SetAntSw    mlm32l07x01.o
    0x08008fac   0x08008fac   0x00000074   Code   RO         2750    i.SX1276SetAntSwLowPower  mlm32l07x01.o
    0x08009020   0x08009020   0x00000050   Code   RO         1731    i.SX1276SetChannel  sx1276.o
    0x08009070   0x08009070   0x00000030   Code   RO         1732    i.SX1276SetMaxPayloadLength  sx1276.o
    0x080090a0   0x080090a0   0x00000074   Code   RO         1733    i.SX1276SetModem    sx1276.o
    0x08009114   0x08009114   0x0000005c   Code   RO         1734    i.SX1276SetOpMode   sx1276.o
    0x08009170   0x08009170   0x00000024   Code   RO         1735    i.SX1276SetPublicNetwork  sx1276.o
    0x08009194   0x08009194   0x000000a6   Code   RO         2751    i.SX1276SetRfTxPower  mlm32l07x01.o
    0x0800923a   0x0800923a   0x00000002   PAD
    0x0800923c   0x0800923c   0x00000200   Code   RO         1736    i.SX1276SetRx       sx1276.o
    0x0800943c   0x0800943c   0x00000288   Code   RO         1737    i.SX1276SetRxConfig  sx1276.o
    0x080096c4   0x080096c4   0x0000003c   Code   RO         1738    i.SX1276SetSleep    sx1276.o
    0x08009700   0x08009700   0x0000002c   Code   RO         1739    i.SX1276SetStby     sx1276.o
    0x0800972c   0x0800972c   0x000000b0   Code   RO         1740    i.SX1276SetTx       sx1276.o
    0x080097dc   0x080097dc   0x000001fc   Code   RO         1741    i.SX1276SetTxConfig  sx1276.o
    0x080099d8   0x080099d8   0x0000007c   Code   RO         1742    i.SX1276SetTxContinuousWave  sx1276.o
    0x08009a54   0x08009a54   0x00000028   Code   RO         2752    i.SX1276SetXO       mlm32l07x01.o
    0x08009a7c   0x08009a7c   0x00000038   Code   RO         1743    i.SX1276StartCad    sx1276.o
    0x08009ab4   0x08009ab4   0x0000000c   Code   RO         1744    i.SX1276Write       sx1276.o
    0x08009ac0   0x08009ac0   0x00000042   Code   RO         1745    i.SX1276WriteBuffer  sx1276.o
    0x08009b02   0x08009b02   0x0000000e   Code   RO         1746    i.SX1276WriteFifo   sx1276.o
    0x08009b10   0x08009b10   0x00000170   Code   RO         7214    i.ScheduleTx        loramac.o
    0x08009c80   0x08009c80   0x0000006c   Code   RO        10838    i.SecureElementAesEncrypt  soft-se.o
    0x08009cec   0x08009cec   0x00000014   Code   RO        10839    i.SecureElementComputeAesCmac  soft-se.o
    0x08009d00   0x08009d00   0x0000004c   Code   RO        10840    i.SecureElementDeriveAndStoreKey  soft-se.o
    0x08009d4c   0x08009d4c   0x00000008   Code   RO        10841    i.SecureElementGetDevEui  soft-se.o
    0x08009d54   0x08009d54   0x00000008   Code   RO        10842    i.SecureElementGetJoinEui  soft-se.o
    0x08009d5c   0x08009d5c   0x00000010   Code   RO        10843    i.SecureElementGetNvmCtx  soft-se.o
    0x08009d6c   0x08009d6c   0x00000148   Code   RO        10844    i.SecureElementInit  soft-se.o
    0x08009eb4   0x08009eb4   0x0000001c   Code   RO        10845    i.SecureElementRandomNumber  soft-se.o
    0x08009ed0   0x08009ed0   0x00000020   Code   RO        10846    i.SecureElementRestoreNvmCtx  soft-se.o
    0x08009ef0   0x08009ef0   0x00000028   Code   RO        10847    i.SecureElementSetDevEui  soft-se.o
    0x08009f18   0x08009f18   0x00000028   Code   RO        10848    i.SecureElementSetJoinEui  soft-se.o
    0x08009f40   0x08009f40   0x0000009c   Code   RO        10849    i.SecureElementSetKey  soft-se.o
    0x08009fdc   0x08009fdc   0x0000002c   Code   RO        10850    i.SecureElementVerifyAesCmac  soft-se.o
    0x0800a008   0x0800a008   0x00000074   Code   RO         7215    i.SecureFrame       loramac.o
    0x0800a07c   0x0800a07c   0x000000e8   Code   RO         6586    i.Send              main.o
    0x0800a164   0x0800a164   0x0000012c   Code   RO         7216    i.Send              loramac.o
    0x0800a290   0x0800a290   0x000000e0   Code   RO         7217    i.SendFrameOnChannel  loramac.o
    0x0800a370   0x0800a370   0x00000058   Code   RO         7218    i.SendReJoinReq     loramac.o
    0x0800a3c8   0x0800a3c8   0x00000010   Code   RO         7219    i.SetMlmeScheduleUplinkIndication  loramac.o
    0x0800a3d8   0x0800a3d8   0x0000004c   Code   RO         7220    i.SetTxContinuousWave  loramac.o
    0x0800a424   0x0800a424   0x00000028   Code   RO         7221    i.SetTxContinuousWave1  loramac.o
    0x0800a44c   0x0800a44c   0x00000048   Code   RO         7222    i.StopRetransmission  loramac.o
    0x0800a494   0x0800a494   0x00000104   Code   RO         7223    i.SwitchClass       loramac.o
    0x0800a598   0x0800a598   0x00000008   Code   RO         6927    i.SysTick_Handler   mlm32l0xx_it.o
    0x0800a5a0   0x0800a5a0   0x00000040   Code   RO        10643    i.SysTimeAdd        systime.o
    0x0800a5e0   0x0800a5e0   0x00000036   Code   RO        10645    i.SysTimeGet        systime.o
    0x0800a616   0x0800a616   0x00000018   Code   RO        10646    i.SysTimeGetMcuTime  systime.o
    0x0800a62e   0x0800a62e   0x0000003e   Code   RO        10649    i.SysTimeSet        systime.o
    0x0800a66c   0x0800a66c   0x00000040   Code   RO        10650    i.SysTimeSub        systime.o
    0x0800a6ac   0x0800a6ac   0x0000008c   Code   RO         6824    i.SystemClock_Config  mlm32l0xx_hw.o
    0x0800a738   0x0800a738   0x00000054   Code   RO         2895    i.SystemInit        system_stm32l0xx.o
    0x0800a78c   0x0800a78c   0x0000000c   Code   RO        10386    i.TimerGetCurrentTime  timeserver.o
    0x0800a798   0x0800a798   0x0000001e   Code   RO        10387    i.TimerGetElapsedTime  timeserver.o
    0x0800a7b6   0x0800a7b6   0x00000012   Code   RO        10388    i.TimerInit         timeserver.o
    0x0800a7c8   0x0800a7c8   0x0000001c   Code   RO        10389    i.TimerInsertNewHeadTimer  timeserver.o
    0x0800a7e4   0x0800a7e4   0x00000080   Code   RO        10390    i.TimerIrqHandler   timeserver.o
    0x0800a864   0x0800a864   0x0000002c   Code   RO        10394    i.TimerSetTimeout   timeserver.o
    0x0800a890   0x0800a890   0x00000022   Code   RO        10395    i.TimerSetValue     timeserver.o
    0x0800a8b2   0x0800a8b2   0x00000002   PAD
    0x0800a8b4   0x0800a8b4   0x00000074   Code   RO        10396    i.TimerStart        timeserver.o
    0x0800a928   0x0800a928   0x00000064   Code   RO        10397    i.TimerStop         timeserver.o
    0x0800a98c   0x0800a98c   0x00000020   Code   RO        10590    i.TraceInit         trace.o
    0x0800a9ac   0x0800a9ac   0x00000074   Code   RO        10591    i.TraceSend         trace.o
    0x0800aa20   0x0800aa20   0x00000050   Code   RO        10592    i.Trace_TxCpltCallback  trace.o
    0x0800aa70   0x0800aa70   0x000000ca   Code   RO         3285    i.UART_AdvFeatureConfig  stm32l0xx_hal_uart.o
    0x0800ab3a   0x0800ab3a   0x00000002   PAD
    0x0800ab3c   0x0800ab3c   0x00000060   Code   RO         3286    i.UART_CheckIdleState  stm32l0xx_hal_uart.o
    0x0800ab9c   0x0800ab9c   0x00000014   Code   RO         3287    i.UART_DMAAbortOnError  stm32l0xx_hal_uart.o
    0x0800abb0   0x0800abb0   0x00000048   Code   RO         3288    i.UART_DMAError     stm32l0xx_hal_uart.o
    0x0800abf8   0x0800abf8   0x00000030   Code   RO         3293    i.UART_DMATransmitCplt  stm32l0xx_hal_uart.o
    0x0800ac28   0x0800ac28   0x0000000a   Code   RO         3295    i.UART_DMATxHalfCplt  stm32l0xx_hal_uart.o
    0x0800ac32   0x0800ac32   0x00000020   Code   RO         3297    i.UART_EndRxTransfer  stm32l0xx_hal_uart.o
    0x0800ac52   0x0800ac52   0x00000010   Code   RO         3298    i.UART_EndTxTransfer  stm32l0xx_hal_uart.o
    0x0800ac62   0x0800ac62   0x00000002   PAD
    0x0800ac64   0x0800ac64   0x0000023c   Code   RO         3301    i.UART_SetConfig    stm32l0xx_hal_uart.o
    0x0800aea0   0x0800aea0   0x00000062   Code   RO         3304    i.UART_WaitOnFlagUntilTimeout  stm32l0xx_hal_uart.o
    0x0800af02   0x0800af02   0x00000008   Code   RO         6928    i.USART2_IRQHandler  mlm32l0xx_it.o
    0x0800af0a   0x0800af0a   0x00000002   PAD
    0x0800af0c   0x0800af0c   0x0000003c   Code   RO         7582    i.UpdateFCntDown    loramaccrypto.o
    0x0800af48   0x0800af48   0x00000018   Code   RO         7224    i.UpdateRxSlotIdleState  loramac.o
    0x0800af60   0x0800af60   0x00000066   Code   RO         7583    i.VerifyCmacB0      loramaccrypto.o
    0x0800afc6   0x0800afc6   0x00000002   PAD
    0x0800afc8   0x0800afc8   0x000000a4   Code   RO         9436    i.VerifyRfFreq      regioneu868.o
    0x0800b06c   0x0800b06c   0x0000002c   Code   RO        11209    i.__0vsnprintf      mc_p.l(printfa.o)
    0x0800b098   0x0800b098   0x0000002e   Code   RO        11300    i.__ARM_clz         mf_p.l(depilogue.o)
    0x0800b0c6   0x0800b0c6   0x0000001a   Code   RO          433    i.__ARM_common_switch8  hts221_driver_hl.o
    0x0800b0e0   0x0800b0e0   0x00000044   Code   RO         4202    i.__NVIC_SetPriority  stm32l0xx_hal_cortex.o
    0x0800b124   0x0800b124   0x0000000e   Code   RO        11314    i.__scatterload_copy  mc_p.l(handlers.o)
    0x0800b132   0x0800b132   0x00000002   Code   RO        11315    i.__scatterload_null  mc_p.l(handlers.o)
    0x0800b134   0x0800b134   0x0000000e   Code   RO        11316    i.__scatterload_zeroinit  mc_p.l(handlers.o)
    0x0800b142   0x0800b142   0x00000002   PAD
    0x0800b144   0x0800b144   0x00000174   Code   RO        11211    i._fp_digits        mc_p.l(printfa.o)
    0x0800b2b8   0x0800b2b8   0x000006ec   Code   RO        11212    i._printf_core      mc_p.l(printfa.o)
    0x0800b9a4   0x0800b9a4   0x00000020   Code   RO        11213    i._printf_post_padding  mc_p.l(printfa.o)
    0x0800b9c4   0x0800b9c4   0x0000002c   Code   RO        11214    i._printf_pre_padding  mc_p.l(printfa.o)
    0x0800b9f0   0x0800b9f0   0x00000016   Code   RO        11215    i._snputc           mc_p.l(printfa.o)
    0x0800ba06   0x0800ba06   0x00000030   Code   RO        10538    i.add_elementSize_and_inc_writeIdx  queue.o
    0x0800ba36   0x0800ba36   0x00000054   Code   RO        10739    i.aes_encrypt       aes.o
    0x0800ba8a   0x0800ba8a   0x00000002   PAD
    0x0800ba8c   0x0800ba8c   0x000000fc   Code   RO        10740    i.aes_set_key       aes.o
    0x0800bb88   0x0800bb88   0x000000c8   Code   RO        10945    i.ceil              m_ps.l(ceil.o)
    0x0800bc50   0x0800bc50   0x00000010   Code   RO         7111    i.certif_DownLinkIncrement  lora-test.o
    0x0800bc60   0x0800bc60   0x00000014   Code   RO         7112    i.certif_linkCheck  lora-test.o
    0x0800bc74   0x0800bc74   0x0000000c   Code   RO         7113    i.certif_running    lora-test.o
    0x0800bc80   0x0800bc80   0x000001a0   Code   RO         7114    i.certif_rx         lora-test.o
    0x0800be20   0x0800be20   0x000000ac   Code   RO         7115    i.certif_tx         lora-test.o
    0x0800becc   0x0800becc   0x000000d0   Code   RO        10539    i.circular_queue_add  queue.o
    0x0800bf9c   0x0800bf9c   0x0000003a   Code   RO        10540    i.circular_queue_get  queue.o
    0x0800bfd6   0x0800bfd6   0x00000010   Code   RO        10541    i.circular_queue_init  queue.o
    0x0800bfe6   0x0800bfe6   0x00000050   Code   RO        10542    i.circular_queue_remove  queue.o
    0x0800c036   0x0800c036   0x00000010   Code   RO        10543    i.circular_queue_sense  queue.o
    0x0800c046   0x0800c046   0x00000084   Code   RO        10741    i.copy_and_key      aes.o
    0x0800c0ca   0x0800c0ca   0x00000042   Code   RO        10742    i.copy_block        aes.o
    0x0800c10c   0x0800c10c   0x000000c8   Code   RO        10949    i.floor             m_ps.l(floor.o)
    0x0800c1d4   0x0800c1d4   0x000000e8   Code   RO         6587    i.main              main.o
    0x0800c2bc   0x0800c2bc   0x00000016   Code   RO        10479    i.memcpy1           utilities.o
    0x0800c2d2   0x0800c2d2   0x0000001a   Code   RO        10480    i.memcpyr           utilities.o
    0x0800c2ec   0x0800c2ec   0x00000012   Code   RO        10481    i.memset1           utilities.o
    0x0800c2fe   0x0800c2fe   0x00000002   PAD
    0x0800c300   0x0800c300   0x00000218   Code   RO        10743    i.mix_sub_columns   aes.o
    0x0800c518   0x0800c518   0x00000016   Code   RO        10544    i.queue_copy        queue.o
    0x0800c52e   0x0800c52e   0x00000002   PAD
    0x0800c530   0x0800c530   0x0000002c   Code   RO        10482    i.rand1             utilities.o
    0x0800c55c   0x0800c55c   0x00000016   Code   RO        10483    i.randr             utilities.o
    0x0800c572   0x0800c572   0x00000002   PAD
    0x0800c574   0x0800c574   0x0000009c   Code   RO        10952    i.round             m_ps.l(round.o)
    0x0800c610   0x0800c610   0x00000068   Code   RO        10744    i.shift_sub_rows    aes.o
    0x0800c678   0x0800c678   0x0000000c   Code   RO        10484    i.srand1            utilities.o
    0x0800c684   0x0800c684   0x00000010   Code   RO         6675    i.vcom_DMA_TX_IRQHandler  vcom.o
    0x0800c694   0x0800c694   0x00000010   Code   RO         6677    i.vcom_IRQHandler   vcom.o
    0x0800c6a4   0x0800c6a4   0x0000003c   Code   RO         6678    i.vcom_Init         vcom.o
    0x0800c6e0   0x0800c6e0   0x00000048   Code   RO         6679    i.vcom_IoDeInit     vcom.o
    0x0800c728   0x0800c728   0x0000005c   Code   RO         6680    i.vcom_IoInit       vcom.o
    0x0800c784   0x0800c784   0x00000014   Code   RO         6681    i.vcom_Trace        vcom.o
    0x0800c798   0x0800c798   0x00000082   Code   RO        10745    i.xor_block         aes.o
    0x0800c81a   0x0800c81a   0x00000002   PAD
    0x0800c81c   0x0800c81c   0x000000e0   Data   RO         1748    .constdata          sx1276.o
    0x0800c8fc   0x0800c8fc   0x00000074   Data   RO         2753    .constdata          mlm32l07x01.o
    0x0800c970   0x0800c970   0x0000000c   Data   RO         2838    .constdata          b-l072z-lrwan1.o
    0x0800c97c   0x0800c97c   0x00000019   Data   RO         2896    .constdata          system_stm32l0xx.o
    0x0800c995   0x0800c995   0x00000008   Data   RO         2897    .constdata          system_stm32l0xx.o
    0x0800c99d   0x0800c99d   0x00000018   Data   RO         6395    .constdata          hw_rtc.o
    0x0800c9b5   0x0800c9b5   0x00000003   PAD
    0x0800c9b8   0x0800c9b8   0x00000014   Data   RO         7033    .constdata          lora.o
    0x0800c9cc   0x0800c9cc   0x00000010   Data   RO         7226    .constdata          loramac.o
    0x0800c9dc   0x0800c9dc   0x000000e0   Data   RO         9438    .constdata          regioneu868.o
    0x0800cabc   0x0800cabc   0x00000300   Data   RO        10746    .constdata          aes.o
    0x0800cdbc   0x0800cdbc   0x000000ce   Data   RO         7037    .conststring        lora.o
    0x0800ce8a   0x0800ce8a   0x00000002   PAD
    0x0800ce8c   0x0800ce8c   0x00000020   Data   RO        11312    Region$$Table       anon$$obj.o


    Execution Region RW_IRAM1 (Exec base: 0x20000000, Load base: 0x0800ceac, Size: 0x00001aa0, Max: 0x00005000, ABSOLUTE)

    Exec Addr    Load Addr    Size         Type   Attr      Idx    E Section Name        Object

    0x20000000   0x0800ceac   0x00000020   Data   RW         1749    .data               sx1276.o
    0x20000020   0x0800cecc   0x00000018   Data   RW         2754    .data               mlm32l07x01.o
    0x20000038   0x0800cee4   0x00000014   Data   RW         2839    .data               b-l072z-lrwan1.o
    0x2000004c   0x0800cef8   0x00000004   Data   RW         2898    .data               system_stm32l0xx.o
    0x20000050   0x0800cefc   0x00000004   Data   RW         4027    .data               stm32l0xx_hal.o
    0x20000054   0x0800cf00   0x00000004   Data   RW         6396    .data               hw_rtc.o
    0x20000058   0x0800cf04   0x00000034   Data   RW         6590    .data               main.o
    0x2000008c   0x0800cf38   0x00000004   Data   RW         6683    .data               vcom.o
    0x20000090   0x0800cf3c   0x00000002   Data   RW         6826    .data               mlm32l0xx_hw.o
    0x20000092   0x0800cf3e   0x00000002   PAD
    0x20000094   0x0800cf40   0x0000002c   Data   RW         7038    .data               lora.o
    0x200000c0   0x0800cf6c   0x00000002   Data   RW         7117    .data               lora-test.o
    0x200000c2   0x0800cf6e   0x00000002   PAD
    0x200000c4   0x0800cf70   0x00000008   Data   RW         7227    .data               loramac.o
    0x200000cc   0x0800cf78   0x00000014   Data   RW         7585    .data               loramaccrypto.o
    0x200000e0   0x0800cf8c   0x00000004   Data   RW         7960    .data               loramaccommands.o
    0x200000e4   0x0800cf90   0x00000008   Data   RW        10320    .data               low_power_manager.o
    0x200000ec   0x0800cf98   0x00000004   Data   RW        10399    .data               timeserver.o
    0x200000f0   0x0800cf9c   0x00000004   Data   RW        10485    .data               utilities.o
    0x200000f4   0x0800cfa0   0x00000001   Data   RW        10594    .data               trace.o
    0x200000f5   0x0800cfa1   0x00000003   PAD
    0x200000f8   0x0800cfa4   0x00000004   Data   RW        10852    .data               soft-se.o
    0x200000fc        -       0x000001b0   Zero   RW         1747    .bss                sx1276.o
    0x200002ac        -       0x00000040   Zero   RW         6328    .bss                hw_gpio.o
    0x200002ec        -       0x00000068   Zero   RW         6394    .bss                hw_rtc.o
    0x20000354        -       0x00000058   Zero   RW         6537    .bss                hw_spi.o
    0x200003ac        -       0x00000040   Zero   RW         6588    .bss                main.o
    0x200003ec        -       0x00000030   Zero   RW         6589    .bss                main.o
    0x2000041c        -       0x000000c8   Zero   RW         6682    .bss                vcom.o
    0x200004e4        -       0x0000005c   Zero   RW         6825    .bss                mlm32l0xx_hw.o
    0x20000540        -       0x00000040   Zero   RW         7032    .bss                lora.o
    0x20000580        -       0x00000114   Zero   RW         7116    .bss                lora-test.o
    0x20000694        -       0x000006ac   Zero   RW         7225    .bss                loramac.o
    0x20000d40        -       0x00000040   Zero   RW         7584    .bss                loramaccrypto.o
    0x20000d80        -       0x000000fc   Zero   RW         7959    .bss                loramaccommands.o
    0x20000e7c        -       0x0000002c   Zero   RW         8055    .bss                loramacconfirmqueue.o
    0x20000ea8        -       0x00000124   Zero   RW         9437    .bss                regioneu868.o
    0x20000fcc        -       0x00000110   Zero   RW        10593    .bss                trace.o
    0x200010dc        -       0x000003c4   Zero   RW        10851    .bss                soft-se.o
    0x200014a0        -       0x00000600   Zero   RW         6245    STACK               startup_stm32l072xx.o


==============================================================================

Image component sizes


      Code (inc. data)   RO Data    RW Data    ZI Data      Debug   Object Name

      1304         12        768          0          0      15188   aes.o
       164         32         12         20          0       3488   b-l072z-lrwan1.o
        30         10          0          0          0       2216   bsp.o
       554          0          0          0          0       5133   cmac.o
       120         20          0          0          0       1487   debug.o
         0          0          0          0          0       4500   hts221_driver.o
        26          0          0          0          0         72   hts221_driver_hl.o
       238         28          0          0         64       4073   hw_gpio.o
      1026        118         24          4        104      33333   hw_rtc.o
       260         28          0          0         88       2725   hw_spi.o
       644         54          0          2        276       6207   lora-test.o
      1044        192        226         44         64       9111   lora.o
     10740        772         16          8       1708      82262   loramac.o
       194          0          0          0          0       3317   loramacadr.o
        90          0          0          0          0      21871   loramacclassb.o
       612         58          0          4        252      11959   loramaccommands.o
       492         60          0          0         44      12057   loramacconfirmqueue.o
      2102        118          0         20         64      25810   loramaccrypto.o
       326          0          0          0          0       2298   loramacparser.o
       312          0          0          0          0       2347   loramacserializer.o
       178         22          0          8          0       5466   low_power_manager.o
       862        240          0         52        112      28981   main.o
       674         52        116         24          0      13513   mlm32l07x01.o
       234         14          0          0          0       4504   mlm32l0xx_hal_msp.o
      1112        158          0          2         92      12195   mlm32l0xx_hw.o
       166          0          0          0          0       5633   mlm32l0xx_it.o
       448          0          0          0          0       6859   queue.o
       418          0          0          0          0      25163   region.o
         0          0          0          0          0       1600   regionas923.o
       982         22          0          0          0      15198   regioncommon.o
      2700        292        224          0        292      27626   regioneu868.o
      1082        100          0          4        964      14725   soft-se.o
        28          8        192          0       1536        660   startup_stm32l072xx.o
       116         28          0          4          0       4776   stm32l0xx_hal.o
      1392         52          0          0          0      10333   stm32l0xx_hal_adc.o
       170          0          0          0          0       1634   stm32l0xx_hal_adc_ex.o
       100         14          0          0          0      11700   stm32l0xx_hal_cortex.o
       536         12          0          0          0       4858   stm32l0xx_hal_dma.o
       424         38          0          0          0       3323   stm32l0xx_hal_gpio.o
       116         20          0          0          0       2022   stm32l0xx_hal_pwr.o
        32          8          0          0          0       1217   stm32l0xx_hal_pwr_ex.o
      1722         94          0          0          0       6212   stm32l0xx_hal_rcc.o
       396         14          0          0          0       1676   stm32l0xx_hal_rcc_ex.o
      1508         28          0          0          0      10424   stm32l0xx_hal_rtc.o
        84          0          0          0          0       3218   stm32l0xx_hal_rtc_ex.o
       832          0          0          0          0       5799   stm32l0xx_hal_spi.o
      1764        104          0          0          0      13066   stm32l0xx_hal_uart.o
         2          0          0          0          0       1180   stm32l0xx_hal_uart_ex.o
      5374        328        224         32        432     444679   sx1276.o
        84         18         33          4          0       1707   system_stm32l0xx.o
       268          0          0          0          0       8020   systime.o
       510         18          0          4          0       8495   timeserver.o
       228         28          0          1        272       4343   trace.o
       144         24          0          4          0       4863   utilities.o
       444         60          0          4        200       5459   vcom.o

    ----------------------------------------------------------------------
     45476       3298       1872        252       6564     970581   Object Totals
         0          0         32          0          0          0   (incl. Generated)
        68          0          5          7          0          0   (incl. Padding)

    ----------------------------------------------------------------------

      Code (inc. data)   RO Data    RW Data    ZI Data      Debug   Library Member Name

       200         20          0          0          0         76   ceil.o
       200         20          0          0          0         76   floor.o
       156         14          0          0          0         84   round.o
         0          0          0          0          0          0   entry.o
         0          0          0          0          0          0   entry10a.o
         0          0          0          0          0          0   entry11a.o
         8          4          0          0          0          0   entry2.o
         4          0          0          0          0          0   entry5.o
         0          0          0          0          0          0   entry7b.o
         0          0          0          0          0          0   entry8b.o
         8          4          0          0          0          0   entry9a.o
        30          0          0          0          0          0   handlers.o
        40          0          0          0          0         72   idiv.o
        36          8          0          0          0         68   init.o
         0          0          0          0          0          0   iusefp.o
        32          0          0          0          0         68   llshl.o
        38          0          0          0          0         68   llsshr.o
        34          0          0          0          0         68   llushr.o
        36          0          0          0          0         60   memcpya.o
        36          0          0          0          0        100   memseta.o
      2286         94          0          0          0        460   printfa.o
        44          0          0          0          0         72   uidiv.o
        96          0          0          0          0         84   uldiv.o
        20          0          0          0          0         60   uread4.o
        40          2          0          0          0         68   cdcmple.o
        40          2          0          0          0         68   cdrcmple.o
       356          4          0          0          0        140   dadd.o
       240          6          0          0          0         84   ddiv.o
       236          0          0          0          0        216   depilogue.o
        72         10          0          0          0         72   dfixi.o
        60         10          0          0          0         68   dfixui.o
        64         10          0          0          0         68   dfixul.o
        40          6          0          0          0         68   dflti.o
        28          4          0          0          0         68   dfltui.o
       208          6          0          0          0         88   dmul.o
       124         10          0          0          0         76   drnd.o
        44          0          0          0          0         72   dscalb.o
        40          0          0          0          0         60   f2d.o
       178          0          0          0          0        108   fadd.o
       124          0          0          0          0         72   fdiv.o
       130          0          0          0          0        144   fepilogue.o
        50          0          0          0          0         60   ffixi.o
        40          0          0          0          0         60   ffixui.o
        14          0          0          0          0         68   ffltui.o
       122          0          0          0          0         72   fmul.o

    ----------------------------------------------------------------------
      5560        234          0          0          0       3216   Library Totals
         6          0          0          0          0          0   (incl. Padding)

    ----------------------------------------------------------------------

      Code (inc. data)   RO Data    RW Data    ZI Data      Debug   Library Name

       556         54          0          0          0        236   m_ps.l
      2748        110          0          0          0       1180   mc_p.l
      2250         70          0          0          0       1800   mf_p.l

    ----------------------------------------------------------------------
      5560        234          0          0          0       3216   Library Totals

    ----------------------------------------------------------------------

==============================================================================


      Code (inc. data)   RO Data    RW Data    ZI Data      Debug   

     51036       3532       1872        252       6564     950833   Grand Totals
     51036       3532       1872        252       6564     950833   ELF Image Totals
     51036       3532       1872        252          0          0   ROM Totals

==============================================================================

    Total RO  Size (Code + RO Data)                52908 (  51.67kB)
    Total RW  Size (RW Data + ZI Data)              6816 (   6.66kB)
    Total ROM Size (Code + RO Data + RW Data)      53160 (  51.91kB)

==============================================================================

