Component: ARM Compiler 5.06 update 6 (build 750) Tool: armlink [4d35ed]

==============================================================================

Section Cross References

    startup_stm32l476xx.o(RESET) refers to startup_stm32l476xx.o(STACK) for __initial_sp
    startup_stm32l476xx.o(RESET) refers to startup_stm32l476xx.o(.text) for Reset_Handler
    startup_stm32l476xx.o(RESET) refers to stm32l4xx_it.o(i.NMI_Handler) for NMI_Handler
    startup_stm32l476xx.o(RESET) refers to stm32l4xx_it.o(i.HardFault_Handler) for HardFault_Handler
    startup_stm32l476xx.o(RESET) refers to stm32l4xx_it.o(i.MemManage_Handler) for MemManage_Handler
    startup_stm32l476xx.o(RESET) refers to stm32l4xx_it.o(i.BusFault_Handler) for BusFault_Handler
    startup_stm32l476xx.o(RESET) refers to stm32l4xx_it.o(i.UsageFault_Handler) for UsageFault_Handler
    startup_stm32l476xx.o(RESET) refers to stm32l4xx_it.o(i.SVC_Handler) for SVC_Handler
    startup_stm32l476xx.o(RESET) refers to stm32l4xx_it.o(i.DebugMon_Handler) for DebugMon_Handler
    startup_stm32l476xx.o(RESET) refers to stm32l4xx_it.o(i.PendSV_Handler) for PendSV_Handler
    startup_stm32l476xx.o(RESET) refers to stm32l4xx_it.o(i.SysTick_Handler) for SysTick_Handler
    startup_stm32l476xx.o(RESET) refers to stm32l4xx_it.o(i.EXTI0_IRQHandler) for EXTI0_IRQHandler
    startup_stm32l476xx.o(RESET) refers to stm32l4xx_it.o(i.EXTI1_IRQHandler) for EXTI1_IRQHandler
    startup_stm32l476xx.o(RESET) refers to stm32l4xx_it.o(i.EXTI2_IRQHandler) for EXTI2_IRQHandler
    startup_stm32l476xx.o(RESET) refers to stm32l4xx_it.o(i.EXTI3_IRQHandler) for EXTI3_IRQHandler
    startup_stm32l476xx.o(RESET) refers to stm32l4xx_it.o(i.EXTI4_IRQHandler) for EXTI4_IRQHandler
    startup_stm32l476xx.o(RESET) refers to stm32l4xx_it.o(i.DMA1_Channel7_IRQHandler) for DMA1_Channel7_IRQHandler
    startup_stm32l476xx.o(RESET) refers to stm32l4xx_it.o(i.EXTI9_5_IRQHandler) for EXTI9_5_IRQHandler
    startup_stm32l476xx.o(RESET) refers to stm32l4xx_it.o(i.USART2_IRQHandler) for USART2_IRQHandler
    startup_stm32l476xx.o(RESET) refers to stm32l4xx_it.o(i.USART3_IRQHandler) for USART3_IRQHandler
    startup_stm32l476xx.o(RESET) refers to stm32l4xx_it.o(i.EXTI15_10_IRQHandler) for EXTI15_10_IRQHandler
    startup_stm32l476xx.o(RESET) refers to stm32l4xx_it.o(i.RTC_Alarm_IRQHandler) for RTC_Alarm_IRQHandler
    startup_stm32l476xx.o(.text) refers to system_stm32l4xx.o(i.SystemInit) for SystemInit
    startup_stm32l476xx.o(.text) refers to entry.o(.ARM.Collect$$$$00000000) for __main
    hts221_driver.o(i.HTS221_Activate) refers to hts221_driver.o(i.HTS221_ReadReg) for HTS221_ReadReg
    hts221_driver.o(i.HTS221_Activate) refers to hts221_driver.o(i.HTS221_WriteReg) for HTS221_WriteReg
    hts221_driver.o(i.HTS221_DeActivate) refers to hts221_driver.o(i.HTS221_ReadReg) for HTS221_ReadReg
    hts221_driver.o(i.HTS221_DeActivate) refers to hts221_driver.o(i.HTS221_WriteReg) for HTS221_WriteReg
    hts221_driver.o(i.HTS221_DeInit) refers to hts221_driver.o(i.HTS221_ReadReg) for HTS221_ReadReg
    hts221_driver.o(i.HTS221_DeInit) refers to hts221_driver.o(i.HTS221_WriteReg) for HTS221_WriteReg
    hts221_driver.o(i.HTS221_Get_AvgHT) refers to hts221_driver.o(i.HTS221_ReadReg) for HTS221_ReadReg
    hts221_driver.o(i.HTS221_Get_BduMode) refers to hts221_driver.o(i.HTS221_ReadReg) for HTS221_ReadReg
    hts221_driver.o(i.HTS221_Get_DataStatus) refers to hts221_driver.o(i.HTS221_ReadReg) for HTS221_ReadReg
    hts221_driver.o(i.HTS221_Get_DeviceID) refers to hts221_driver.o(i.HTS221_ReadReg) for HTS221_ReadReg
    hts221_driver.o(i.HTS221_Get_HeaterState) refers to hts221_driver.o(i.HTS221_ReadReg) for HTS221_ReadReg
    hts221_driver.o(i.HTS221_Get_Humidity) refers to hts221_driver.o(i.HTS221_ReadReg) for HTS221_ReadReg
    hts221_driver.o(i.HTS221_Get_HumidityRaw) refers to hts221_driver.o(i.HTS221_ReadReg) for HTS221_ReadReg
    hts221_driver.o(i.HTS221_Get_InitConfig) refers to hts221_driver.o(i.HTS221_ReadReg) for HTS221_ReadReg
    hts221_driver.o(i.HTS221_Get_IrqActiveLevel) refers to hts221_driver.o(i.HTS221_ReadReg) for HTS221_ReadReg
    hts221_driver.o(i.HTS221_Get_IrqEnable) refers to hts221_driver.o(i.HTS221_ReadReg) for HTS221_ReadReg
    hts221_driver.o(i.HTS221_Get_IrqOutputType) refers to hts221_driver.o(i.HTS221_ReadReg) for HTS221_ReadReg
    hts221_driver.o(i.HTS221_Get_Measurement) refers to hts221_driver.o(i.HTS221_Get_Temperature) for HTS221_Get_Temperature
    hts221_driver.o(i.HTS221_Get_Measurement) refers to hts221_driver.o(i.HTS221_Get_Humidity) for HTS221_Get_Humidity
    hts221_driver.o(i.HTS221_Get_Odr) refers to hts221_driver.o(i.HTS221_ReadReg) for HTS221_ReadReg
    hts221_driver.o(i.HTS221_Get_PowerDownMode) refers to hts221_driver.o(i.HTS221_ReadReg) for HTS221_ReadReg
    hts221_driver.o(i.HTS221_Get_RawMeasurement) refers to hts221_driver.o(i.HTS221_ReadReg) for HTS221_ReadReg
[...]
    SX1276SetStby                            0x0800db29   Thumb Code    34  sx1276.o(i.SX1276SetStby)
    SX1276SetTx                              0x0800db5d   Thumb Code   184  sx1276.o(i.SX1276SetTx)
    SX1276SetTxConfig                        0x0800dc21   Thumb Code   600  sx1276.o(i.SX1276SetTxConfig)
    SX1276SetTxContinuousWave                0x0800de99   Thumb Code   130  sx1276.o(i.SX1276SetTxContinuousWave)
    SX1276SetXO                              0x0800df25   Thumb Code     2  sx1276mb1mas.o(i.SX1276SetXO)
    SX1276StartCad                           0x0800df29   Thumb Code    62  sx1276.o(i.SX1276StartCad)
    SX1276Write                              0x0800df6d   Thumb Code    16  sx1276.o(i.SX1276Write)
    SX1276WriteBuffer                        0x0800df7d   Thumb Code    60  sx1276.o(i.SX1276WriteBuffer)
    SX1276WriteFifo                          0x0800dfbd   Thumb Code    18  sx1276.o(i.SX1276WriteFifo)
    SecureElementAesEncrypt                  0x0800e1f1   Thumb Code   118  soft-se.o(i.SecureElementAesEncrypt)
    SecureElementComputeAesCmac              0x0800e26d   Thumb Code    44  soft-se.o(i.SecureElementComputeAesCmac)
    SecureElementDeriveAndStoreKey           0x0800e299   Thumb Code    90  soft-se.o(i.SecureElementDeriveAndStoreKey)
    SecureElementGetDevEui                   0x0800e2f5   Thumb Code     4  soft-se.o(i.SecureElementGetDevEui)
    SecureElementGetJoinEui                  0x0800e2fd   Thumb Code     4  soft-se.o(i.SecureElementGetJoinEui)
    SecureElementGetNvmCtx                   0x0800e305   Thumb Code    12  soft-se.o(i.SecureElementGetNvmCtx)
    SecureElementInit                        0x0800e315   Thumb Code   426  soft-se.o(i.SecureElementInit)
    SecureElementRandomNumber                0x0800e4d1   Thumb Code    22  soft-se.o(i.SecureElementRandomNumber)
    SecureElementRestoreNvmCtx               0x0800e4ed   Thumb Code    26  soft-se.o(i.SecureElementRestoreNvmCtx)
    SecureElementSetDevEui                   0x0800e50d   Thumb Code    30  soft-se.o(i.SecureElementSetDevEui)
    SecureElementSetJoinEui                  0x0800e535   Thumb Code    30  soft-se.o(i.SecureElementSetJoinEui)
    SecureElementSetKey                      0x0800e55d   Thumb Code   144  soft-se.o(i.SecureElementSetKey)
    SecureElementVerifyAesCmac               0x0800e5f5   Thumb Code    62  soft-se.o(i.SecureElementVerifyAesCmac)
    Send                                     0x0800e7fd   Thumb Code   434  loramac.o(i.Send)
    SendFrameOnChannel                       0x0800e9b5   Thumb Code   280  loramac.o(i.SendFrameOnChannel)
    SendReJoinReq                            0x0800ead9   Thumb Code   118  loramac.o(i.SendReJoinReq)
    SetTxContinuousWave                      0x0800eb71   Thumb Code   110  loramac.o(i.SetTxContinuousWave)
    SetTxContinuousWave1                     0x0800ebe5   Thumb Code    40  loramac.o(i.SetTxContinuousWave1)
    SysTick_Handler                          0x0800ee69   Thumb Code     8  stm32l4xx_it.o(i.SysTick_Handler)
    SysTimeAdd                               0x0800ee71   Thumb Code    78  systime.o(i.SysTimeAdd)
    SysTimeGet                               0x0800eebf   Thumb Code    68  systime.o(i.SysTimeGet)
    SysTimeGetMcuTime                        0x0800ef03   Thumb Code    28  systime.o(i.SysTimeGetMcuTime)
    SysTimeSet                               0x0800ef1f   Thumb Code    56  systime.o(i.SysTimeSet)
    SysTimeSub                               0x0800ef57   Thumb Code    76  systime.o(i.SysTimeSub)
    SystemClock_Config                       0x0800efa3   Thumb Code   148  stm32l4xx_hw.o(i.SystemClock_Config)
    SystemInit                               0x0800f039   Thumb Code    68  system_stm32l4xx.o(i.SystemInit)
    TimerGetCurrentTime                      0x0800f0a9   Thumb Code    16  timeserver.o(i.TimerGetCurrentTime)
    TimerGetElapsedTime                      0x0800f0b9   Thumb Code    32  timeserver.o(i.TimerGetElapsedTime)
    TimerInit                                0x0800f0d9   Thumb Code    18  timeserver.o(i.TimerInit)
    TimerIrqHandler                          0x0800f141   Thumb Code   182  timeserver.o(i.TimerIrqHandler)
    TimerSetValue                            0x0800f227   Thumb Code    44  timeserver.o(i.TimerSetValue)
    TimerStart                               0x0800f255   Thumb Code   112  timeserver.o(i.TimerStart)
    TimerStop                                0x0800f2c9   Thumb Code   178  timeserver.o(i.TimerStop)
    TraceInit                                0x0800f3a1   Thumb Code    22  trace.o(i.TraceInit)
    TraceSend                                0x0800f3c5   Thumb Code   126  trace.o(i.TraceSend)
    UART_AdvFeatureConfig                    0x0800f4e9   Thumb Code   248  stm32l4xx_hal_uart.o(i.UART_AdvFeatureConfig)
    UART_CheckIdleState                      0x0800f5e1   Thumb Code   110  stm32l4xx_hal_uart.o(i.UART_CheckIdleState)
    UART_SetConfig                           0x0800f759   Thumb Code  1150  stm32l4xx_hal_uart.o(i.UART_SetConfig)
    UART_WaitOnFlagUntilTimeout              0x0800fbe3   Thumb Code   104  stm32l4xx_hal_uart.o(i.UART_WaitOnFlagUntilTimeout)
    USART2_IRQHandler                        0x0800fc4b   Thumb Code     8  stm32l4xx_it.o(i.USART2_IRQHandler)
    USART3_IRQHandler                        0x0800fc55   Thumb Code    10  stm32l4xx_it.o(i.USART3_IRQHandler)
    UsageFault_Handler                       0x0800fced   Thumb Code     4  stm32l4xx_it.o(i.UsageFault_Handler)
    __0vsnprintf                             0x0800fdd9   Thumb Code    40  printfa.o(i.__0vsnprintf)
    __1vsnprintf                             0x0800fdd9   Thumb Code     0  printfa.o(i.__0vsnprintf)
    __2vsnprintf                             0x0800fdd9   Thumb Code     0  printfa.o(i.__0vsnprintf)
    __c89vsnprintf                           0x0800fdd9   Thumb Code     0  printfa.o(i.__0vsnprintf)
    vsnprintf                                0x0800fdd9   Thumb Code     0  printfa.o(i.__0vsnprintf)
    __hardfp_ceil                            0x0800fe41   Thumb Code   252  ceil.o(i.__hardfp_ceil)
    __hardfp_floor                           0x0800ff59   Thumb Code   252  floor.o(i.__hardfp_floor)
    __hardfp_round                           0x08010071   Thumb Code   194  round.o(i.__hardfp_round)
    __scatterload_copy                       0x08010151   Thumb Code    14  handlers.o(i.__scatterload_copy)
    __scatterload_null                       0x0801015f   Thumb Code     2  handlers.o(i.__scatterload_null)
    __scatterload_zeroinit                   0x08010161   Thumb Code    14  handlers.o(i.__scatterload_zeroinit)
    aes_encrypt                              0x08010a95   Thumb Code    90  aes.o(i.aes_encrypt)
    aes_set_key                              0x08010af1   Thumb Code   312  aes.o(i.aes_set_key)
    certif_DownLinkIncrement                 0x08010c35   Thumb Code    16  lora-test.o(i.certif_DownLinkIncrement)
    certif_linkCheck                         0x08010c49   Thumb Code    22  lora-test.o(i.certif_linkCheck)
    certif_running                           0x08010c65   Thumb Code     6  lora-test.o(i.certif_running)
    certif_rx                                0x08010c71   Thumb Code   502  lora-test.o(i.certif_rx)
    circular_queue_add                       0x08010f71   Thumb Code   216  queue.o(i.circular_queue_add)
    circular_queue_get                       0x08011049   Thumb Code    82  queue.o(i.circular_queue_get)
    circular_queue_init                      0x080110c5   Thumb Code    16  queue.o(i.circular_queue_init)
    circular_queue_remove                    0x080110d5   Thumb Code    96  queue.o(i.circular_queue_remove)
    circular_queue_sense                     0x08011135   Thumb Code    16  queue.o(i.circular_queue_sense)
    main                                     0x08011225   Thumb Code   226  main.o(i.main)
    memcpy1                                  0x08011379   Thumb Code    24  utilities.o(i.memcpy1)
    memcpyr                                  0x08011391   Thumb Code    28  utilities.o(i.memcpyr)
    memset1                                  0x080113ad   Thumb Code    20  utilities.o(i.memset1)
    rand1                                    0x0801165d   Thumb Code    32  utilities.o(i.rand1)
    randr                                    0x08011685   Thumb Code    26  utilities.o(i.randr)
    srand1                                   0x08011711   Thumb Code     6  utilities.o(i.srand1)
    vcom_DMA_TX_IRQHandler                   0x0801171d   Thumb Code    12  vcom.o(i.vcom_DMA_TX_IRQHandler)
    vcom_IRQHandler                          0x0801172d   Thumb Code    10  vcom.o(i.vcom_IRQHandler)
    vcom_Init                                0x0801173d   Thumb Code    48  vcom.o(i.vcom_Init)
    vcom_IoDeInit                            0x08011779   Thumb Code    80  vcom.o(i.vcom_IoDeInit)
    vcom_IoInit                              0x080117cd   Thumb Code   118  vcom.o(i.vcom_IoInit)
    vcom_Trace                               0x08011849   Thumb Code    18  vcom.o(i.vcom_Trace)
    RadioRegsInit                            0x080118e4   Data          48  sx1276.o(.constdata)
    FskBandwidths                            0x08011914   Data         176  sx1276.o(.constdata)
    AHBPrescTable                            0x080119dc   Data          16  system_stm32l4xx.o(.constdata)
    APBPrescTable                            0x080119ec   Data           8  system_stm32l4xx.o(.constdata)
    MSIRangeTable                            0x080119f4   Data          48  system_stm32l4xx.o(.constdata)
    Radio                                    0x08011a24   Data         116  sx1276mb1mas.o(.constdata)
    Region$$Table$$Base                      0x08012364   Number         0  anon$$obj.o(Region$$Table)
    Region$$Table$$Limit                     0x08012384   Number         0  anon$$obj.o(Region$$Table)
    DioIrq                                   0x20000008   Data          24  sx1276.o(.data)
    AppData                                  0x20000020   Data           8  main.o(.data)
    data_tx                                  0x20000028   Data          11  main.o(.data)
    data_rx                                  0x20000033   Data           1  main.o(.data)
    dr                                       0x20000034   Data           1  main.o(.data)
    LoraMacProcessRequest                    0x2000005c   Data           1  main.o(.data)
    AppProcessRequest                        0x2000005d   Data           1  main.o(.data)
    uwTick                                   0x20000070   Data           4  stm32l4xx_hal.o(.data)
    uwTickPrio                               0x20000074   Data           4  stm32l4xx_hal.o(.data)
    uwTickFreq                               0x20000078   Data           4  stm32l4xx_hal.o(.data)
    SystemCoreClock                          0x2000007c   Data           4  system_stm32l4xx.o(.data)
    EventInfoStatusStrings                   0x2000010c   Data          68  lora.o(.data)
    MacStatusStrings                         0x20000150   Data          88  lora.o(.data)
    MlmeReqStrings                           0x200001a8   Data          60  lora.o(.data)
    LoRaMacRadioEvents                       0x200001e8   Data           4  loramac.o(.data)
    TxDoneParams                             0x200001ec   Data           4  loramac.o(.data)
    TracePeripheralReady                     0x20000214   Data           1  trace.o(.data)
    SX1276                                   0x20000320   Data         104  sx1276.o(.bss)
    TxTimeoutTimer                           0x20000388   Data          24  sx1276.o(.bss)
    RxTimeoutTimer                           0x200003a0   Data          24  sx1276.o(.bss)
    RxTimeoutSyncWord                        0x200003b8   Data          24  sx1276.o(.bss)
    huart3                                   0x20000428   Data         128  usart.o(.bss)
    UartHandle                               0x200005b4   Data         128  vcom.o(.bss)
    Contexts                                 0x20000e98   Data          56  loramac.o(.bss)
    RxDoneParams                             0x20000ed0   Data          16  loramac.o(.bss)
    __initial_sp                             0x200019f0   Data           0  startup_stm32l476xx.o(STACK)



==============================================================================

Memory Map of the image

  Image Entry point : 0x08000189

  Load Region LR_IROM1 (Base: 0x08000000, Size: 0x000125a4, Max: 0x00100000, ABSOLUTE, COMPRESSED[0x000124f0])

    Execution Region ER_IROM1 (Exec base: 0x08000000, Load base: 0x08000000, Size: 0x00012384, Max: 0x00100000, ABSOLUTE)

    Exec Addr    Load Addr    Size         Type   Attr      Idx    E Section Name        Object

    0x08000000   0x08000000   0x00000188   Data   RO            3    RESET               startup_stm32l476xx.o
    0x08000188   0x08000188   0x00000000   Code   RO        11810  * .ARM.Collect$$$$00000000  mc_w.l(entry.o)
    0x08000188   0x08000188   0x00000004   Code   RO        12104    .ARM.Collect$$$$00000001  mc_w.l(entry2.o)
    0x0800018c   0x0800018c   0x00000004   Code   RO        12107    .ARM.Collect$$$$00000004  mc_w.l(entry5.o)
    0x08000190   0x08000190   0x00000000   Code   RO        12109    .ARM.Collect$$$$00000008  mc_w.l(entry7b.o)
    0x08000190   0x08000190   0x00000000   Code   RO        12111    .ARM.Collect$$$$0000000A  mc_w.l(entry8b.o)
    0x08000190   0x08000190   0x00000008   Code   RO        12112    .ARM.Collect$$$$0000000B  mc_w.l(entry9a.o)
    0x08000198   0x08000198   0x00000000   Code   RO        12114    .ARM.Collect$$$$0000000D  mc_w.l(entry10a.o)
    0x08000198   0x08000198   0x00000000   Code   RO        12116    .ARM.Collect$$$$0000000F  mc_w.l(entry11a.o)
    0x08000198   0x08000198   0x00000004   Code   RO        12105    .ARM.Collect$$$$00002712  mc_w.l(entry2.o)
    0x0800019c   0x0800019c   0x00000024   Code   RO            4    .text               startup_stm32l476xx.o
    0x080001c0   0x080001c0   0x00000068   Code   RO        11813    .text               mc_w.l(uldiv.o)
    0x08000228   0x08000228   0x00000024   Code   RO        11815    .text               mc_w.l(memcpya.o)
    0x0800024c   0x0800024c   0x00000024   Code   RO        11817    .text               mc_w.l(memseta.o)
    0x08000270   0x08000270   0x0000015e   Code   RO        12084    .text               mf_w.l(dadd.o)
    0x080003ce   0x080003ce   0x000000ea   Code   RO        12086    .text               mf_w.l(dmul.o)
    0x080004b8   0x080004b8   0x000000de   Code   RO        12088    .text               mf_w.l(ddiv.o)
    0x08000596   0x08000596   0x00000022   Code   RO        12090    .text               mf_w.l(dflti.o)
    0x080005b8   0x080005b8   0x0000001a   Code   RO        12092    .text               mf_w.l(dfltui.o)
    0x080005d2   0x080005d2   0x0000003e   Code   RO        12094    .text               mf_w.l(dfixi.o)
    0x08000610   0x08000610   0x00000032   Code   RO        12096    .text               mf_w.l(dfixui.o)
    0x08000642   0x08000642   0x00000026   Code   RO        12098    .text               mf_w.l(f2d.o)
    0x08000668   0x08000668   0x00000030   Code   RO        12100    .text               mf_w.l(cdrcmple.o)
    0x08000698   0x08000698   0x0000002c   Code   RO        12121    .text               mc_w.l(uidiv.o)
    0x080006c4   0x080006c4   0x0000001e   Code   RO        12123    .text               mc_w.l(llshl.o)
    0x080006e2   0x080006e2   0x00000020   Code   RO        12125    .text               mc_w.l(llushr.o)
    0x08000702   0x08000702   0x00000024   Code   RO        12127    .text               mc_w.l(llsshr.o)
    0x08000726   0x08000726   0x00000000   Code   RO        12129    .text               mc_w.l(iusefp.o)
    0x08000726   0x08000726   0x000000ba   Code   RO        12132    .text               mf_w.l(depilogue.o)
    0x080007e0   0x080007e0   0x00000088   Code   RO        12134    .text               mf_w.l(drnd.o)
    0x08000868   0x08000868   0x00000030   Code   RO        12136    .text               mf_w.l(dfixul.o)
    0x08000898   0x08000898   0x00000030   Code   RO        12138    .text               mf_w.l(cdcmple.o)
    0x080008c8   0x080008c8   0x00000024   Code   RO        12140    .text               mc_w.l(init.o)
    0x080008ec   0x080008ec   0x00000056   Code   RO        12152    .text               mc_w.l(__dczerorl2.o)
    0x08000942   0x08000942   0x00000002   PAD
    0x08000944   0x08000944   0x0000011a   Code   RO         3377    i.ADC_ConversionStop  stm32l4xx_hal_adc.o
    0x08000a5e   0x08000a5e   0x00000002   PAD
    0x08000a60   0x08000a60   0x00000088   Code   RO         3381    i.ADC_Disable       stm32l4xx_hal_adc.o
    0x08000ae8   0x08000ae8   0x00000078   Code   RO         3382    i.ADC_Enable        stm32l4xx_hal_adc.o
    0x08000b60   0x08000b60   0x000001ba   Code   RO        11625    i.AES_CMAC_Final    cmac.o
    0x08000d1a   0x08000d1a   0x00000022   Code   RO        11626    i.AES_CMAC_Init     cmac.o
    0x08000d3c   0x08000d3c   0x00000012   Code   RO        11627    i.AES_CMAC_SetKey   cmac.o
    0x08000d4e   0x08000d4e   0x000000ee   Code   RO        11628    i.AES_CMAC_Update   cmac.o
    0x08000e3c   0x08000e3c   0x0000004c   Code   RO         7645    i.AckTimeoutRetriesFinalize  loramac.o
    0x08000e88   0x08000e88   0x0000007c   Code   RO         7646    i.AckTimeoutRetriesProcess  loramac.o
    0x08000f04   0x08000f04   0x00000002   Code   RO         2594    i.BSP_sensor_Init   bsp.o
    0x08000f06   0x08000f06   0x00000002   PAD
    0x08000f08   0x08000f08   0x0000003c   Code   RO         2595    i.BSP_sensor_Read   bsp.o
    0x08000f44   0x08000f44   0x00000004   Code   RO         2386    i.BusFault_Handler  stm32l4xx_it.o
    0x08000f48   0x08000f48   0x000000e8   Code   RO         8125    i.CalcNextV10X      loramacadr.o
    0x08001030   0x08001030   0x000000a0   Code   RO         7647    i.CalculateBackOff  loramac.o
    0x080010d0   0x080010d0   0x00000028   Code   RO         7648    i.CallNvmCtxCallback  loramac.o
    0x080010f8   0x080010f8   0x0000002c   Code   RO         8642    i.CheckFCntDown     loramaccrypto.o
    0x08001124   0x08001124   0x00000034   Code   RO         7649    i.CheckRetransConfirmedUplink  loramac.o
    0x08001158   0x08001158   0x00000048   Code   RO         7650    i.CheckRetransUnconfirmedUplink  loramac.o
    0x080011a0   0x080011a0   0x00000084   Code   RO        11670    i.ComputeCmac       soft-se.o
    0x08001224   0x08001224   0x00000068   Code   RO         8643    i.ComputeCmacB0     loramaccrypto.o
    0x0800128c   0x0800128c   0x00000028   Code   RO         9817    i.CountChannels     regioncommon.o
    0x080012b4   0x080012b4   0x000000d4   Code   RO         9068    i.CountNbOfEnabledChannels  regionas923.o
    0x08001388   0x08001388   0x00000008   Code   RO         2387    i.DMA1_Channel7_IRQHandler  stm32l4xx_it.o
    0x08001390   0x08001390   0x00000030   Code   RO         4009    i.DMA_SetConfig     stm32l4xx_hal_dma.o
    0x080013c0   0x080013c0   0x00000002   Code   RO         2388    i.DebugMon_Handler  stm32l4xx_it.o
    0x080013c2   0x080013c2   0x00000002   PAD
    0x080013c4   0x080013c4   0x00000094   Code   RO         8644    i.DeriveSessionKey10x  loramaccrypto.o
    0x08001458   0x08001458   0x00000060   Code   RO         7651    i.DetermineFrameType  loramac.o
    0x080014b8   0x080014b8   0x00000002   Code   RO         8645    i.DummyCB           loramaccrypto.o
    0x080014ba   0x080014ba   0x00000002   Code   RO        11671    i.DummyCB           soft-se.o
    0x080014bc   0x080014bc   0x0000000a   Code   RO         2389    i.EXTI0_IRQHandler  stm32l4xx_it.o
    0x080014c6   0x080014c6   0x00000034   Code   RO         2390    i.EXTI15_10_IRQHandler  stm32l4xx_it.o
    0x080014fa   0x080014fa   0x0000000a   Code   RO         2391    i.EXTI1_IRQHandler  stm32l4xx_it.o
    0x08001504   0x08001504   0x0000000a   Code   RO         2392    i.EXTI2_IRQHandler  stm32l4xx_it.o
    0x0800150e   0x0800150e   0x0000000a   Code   RO         2393    i.EXTI3_IRQHandler  stm32l4xx_it.o
    0x08001518   0x08001518   0x0000000a   Code   RO         2394    i.EXTI4_IRQHandler  stm32l4xx_it.o
    0x08001522   0x08001522   0x00000026   Code   RO         2395    i.EXTI9_5_IRQHandler  stm32l4xx_it.o
    0x08001548   0x08001548   0x00000020   Code   RO         2638    i.Error_Handler     debug.o
    0x08001568   0x08001568   0x0000000a   Code   RO         7652    i.EventClassBNvmCtxChanged  loramac.o
    0x08001572   0x08001572   0x0000000a   Code   RO         7653    i.EventCommandsNvmCtxChanged  loramac.o
    0x0800157c   0x0800157c   0x0000000a   Code   RO         7654    i.EventConfirmQueueNvmCtxChanged  loramac.o
    0x08001586   0x08001586   0x0000000a   Code   RO         7655    i.EventCryptoNvmCtxChanged  loramac.o
    0x08001590   0x08001590   0x0000000a   Code   RO         7656    i.EventMacNvmCtxChanged  loramac.o
    0x0800159a   0x0800159a   0x0000000a   Code   RO         7657    i.EventRegionNvmCtxChanged  loramac.o
    0x080015a4   0x080015a4   0x0000000a   Code   RO         7658    i.EventSecureElementNvmCtxChanged  loramac.o
    0x080015ae   0x080015ae   0x00000018   Code   RO         8389    i.FreeMacCommandSlot  loramaccommands.o
    0x080015c6   0x080015c6   0x00000002   PAD
    0x080015c8   0x080015c8   0x00000034   Code   RO         9069    i.GetBandwidth      regionas923.o
    0x080015fc   0x080015fc   0x00000074   Code   RO         7659    i.GetCtxs           loramac.o
    0x08001670   0x08001670   0x0000002a   Code   RO         8523    i.GetElement        loramacconfirmqueue.o
    0x0800169a   0x0800169a   0x0000007e   Code   RO         7660    i.GetFCntDown       loramac.o
    0x08001718   0x08001718   0x00000038   Code   RO         1741    i.GetFskBandwidthRegValue  sx1276.o
    0x08001750   0x08001750   0x00000030   Code   RO         8646    i.GetKeyAddrItem    loramaccrypto.o
    0x08001780   0x08001780   0x00000034   Code   RO        11672    i.GetKeyByID        soft-se.o
    0x080017b4   0x080017b4   0x00000090   Code   RO         8647    i.GetLastFcntDown   loramaccrypto.o
    0x08001844   0x08001844   0x0000004c   Code   RO         7661    i.GetMaxAppPayloadWithoutFOptsLength  loramac.o
    0x08001890   0x08001890   0x00000014   Code   RO         9070    i.GetNextLowerTxDr  regionas923.o
    0x080018a4   0x080018a4   0x000000ac   Code   RO         3643    i.HAL_ADCEx_Calibration_Start  stm32l4xx_hal_adc_ex.o
    0x08001950   0x08001950   0x000004ea   Code   RO         3384    i.HAL_ADC_ConfigChannel  stm32l4xx_hal_adc.o
    0x08001e3a   0x08001e3a   0x00000002   PAD
    0x08001e3c   0x08001e3c   0x000001d0   Code   RO         3387    i.HAL_ADC_DeInit    stm32l4xx_hal_adc.o
    0x0800200c   0x0800200c   0x00000008   Code   RO         3391    i.HAL_ADC_GetValue  stm32l4xx_hal_adc.o
    0x08002014   0x08002014   0x00000222   Code   RO         3393    i.HAL_ADC_Init      stm32l4xx_hal_adc.o
    0x08002236   0x08002236   0x00000002   Code   RO         3395    i.HAL_ADC_MspDeInit  stm32l4xx_hal_adc.o
    0x08002238   0x08002238   0x00000002   Code   RO         3396    i.HAL_ADC_MspInit   stm32l4xx_hal_adc.o
    0x0800223a   0x0800223a   0x00000002   PAD
    0x0800223c   0x0800223c   0x00000130   Code   RO         3397    i.HAL_ADC_PollForConversion  stm32l4xx_hal_adc.o
    0x0800236c   0x0800236c   0x0000011c   Code   RO         3399    i.HAL_ADC_Start     stm32l4xx_hal_adc.o
    0x08002488   0x08002488   0x0000005c   Code   RO         4011    i.HAL_DMA_Abort_IT  stm32l4xx_hal_dma.o
    0x080024e4   0x080024e4   0x000000fe   Code   RO         4015    i.HAL_DMA_IRQHandler  stm32l4xx_hal_dma.o
    0x080025e2   0x080025e2   0x00000002   PAD
    0x080025e4   0x080025e4   0x0000010c   Code   RO         4016    i.HAL_DMA_Init      stm32l4xx_hal_dma.o
    0x080026f0   0x080026f0   0x0000009c   Code   RO         4020    i.HAL_DMA_Start_IT  stm32l4xx_hal_dma.o
    0x0800278c   0x0800278c   0x0000000a   Code   RO         2528    i.HAL_Delay         stm32l4xx_hal_msp.o
    0x08002796   0x08002796   0x0000000c   Code   RO         2529    i.HAL_GPIO_EXTI_Callback  stm32l4xx_hal_msp.o
    0x080027a2   0x080027a2   0x00000002   PAD
    0x080027a4   0x080027a4   0x0000001c   Code   RO         4311    i.HAL_GPIO_EXTI_IRQHandler  stm32l4xx_hal_gpio.o
    0x080027c0   0x080027c0   0x00000204   Code   RO         4312    i.HAL_GPIO_Init     stm32l4xx_hal_gpio.o
    0x080029c4   0x080029c4   0x0000000a   Code   RO         4316    i.HAL_GPIO_WritePin  stm32l4xx_hal_gpio.o
    0x080029ce   0x080029ce   0x00000002   PAD
    0x080029d0   0x080029d0   0x0000000c   Code   RO         3154    i.HAL_GetTick       stm32l4xx_hal.o
    0x080029dc   0x080029dc   0x00000018   Code   RO         3160    i.HAL_IncTick       stm32l4xx_hal.o
    0x080029f4   0x080029f4   0x0000001e   Code   RO         3161    i.HAL_Init          stm32l4xx_hal.o
    0x08002a12   0x08002a12   0x00000006   Code   RO         2530    i.HAL_InitTick      stm32l4xx_hal_msp.o
    0x08002a18   0x08002a18   0x00000034   Code   RO         2531    i.HAL_MspInit       stm32l4xx_hal_msp.o
    0x08002a4c   0x08002a4c   0x00000020   Code   RO         3874    i.HAL_NVIC_EnableIRQ  stm32l4xx_hal_cortex.o
    0x08002a6c   0x08002a6c   0x00000082   Code   RO         3880    i.HAL_NVIC_SetPriority  stm32l4xx_hal_cortex.o
    0x08002aee   0x08002aee   0x00000002   PAD
    0x08002af0   0x08002af0   0x00000028   Code   RO         3881    i.HAL_NVIC_SetPriorityGrouping  stm32l4xx_hal_cortex.o
    0x08002b18   0x08002b18   0x0000008c   Code   RO         6393    i.HAL_PWREx_ControlVoltageScaling  stm32l4xx_hal_pwr_ex.o
    0x08002ba4   0x08002ba4   0x00000054   Code   RO         6398    i.HAL_PWREx_DisableLowPowerRunMode  stm32l4xx_hal_pwr_ex.o
    0x08002bf8   0x08002bf8   0x00000014   Code   RO         6411    i.HAL_PWREx_EnableLowPowerRunMode  stm32l4xx_hal_pwr_ex.o
    0x08002c0c   0x08002c0c   0x0000003c   Code   RO         6421    i.HAL_PWREx_EnterSTOP0Mode  stm32l4xx_hal_pwr_ex.o
    0x08002c48   0x08002c48   0x00000040   Code   RO         6422    i.HAL_PWREx_EnterSTOP1Mode  stm32l4xx_hal_pwr_ex.o
    0x08002c88   0x08002c88   0x00000010   Code   RO         6424    i.HAL_PWREx_GetVoltageRange  stm32l4xx_hal_pwr_ex.o
    0x08002c98   0x08002c98   0x00000054   Code   RO         6290    i.HAL_PWR_EnterSLEEPMode  stm32l4xx_hal_pwr.o
    0x08002cec   0x08002cec   0x0000001c   Code   RO         6292    i.HAL_PWR_EnterSTOPMode  stm32l4xx_hal_pwr.o
    0x08002d08   0x08002d08   0x000004d4   Code   RO         5002    i.HAL_RCCEx_PeriphCLKConfig  stm32l4xx_hal_rcc_ex.o
    0x080031dc   0x080031dc   0x0000017c   Code   RO         4887    i.HAL_RCC_ClockConfig  stm32l4xx_hal_rcc.o
    0x08003358   0x08003358   0x00000044   Code   RO         4890    i.HAL_RCC_GetClockConfig  stm32l4xx_hal_rcc.o
    0x0800339c   0x0800339c   0x0000000c   Code   RO         4891    i.HAL_RCC_GetHCLKFreq  stm32l4xx_hal_rcc.o
    0x080033a8   0x080033a8   0x00000134   Code   RO         4892    i.HAL_RCC_GetOscConfig  stm32l4xx_hal_rcc.o
    0x080034dc   0x080034dc   0x00000024   Code   RO         4893    i.HAL_RCC_GetPCLK1Freq  stm32l4xx_hal_rcc.o
    0x08003500   0x08003500   0x00000024   Code   RO         4894    i.HAL_RCC_GetPCLK2Freq  stm32l4xx_hal_rcc.o
    0x08003524   0x08003524   0x000000ec   Code   RO         4895    i.HAL_RCC_GetSysClockFreq  stm32l4xx_hal_rcc.o
    0x08003610   0x08003610   0x0000068c   Code   RO         4898    i.HAL_RCC_OscConfig  stm32l4xx_hal_rcc.o
    0x08003c9c   0x08003c9c   0x00000010   Code   RO         5273    i.HAL_RTCEx_BKUPRead  stm32l4xx_hal_rtc_ex.o
    0x08003cac   0x08003cac   0x00000016   Code   RO         5274    i.HAL_RTCEx_BKUPWrite  stm32l4xx_hal_rtc_ex.o
    0x08003cc2   0x08003cc2   0x00000058   Code   RO         5282    i.HAL_RTCEx_EnableBypassShadow  stm32l4xx_hal_rtc_ex.o
    0x08003d1a   0x08003d1a   0x0000000a   Code   RO         2532    i.HAL_RTC_AlarmAEventCallback  stm32l4xx_hal_msp.o
    0x08003d24   0x08003d24   0x00000106   Code   RO         5131    i.HAL_RTC_DeactivateAlarm  stm32l4xx_hal_rtc.o
    0x08003e2a   0x08003e2a   0x00000002   PAD
    0x08003e2c   0x08003e2c   0x0000004c   Code   RO         5133    i.HAL_RTC_GetDate   stm32l4xx_hal_rtc.o
    0x08003e78   0x08003e78   0x0000005c   Code   RO         5135    i.HAL_RTC_GetTime   stm32l4xx_hal_rtc.o
    0x08003ed4   0x08003ed4   0x000000b4   Code   RO         5136    i.HAL_RTC_Init      stm32l4xx_hal_rtc.o
    0x08003f88   0x08003f88   0x0000006c   Code   RO         2534    i.HAL_RTC_MspInit   stm32l4xx_hal_msp.o
    0x08003ff4   0x08003ff4   0x00000218   Code   RO         5141    i.HAL_RTC_SetAlarm_IT  stm32l4xx_hal_rtc.o
    0x0800420c   0x0800420c   0x000000cc   Code   RO         5142    i.HAL_RTC_SetDate   stm32l4xx_hal_rtc.o
    0x080042d8   0x080042d8   0x000000f8   Code   RO         5143    i.HAL_RTC_SetTime   stm32l4xx_hal_rtc.o
    0x080043d0   0x080043d0   0x00000038   Code   RO         5144    i.HAL_RTC_WaitForSynchro  stm32l4xx_hal_rtc.o
    0x08004408   0x08004408   0x000000c0   Code   RO         5523    i.HAL_SPI_Init      stm32l4xx_hal_spi.o
    0x080044c8   0x080044c8   0x00000002   Code   RO         5525    i.HAL_SPI_MspInit   stm32l4xx_hal_spi.o
    0x080044ca   0x080044ca   0x000002c2   Code   RO         5532    i.HAL_SPI_TransmitReceive  stm32l4xx_hal_spi.o
    0x0800478c   0x0800478c   0x00000002   Code   RO         6645    i.HAL_UARTEx_WakeupCallback  stm32l4xx_hal_uart_ex.o
    0x0800478e   0x0800478e   0x00000002   Code   RO         5921    i.HAL_UART_ErrorCallback  stm32l4xx_hal_uart.o
    0x08004790   0x08004790   0x00000190   Code   RO         5924    i.HAL_UART_IRQHandler  stm32l4xx_hal_uart.o
    0x08004920   0x08004920   0x00000074   Code   RO         5925    i.HAL_UART_Init     stm32l4xx_hal_uart.o
    0x08004994   0x08004994   0x00000164   Code   RO         2944    i.HAL_UART_MspInit  vcom.o
    0x08004af8   0x08004af8   0x0000012a   Code   RO         5928    i.HAL_UART_Receive  stm32l4xx_hal_uart.o
    0x08004c22   0x08004c22   0x000000d6   Code   RO         5933    i.HAL_UART_Transmit  stm32l4xx_hal_uart.o
    0x08004cf8   0x08004cf8   0x000000b4   Code   RO         5934    i.HAL_UART_Transmit_DMA  stm32l4xx_hal_uart.o
    0x08004dac   0x08004dac   0x00000010   Code   RO         2945    i.HAL_UART_TxCpltCallback  vcom.o
    0x08004dbc   0x08004dbc   0x00000002   Code   RO         5937    i.HAL_UART_TxHalfCpltCallback  stm32l4xx_hal_uart.o
    0x08004dbe   0x08004dbe   0x00000002   PAD
    0x08004dc0   0x08004dc0   0x00000018   Code   RO         3025    i.HW_AdcDeInit      stm32l4xx_hw.o
    0x08004dd8   0x08004dd8   0x00000078   Code   RO         3026    i.HW_AdcInit        stm32l4xx_hw.o
    0x08004e50   0x08004e50   0x0000008c   Code   RO         3027    i.HW_AdcReadChannel  stm32l4xx_hw.o
    0x08004edc   0x08004edc   0x00000034   Code   RO         2667    i.HW_GPIO_GetBitPos  hw_gpio.o
    0x08004f10   0x08004f10   0x000000e8   Code   RO         2668    i.HW_GPIO_Init      hw_gpio.o
    0x08004ff8   0x08004ff8   0x00000024   Code   RO         2669    i.HW_GPIO_IrqHandler  hw_gpio.o
    0x0800501c   0x0800501c   0x00000048   Code   RO         2671    i.HW_GPIO_SetIrq    hw_gpio.o
    0x08005064   0x08005064   0x00000014   Code   RO         2672    i.HW_GPIO_Write     hw_gpio.o
    0x08005078   0x08005078   0x0000002c   Code   RO         3029    i.HW_GetBatteryLevel  stm32l4xx_hw.o
    0x080050a4   0x080050a4   0x0000001c   Code   RO         3030    i.HW_GetRandomSeed  stm32l4xx_hw.o
    0x080050c0   0x080050c0   0x0000006c   Code   RO         3031    i.HW_GetTemperatureLevel  stm32l4xx_hw.o
    0x0800512c   0x0800512c   0x0000006c   Code   RO         3032    i.HW_GetUniqueId    stm32l4xx_hw.o
    0x08005198   0x08005198   0x00000158   Code   RO         3033    i.HW_GpioInit       stm32l4xx_hw.o
    0x080052f0   0x080052f0   0x00000034   Code   RO         3034    i.HW_Init           stm32l4xx_hw.o
    0x08005324   0x08005324   0x00000018   Code   RO         3035    i.HW_IoDeInit       stm32l4xx_hw.o
    0x0800533c   0x0800533c   0x00000018   Code   RO         3036    i.HW_IoInit         stm32l4xx_hw.o
    0x08005354   0x08005354   0x00000020   Code   RO         2722    i.HW_RTC_BKUPRead   hw_rtc.o
    0x08005374   0x08005374   0x00000020   Code   RO         2723    i.HW_RTC_BKUPWrite  hw_rtc.o
    0x08005394   0x08005394   0x00000026   Code   RO         2724    i.HW_RTC_DelayMs    hw_rtc.o
    0x080053ba   0x080053ba   0x0000002e   Code   RO         2725    i.HW_RTC_GetCalendarTime  hw_rtc.o
    0x080053e8   0x080053e8   0x000000e8   Code   RO         2726    i.HW_RTC_GetCalendarValue  hw_rtc.o
    0x080054d0   0x080054d0   0x00000004   Code   RO         2727    i.HW_RTC_GetMinimumTimeout  hw_rtc.o
    0x080054d4   0x080054d4   0x0000000c   Code   RO         2728    i.HW_RTC_GetTimerContext  hw_rtc.o
    0x080054e0   0x080054e0   0x0000001c   Code   RO         2729    i.HW_RTC_GetTimerElapsedTime  hw_rtc.o
    0x080054fc   0x080054fc   0x00000014   Code   RO         2730    i.HW_RTC_GetTimerValue  hw_rtc.o
    0x08005510   0x08005510   0x00000020   Code   RO         2731    i.HW_RTC_Init       hw_rtc.o
    0x08005530   0x08005530   0x00000048   Code   RO         2732    i.HW_RTC_IrqHandler  hw_rtc.o
    0x08005578   0x08005578   0x00000044   Code   RO         2733    i.HW_RTC_SetAlarm   hw_rtc.o
    0x080055bc   0x080055bc   0x00000014   Code   RO         2734    i.HW_RTC_SetAlarmConfig  hw_rtc.o
    0x080055d0   0x080055d0   0x00000078   Code   RO         2735    i.HW_RTC_SetConfig  hw_rtc.o
    0x08005648   0x08005648   0x0000001c   Code   RO         2736    i.HW_RTC_SetTimerContext  hw_rtc.o
    0x08005664   0x08005664   0x00000180   Code   RO         2737    i.HW_RTC_StartWakeUpAlarm  hw_rtc.o
    0x080057e4   0x080057e4   0x00000034   Code   RO         2738    i.HW_RTC_StopAlarm  hw_rtc.o
    0x08005818   0x08005818   0x0000001c   Code   RO         2739    i.HW_RTC_Tick2ms    hw_rtc.o
    0x08005834   0x08005834   0x00000018   Code   RO         2741    i.HW_RTC_ms2Tick    hw_rtc.o
    0x0800584c   0x0800584c   0x00000020   Code   RO         2889    i.HW_SPI_InOut      hw_spi.o
    0x0800586c   0x0800586c   0x0000007c   Code   RO         2890    i.HW_SPI_Init       hw_spi.o
    0x080058e8   0x080058e8   0x00000084   Code   RO         2891    i.HW_SPI_IoDeInit   hw_spi.o
    0x0800596c   0x0800596c   0x00000064   Code   RO         2892    i.HW_SPI_IoInit     hw_spi.o
    0x080059d0   0x080059d0   0x000000cc   Code   RO         7662    i.HandleRadioRxErrorTimeout  loramac.o
    0x08005a9c   0x08005a9c   0x00000006   Code   RO         2396    i.HardFault_Handler  stm32l4xx_it.o
    0x08005aa2   0x08005aa2   0x00000002   PAD
    0x08005aa4   0x08005aa4   0x00000018   Code   RO         8524    i.IncreaseBufferPointer  loramacconfirmqueue.o
    0x08005abc   0x08005abc   0x00000024   Code   RO         7663    i.IsRequestPending  loramac.o
    0x08005ae0   0x08005ae0   0x0000001c   Code   RO         8390    i.IsSlotFree        loramaccommands.o
    0x08005afc   0x08005afc   0x0000001a   Code   RO         8391    i.IsSticky          loramaccommands.o
    0x08005b16   0x08005b16   0x00000002   PAD
    0x08005b18   0x08005b18   0x00000010   Code   RO         3406    i.LL_ADC_Enable     stm32l4xx_hal_adc.o
    0x08005b28   0x08005b28   0x0000000a   Code   RO         3407    i.LL_ADC_GetMultimode  stm32l4xx_hal_adc.o
    0x08005b32   0x08005b32   0x00000012   Code   RO         3408    i.LL_ADC_GetOffsetChannel  stm32l4xx_hal_adc.o
    0x08005b44   0x08005b44   0x0000000a   Code   RO         3409    i.LL_ADC_INJ_IsConversionOngoing  stm32l4xx_hal_adc.o
    0x08005b4e   0x08005b4e   0x0000000a   Code   RO         3410    i.LL_ADC_IsDisableOngoing  stm32l4xx_hal_adc.o
    0x08005b58   0x08005b58   0x0000000a   Code   RO         3411    i.LL_ADC_IsEnabled  stm32l4xx_hal_adc.o
    0x08005b62   0x08005b62   0x0000000a   Code   RO         3412    i.LL_ADC_IsInternalRegulatorEnabled  stm32l4xx_hal_adc.o
    0x08005b6c   0x08005b6c   0x0000000a   Code   RO         3413    i.LL_ADC_REG_IsConversionOngoing  stm32l4xx_hal_adc.o
    0x08005b76   0x08005b76   0x00000012   Code   RO         3414    i.LL_ADC_REG_IsTriggerSourceSWStart  stm32l4xx_hal_adc.o
    0x08005b88   0x08005b88   0x00000010   Code   RO         3415    i.LL_ADC_REG_StartConversion  stm32l4xx_hal_adc.o
    0x08005b98   0x08005b98   0x00000028   Code   RO         3417    i.LL_ADC_SetChannelSamplingTime  stm32l4xx_hal_adc.o
    0x08005bc0   0x08005bc0   0x0000000c   Code   RO         3418    i.LL_ADC_SetCommonPathInternalCh  stm32l4xx_hal_adc.o
    0x08005bcc   0x08005bcc   0x00000016   Code   RO         3419    i.LL_ADC_SetOffsetState  stm32l4xx_hal_adc.o
    0x08005be2   0x08005be2   0x00000002   PAD
    0x08005be4   0x08005be4   0x0000004c   Code   RO         2177    i.LORA_ConfirmClass  main.o
    0x08005c30   0x08005c30   0x00000038   Code   RO         2178    i.LORA_GetBatteryLevel  main.o
    0x08005c68   0x08005c68   0x0000000a   Code   RO         2179    i.LORA_HasJoined    main.o
    0x08005c72   0x08005c72   0x00000002   PAD
    0x08005c74   0x08005c74   0x0000028c   Code   RO         7490    i.LORA_Init         lora.o
    0x08005f00   0x08005f00   0x000000e4   Code   RO         7491    i.LORA_Join         lora.o
    0x08005fe4   0x08005fe4   0x00000020   Code   RO         7492    i.LORA_JoinStatus   lora.o
    0x08006004   0x08006004   0x0000008c   Code   RO         7493    i.LORA_RequestClass  lora.o
    0x08006090   0x08006090   0x000000f4   Code   RO         2180    i.LORA_RxData       main.o
    0x08006184   0x08006184   0x0000001c   Code   RO         2181    i.LORA_TxNeeded     main.o
    0x080061a0   0x080061a0   0x00000098   Code   RO         7494    i.LORA_send         lora.o
    0x08006238   0x08006238   0x00000034   Code   RO        11075    i.LPM_EnterLowPower  low_power_manager.o
    0x0800626c   0x0800626c   0x00000002   Code   RO        11076    i.LPM_EnterOffMode  low_power_manager.o
    0x0800626e   0x0800626e   0x0000000c   Code   RO         3037    i.LPM_EnterSleepMode  stm32l4xx_hw.o
    0x0800627a   0x0800627a   0x00000026   Code   RO         3038    i.LPM_EnterStopMode  stm32l4xx_hw.o
    0x080062a0   0x080062a0   0x00000002   Code   RO        11079    i.LPM_ExitOffMode   low_power_manager.o
    0x080062a2   0x080062a2   0x00000002   Code   RO        11080    i.LPM_ExitSleepMode  low_power_manager.o
    0x080062a4   0x080062a4   0x00000098   Code   RO         3039    i.LPM_ExitStopMode  stm32l4xx_hw.o
    0x0800633c   0x0800633c   0x00000034   Code   RO        11082    i.LPM_GetMode       low_power_manager.o
    0x08006370   0x08006370   0x00000040   Code   RO        11083    i.LPM_SetOffMode    low_power_manager.o
    0x080063b0   0x080063b0   0x00000040   Code   RO        11084    i.LPM_SetStopMode   low_power_manager.o
    0x080063f0   0x080063f0   0x00000014   Code   RO         9071    i.LimitTxPower      regionas923.o
    0x08006404   0x08006404   0x00000022   Code   RO         8392    i.LinkedListAdd     loramaccommands.o
    0x08006426   0x08006426   0x00000026   Code   RO         8393    i.LinkedListGetPrevious  loramaccommands.o
    0x0800644c   0x0800644c   0x00000012   Code   RO         8394    i.LinkedListInit    loramaccommands.o
    0x0800645e   0x0800645e   0x00000038   Code   RO         8395    i.LinkedListRemove  loramaccommands.o
    0x08006496   0x08006496   0x00000024   Code   RO         8126    i.LoRaMacAdrCalcNext  loramacadr.o
    0x080064ba   0x080064ba   0x00000002   PAD
    0x080064bc   0x080064bc   0x00000040   Code   RO         7666    i.LoRaMacCheckForBeaconAcquisition  loramac.o
    0x080064fc   0x080064fc   0x00000034   Code   RO         7667    i.LoRaMacCheckForRxAbort  loramac.o
    0x08006530   0x08006530   0x00000006   Code   RO         8156    i.LoRaMacClassBBeaconFreqReq  loramacclassb.o
    0x08006536   0x08006536   0x00000002   Code   RO         8157    i.LoRaMacClassBBeaconTimerEvent  loramacclassb.o
    0x08006538   0x08006538   0x00000002   Code   RO         8158    i.LoRaMacClassBBeaconTimingAns  loramacclassb.o
    0x0800653a   0x0800653a   0x00000002   Code   RO         8159    i.LoRaMacClassBDeviceTimeAns  loramacclassb.o
    0x0800653c   0x0800653c   0x00000008   Code   RO         8160    i.LoRaMacClassBGetNvmCtx  loramacclassb.o
    0x08006544   0x08006544   0x00000002   Code   RO         8161    i.LoRaMacClassBHaltBeaconing  loramacclassb.o
    0x08006546   0x08006546   0x00000002   Code   RO         8162    i.LoRaMacClassBInit  loramacclassb.o
    0x08006548   0x08006548   0x00000004   Code   RO         8163    i.LoRaMacClassBIsAcquisitionInProgress  loramacclassb.o
    0x0800654c   0x0800654c   0x00000004   Code   RO         8165    i.LoRaMacClassBIsBeaconExpected  loramacclassb.o
    0x08006550   0x08006550   0x00000004   Code   RO         8166    i.LoRaMacClassBIsBeaconModeActive  loramacclassb.o
    0x08006554   0x08006554   0x00000004   Code   RO         8167    i.LoRaMacClassBIsMulticastExpected  loramacclassb.o
    0x08006558   0x08006558   0x00000004   Code   RO         8168    i.LoRaMacClassBIsPingExpected  loramacclassb.o
    0x0800655c   0x0800655c   0x00000006   Code   RO         8169    i.LoRaMacClassBIsUplinkCollision  loramacclassb.o
    0x08006562   0x08006562   0x00000006   Code   RO         8170    i.LoRaMacClassBMibGetRequestConfirm  loramacclassb.o
    0x08006568   0x08006568   0x00000002   Code   RO         8171    i.LoRaMacClassBMulticastSlotTimerEvent  loramacclassb.o
    0x0800656a   0x0800656a   0x00000006   Code   RO         8172    i.LoRaMacClassBPingSlotChannelReq  loramacclassb.o
    0x08006570   0x08006570   0x00000002   Code   RO         8173    i.LoRaMacClassBPingSlotInfoAns  loramacclassb.o
    0x08006572   0x08006572   0x00000002   Code   RO         8174    i.LoRaMacClassBPingSlotTimerEvent  loramacclassb.o
    0x08006574   0x08006574   0x00000002   Code   RO         8175    i.LoRaMacClassBProcess  loramacclassb.o
    0x08006576   0x08006576   0x00000006   Code   RO         8176    i.LoRaMacClassBRestoreNvmCtx  loramacclassb.o
    0x0800657c   0x0800657c   0x00000002   Code   RO         8177    i.LoRaMacClassBResumeBeaconing  loramacclassb.o
    0x0800657e   0x0800657e   0x00000006   Code   RO         8178    i.LoRaMacClassBRxBeacon  loramacclassb.o
    0x08006584   0x08006584   0x00000002   Code   RO         8179    i.LoRaMacClassBSetBeaconState  loramacclassb.o
    0x08006586   0x08006586   0x00000002   Code   RO         8181    i.LoRaMacClassBSetMulticastSlotState  loramacclassb.o
    0x08006588   0x08006588   0x00000002   Code   RO         8182    i.LoRaMacClassBSetPingSlotInfo  loramacclassb.o
    0x0800658a   0x0800658a   0x00000002   Code   RO         8183    i.LoRaMacClassBSetPingSlotState  loramacclassb.o
    0x0800658c   0x0800658c   0x00000002   Code   RO         8185    i.LoRaMacClassBStopRxSlots  loramacclassb.o
    0x0800658e   0x0800658e   0x00000006   Code   RO         8186    i.LoRaMacClassBSwitchClass  loramacclassb.o
    0x08006594   0x08006594   0x00000060   Code   RO         8396    i.LoRaMacCommandsAddCmd  loramaccommands.o
    0x080065f4   0x080065f4   0x00000010   Code   RO         8398    i.LoRaMacCommandsGetNvmCtx  loramaccommands.o
    0x08006604   0x08006604   0x00000018   Code   RO         8399    i.LoRaMacCommandsGetSizeSerializedCmds  loramaccommands.o
    0x0800661c   0x0800661c   0x00000024   Code   RO         8400    i.LoRaMacCommandsInit  loramaccommands.o
    0x08006640   0x08006640   0x00000044   Code   RO         8401    i.LoRaMacCommandsRemoveCmd  loramaccommands.o
    0x08006684   0x08006684   0x0000002c   Code   RO         8402    i.LoRaMacCommandsRemoveNoneStickyCmds  loramaccommands.o
    0x080066b0   0x080066b0   0x0000002c   Code   RO         8403    i.LoRaMacCommandsRemoveStickyAnsCmds  loramaccommands.o
    0x080066dc   0x080066dc   0x0000001c   Code   RO         8404    i.LoRaMacCommandsRestoreNvmCtx  loramaccommands.o
    0x080066f8   0x080066f8   0x0000005c   Code   RO         8405    i.LoRaMacCommandsSerializeCmds  loramaccommands.o
    0x08006754   0x08006754   0x0000002c   Code   RO         8406    i.LoRaMacCommandsStickyCmdsPending  loramaccommands.o
    0x08006780   0x08006780   0x00000054   Code   RO         8525    i.LoRaMacConfirmQueueAdd  loramacconfirmqueue.o
    0x080067d4   0x080067d4   0x0000000c   Code   RO         8526    i.LoRaMacConfirmQueueGetCnt  loramacconfirmqueue.o
    0x080067e0   0x080067e0   0x00000010   Code   RO         8527    i.LoRaMacConfirmQueueGetNvmCtx  loramacconfirmqueue.o
    0x080067f0   0x080067f0   0x0000002c   Code   RO         8528    i.LoRaMacConfirmQueueGetStatus  loramacconfirmqueue.o
    0x0800681c   0x0800681c   0x00000070   Code   RO         8530    i.LoRaMacConfirmQueueHandleCb  loramacconfirmqueue.o
    0x0800688c   0x0800688c   0x00000044   Code   RO         8531    i.LoRaMacConfirmQueueInit  loramacconfirmqueue.o
    0x080068d0   0x080068d0   0x00000020   Code   RO         8532    i.LoRaMacConfirmQueueIsCmdActive  loramacconfirmqueue.o
    0x080068f0   0x080068f0   0x00000018   Code   RO         8533    i.LoRaMacConfirmQueueIsFull  loramacconfirmqueue.o
    0x08006908   0x08006908   0x00000030   Code   RO         8534    i.LoRaMacConfirmQueueRemoveFirst  loramacconfirmqueue.o
    0x08006938   0x08006938   0x0000001c   Code   RO         8536    i.LoRaMacConfirmQueueRestoreNvmCtx  loramacconfirmqueue.o
    0x08006954   0x08006954   0x00000030   Code   RO         8537    i.LoRaMacConfirmQueueSetStatus  loramacconfirmqueue.o
    0x08006984   0x08006984   0x00000038   Code   RO         8538    i.LoRaMacConfirmQueueSetStatusCmn  loramacconfirmqueue.o
    0x080069bc   0x080069bc   0x00000038   Code   RO         8648    i.LoRaMacCryptoDeriveMcKEKey  loramaccrypto.o
    0x080069f4   0x080069f4   0x0000005c   Code   RO         8649    i.LoRaMacCryptoDeriveMcRootKey  loramaccrypto.o
    0x08006a50   0x08006a50   0x00000090   Code   RO         8651    i.LoRaMacCryptoGetFCntDown  loramaccrypto.o
    0x08006ae0   0x08006ae0   0x0000001c   Code   RO         8652    i.LoRaMacCryptoGetFCntUp  loramaccrypto.o
    0x08006afc   0x08006afc   0x00000010   Code   RO         8653    i.LoRaMacCryptoGetNvmCtx  loramaccrypto.o
    0x08006b0c   0x08006b0c   0x000001f6   Code   RO         8654    i.LoRaMacCryptoHandleJoinAccept  loramaccrypto.o
    0x08006d02   0x08006d02   0x00000002   PAD
    0x08006d04   0x08006d04   0x00000054   Code   RO         8655    i.LoRaMacCryptoInit  loramaccrypto.o
    0x08006d58   0x08006d58   0x00000064   Code   RO         8656    i.LoRaMacCryptoPrepareJoinRequest  loramaccrypto.o
    0x08006dbc   0x08006dbc   0x0000001c   Code   RO         8659    i.LoRaMacCryptoRestoreNvmCtx  loramaccrypto.o
    0x08006dd8   0x08006dd8   0x000000ac   Code   RO         8660    i.LoRaMacCryptoSecureMessage  loramaccrypto.o
    0x08006e84   0x08006e84   0x00000036   Code   RO         8661    i.LoRaMacCryptoSetKey  loramaccrypto.o
    0x08006eba   0x08006eba   0x00000002   PAD
    0x08006ebc   0x08006ebc   0x00000014   Code   RO         8662    i.LoRaMacCryptoSetLrWanVersion  loramaccrypto.o
    0x08006ed0   0x08006ed0   0x00000034   Code   RO         8663    i.LoRaMacCryptoSetMulticastReference  loramaccrypto.o
    0x08006f04   0x08006f04   0x000000d2   Code   RO         8664    i.LoRaMacCryptoUnsecureMessage  loramaccrypto.o
    0x08006fd6   0x08006fd6   0x00000002   PAD
    0x08006fd8   0x08006fd8   0x0000000c   Code   RO         7668    i.LoRaMacEnableRequests  loramac.o
    0x08006fe4   0x08006fe4   0x00000098   Code   RO         7669    i.LoRaMacHandleIndicationEvents  loramac.o
    0x0800707c   0x0800707c   0x00000068   Code   RO         7670    i.LoRaMacHandleIrqEvents  loramac.o
    0x080070e4   0x080070e4   0x000000ac   Code   RO         7671    i.LoRaMacHandleMcpsRequest  loramac.o
    0x08007190   0x08007190   0x00000060   Code   RO         7672    i.LoRaMacHandleMlmeRequest  loramac.o
    0x080071f0   0x080071f0   0x000000b4   Code   RO         7673    i.LoRaMacHandleRequestEvents  loramac.o
    0x080072a4   0x080072a4   0x00000028   Code   RO         7674    i.LoRaMacHandleScheduleUplinkEvent  loramac.o
    0x080072cc   0x080072cc   0x0000056c   Code   RO         7675    i.LoRaMacInitialization  loramac.o
    0x08007838   0x08007838   0x00000020   Code   RO         7676    i.LoRaMacIsBusy     loramac.o
    0x08007858   0x08007858   0x00000194   Code   RO         7681    i.LoRaMacMcpsRequest  loramac.o
    0x080079ec   0x080079ec   0x00000006   Code   RO         8187    i.LoRaMacMibClassBSetRequestConfirm  loramacclassb.o
    0x080079f2   0x080079f2   0x00000002   PAD
    0x080079f4   0x080079f4   0x0000023c   Code   RO         7682    i.LoRaMacMibGetRequestConfirm  loramac.o
    0x08007c30   0x08007c30   0x00000668   Code   RO         7683    i.LoRaMacMibSetRequestConfirm  loramac.o
    0x08008298   0x08008298   0x000001b0   Code   RO         7684    i.LoRaMacMlmeRequest  loramac.o
    0x08008448   0x08008448   0x00000124   Code   RO         8829    i.LoRaMacParserData  loramacparser.o
    0x0800856c   0x0800856c   0x000000fa   Code   RO         8830    i.LoRaMacParserJoinAccept  loramacparser.o
    0x08008666   0x08008666   0x00000002   PAD
    0x08008668   0x08008668   0x00000060   Code   RO         7685    i.LoRaMacProcess    loramac.o
    0x080086c8   0x080086c8   0x00000100   Code   RO         7686    i.LoRaMacQueryTxPossible  loramac.o
    0x080087c8   0x080087c8   0x00000132   Code   RO         8859    i.LoRaMacSerializerData  loramacserializer.o
    0x080088fa   0x080088fa   0x000000a6   Code   RO         8860    i.LoRaMacSerializerJoinRequest  loramacserializer.o
    0x080089a0   0x080089a0   0x00000010   Code   RO         7687    i.LoRaMacStart      loramac.o
    0x080089b0   0x080089b0   0x0000000c   Code   RO         2182    i.LoraMacProcessNotify  main.o
    0x080089bc   0x080089bc   0x0000006c   Code   RO         2183    i.LoraStartTx       main.o
    0x08008a28   0x08008a28   0x00000090   Code   RO         2535    i.MSP_GetIRQn       stm32l4xx_hal_msp.o
    0x08008ab8   0x08008ab8   0x00000040   Code   RO         2345    i.MX_USART3_UART_Init  usart.o
    0x08008af8   0x08008af8   0x0000002c   Code   RO         8407    i.MallocNewMacCommandSlot  loramaccommands.o
    0x08008b24   0x08008b24   0x0000002c   Code   RO         7495    i.McpsConfirm       lora.o
    0x08008b50   0x08008b50   0x0000008c   Code   RO         7496    i.McpsIndication    lora.o
    0x08008bdc   0x08008bdc   0x00000004   Code   RO         2397    i.MemManage_Handler  stm32l4xx_it.o
    0x08008be0   0x08008be0   0x00000044   Code   RO         7497    i.MlmeConfirm       lora.o
    0x08008c24   0x08008c24   0x00000024   Code   RO         7498    i.MlmeIndication    lora.o
    0x08008c48   0x08008c48   0x00000002   Code   RO         2398    i.NMI_Handler       stm32l4xx_it.o
    0x08008c4a   0x08008c4a   0x00000002   PAD
    0x08008c4c   0x08008c4c   0x00000014   Code   RO         8408    i.NvmCtxCallback    loramaccommands.o
    0x08008c60   0x08008c60   0x00000060   Code   RO         7690    i.OnAckTimeoutTimerEvent  loramac.o
    0x08008cc0   0x08008cc0   0x0000000a   Code   RO         7586    i.OnCertifTxNextPacketTimerEvent  lora-test.o
    0x08008cca   0x08008cca   0x00000002   PAD
    0x08008ccc   0x08008ccc   0x00000094   Code   RO         7691    i.OnRadioRxDone     loramac.o
    0x08008d60   0x08008d60   0x00000038   Code   RO         7692    i.OnRadioRxError    loramac.o
    0x08008d98   0x08008d98   0x00000074   Code   RO         7693    i.OnRadioRxTimeout  loramac.o
    0x08008e0c   0x08008e0c   0x00000094   Code   RO         7694    i.OnRadioTxDone     loramac.o
    0x08008ea0   0x08008ea0   0x00000074   Code   RO         7695    i.OnRadioTxTimeout  loramac.o
    0x08008f14   0x08008f14   0x0000005c   Code   RO         7696    i.OnRxWindow1TimerEvent  loramac.o
    0x08008f70   0x08008f70   0x00000068   Code   RO         7697    i.OnRxWindow2TimerEvent  loramac.o
    0x08008fd8   0x08008fd8   0x00000064   Code   RO         7698    i.OnTxDelayedTimerEvent  loramac.o
    0x0800903c   0x0800903c   0x0000001c   Code   RO         2184    i.OnTxTimerEvent    main.o
    0x08009058   0x08009058   0x00000048   Code   RO         7699    i.OpenContinuousRxCWindow  loramac.o
    0x080090a0   0x080090a0   0x000000d8   Code   RO         8665    i.PayloadEncrypt    loramaccrypto.o
    0x08009178   0x08009178   0x00000002   Code   RO         2399    i.PendSV_Handler    stm32l4xx_it.o
    0x0800917a   0x0800917a   0x00000002   PAD
    0x0800917c   0x0800917c   0x00000074   Code   RO         8666    i.PrepareB0         loramaccrypto.o
    0x080091f0   0x080091f0   0x000001ba   Code   RO         7700    i.PrepareFrame      loramac.o
    0x080093aa   0x080093aa   0x00000002   PAD
    0x080093ac   0x080093ac   0x00000050   Code   RO         7701    i.PrepareRxDoneAbort  loramac.o
    0x080093fc   0x080093fc   0x00000696   Code   RO         7702    i.ProcessMacCommands  loramac.o
    0x08009a92   0x08009a92   0x00000002   PAD
    0x08009a94   0x08009a94   0x0000071e   Code   RO         7703    i.ProcessRadioRxDone  loramac.o
    0x0800a1b2   0x0800a1b2   0x0000000c   Code   RO         7704    i.ProcessRadioRxError  loramac.o
    0x0800a1be   0x0800a1be   0x0000000c   Code   RO         7705    i.ProcessRadioRxTimeout  loramac.o
    0x0800a1ca   0x0800a1ca   0x00000002   PAD
    0x0800a1cc   0x0800a1cc   0x00000100   Code   RO         7706    i.ProcessRadioTxDone  loramac.o
    0x0800a2cc   0x0800a2cc   0x00000054   Code   RO         7707    i.ProcessRadioTxTimeout  loramac.o
    0x0800a320   0x0800a320   0x0000018c   Code   RO         5006    i.RCCEx_PLLSAI1_Config  stm32l4xx_hal_rcc_ex.o
    0x0800a4ac   0x0800a4ac   0x00000164   Code   RO         5007    i.RCCEx_PLLSAI2_Config  stm32l4xx_hal_rcc_ex.o
    0x0800a610   0x0800a610   0x0000009c   Code   RO         4899    i.RCC_SetFlashLatencyFromMSIRange  stm32l4xx_hal_rcc.o
    0x0800a6ac   0x0800a6ac   0x00000008   Code   RO         2400    i.RTC_Alarm_IRQHandler  stm32l4xx_it.o
    0x0800a6b4   0x0800a6b4   0x00000014   Code   RO         5145    i.RTC_Bcd2ToByte    stm32l4xx_hal_rtc.o
    0x0800a6c8   0x0800a6c8   0x0000001c   Code   RO         5146    i.RTC_ByteToBcd2    stm32l4xx_hal_rtc.o
    0x0800a6e4   0x0800a6e4   0x00000044   Code   RO         5147    i.RTC_EnterInitMode  stm32l4xx_hal_rtc.o
    0x0800a728   0x0800a728   0x00000068   Code   RO         5148    i.RTC_ExitInitMode  stm32l4xx_hal_rtc.o
    0x0800a790   0x0800a790   0x00000006   Code   RO         9072    i.RegionAS923AlternateDr  regionas923.o
    0x0800a796   0x0800a796   0x0000008e   Code   RO         9073    i.RegionAS923ApplyCFList  regionas923.o
    0x0800a824   0x0800a824   0x00000044   Code   RO         9074    i.RegionAS923ApplyDrOffset  regionas923.o
    0x0800a868   0x0800a868   0x0000003c   Code   RO         9075    i.RegionAS923CalcBackOff  regionas923.o
    0x0800a8a4   0x0800a8a4   0x00000038   Code   RO         9076    i.RegionAS923ChanMaskSet  regionas923.o
    0x0800a8dc   0x0800a8dc   0x000000c0   Code   RO         9077    i.RegionAS923ChannelAdd  regionas923.o
    0x0800a99c   0x0800a99c   0x00000038   Code   RO         9078    i.RegionAS923ChannelsRemove  regionas923.o
    0x0800a9d4   0x0800a9d4   0x000000ac   Code   RO         9079    i.RegionAS923ComputeRxWindowParameters  regionas923.o
    0x0800aa80   0x0800aa80   0x00000040   Code   RO         9080    i.RegionAS923DlChannelReq  regionas923.o
    0x0800aac0   0x0800aac0   0x00000010   Code   RO         9081    i.RegionAS923GetNvmCtx  regionas923.o
    0x0800aad0   0x0800aad0   0x000001c0   Code   RO         9082    i.RegionAS923GetPhyParam  regionas923.o
    0x0800ac90   0x0800ac90   0x000000d4   Code   RO         9083    i.RegionAS923InitDefaults  regionas923.o
    0x0800ad64   0x0800ad64   0x00000192   Code   RO         9084    i.RegionAS923LinkAdrReq  regionas923.o
    0x0800aef6   0x0800aef6   0x0000005e   Code   RO         9085    i.RegionAS923NewChannelReq  regionas923.o
    0x0800af54   0x0800af54   0x00000142   Code   RO         9086    i.RegionAS923NextChannel  regionas923.o
    0x0800b096   0x0800b096   0x00000002   PAD
    0x0800b098   0x0800b098   0x00000120   Code   RO         9088    i.RegionAS923RxConfig  regionas923.o
    0x0800b1b8   0x0800b1b8   0x0000003a   Code   RO         9089    i.RegionAS923RxParamSetupReq  regionas923.o
    0x0800b1f2   0x0800b1f2   0x00000002   PAD
    0x0800b1f4   0x0800b1f4   0x00000028   Code   RO         9090    i.RegionAS923SetBandTxDone  regionas923.o
    0x0800b21c   0x0800b21c   0x00000074   Code   RO         9091    i.RegionAS923SetContinuousWave  regionas923.o
    0x0800b290   0x0800b290   0x0000012a   Code   RO         9092    i.RegionAS923TxConfig  regionas923.o
    0x0800b3ba   0x0800b3ba   0x00000006   Code   RO         9093    i.RegionAS923TxParamSetupReq  regionas923.o
    0x0800b3c0   0x0800b3c0   0x000000c4   Code   RO         9094    i.RegionAS923Verify  regionas923.o
    0x0800b484   0x0800b484   0x00000018   Code   RO         8901    i.RegionAlternateDr  region.o
    0x0800b49c   0x0800b49c   0x00000016   Code   RO         8902    i.RegionApplyCFList  region.o
    0x0800b4b2   0x0800b4b2   0x00000020   Code   RO         8903    i.RegionApplyDrOffset  region.o
    0x0800b4d2   0x0800b4d2   0x00000016   Code   RO         8904    i.RegionCalcBackOff  region.o
    0x0800b4e8   0x0800b4e8   0x00000014   Code   RO         8905    i.RegionChanMaskSet  region.o
    0x0800b4fc   0x0800b4fc   0x00000088   Code   RO         9818    i.RegionCommonCalcBackOff  regioncommon.o
    0x0800b584   0x0800b584   0x00000046   Code   RO         9819    i.RegionCommonChanDisable  regioncommon.o
    0x0800b5ca   0x0800b5ca   0x0000001e   Code   RO         9820    i.RegionCommonChanMaskCopy  regioncommon.o
    0x0800b5e8   0x0800b5e8   0x00000088   Code   RO         9821    i.RegionCommonChanVerifyDr  regioncommon.o
    0x0800b670   0x0800b670   0x00000184   Code   RO         9822    i.RegionCommonComputeRxWindowParameters  regioncommon.o
    0x0800b7f4   0x0800b7f4   0x00000034   Code   RO         9823    i.RegionCommonComputeSymbolTimeFsk  regioncommon.o
    0x0800b828   0x0800b828   0x0000004c   Code   RO         9824    i.RegionCommonComputeSymbolTimeLoRa  regioncommon.o
    0x0800b874   0x0800b874   0x00000058   Code   RO         9825    i.RegionCommonComputeTxPower  regioncommon.o
    0x0800b8cc   0x0800b8cc   0x00000036   Code   RO         9826    i.RegionCommonCountChannels  regioncommon.o
    0x0800b902   0x0800b902   0x00000002   PAD
    0x0800b904   0x0800b904   0x00000028   Code   RO         9827    i.RegionCommonGetJoinDc  regioncommon.o
    0x0800b92c   0x0800b92c   0x00000094   Code   RO         9828    i.RegionCommonLinkAdrReqVerifyParams  regioncommon.o
    0x0800b9c0   0x0800b9c0   0x00000048   Code   RO         9829    i.RegionCommonParseLinkAdrReq  regioncommon.o
    0x0800ba08   0x0800ba08   0x0000000e   Code   RO         9831    i.RegionCommonSetBandTxDone  regioncommon.o
    0x0800ba16   0x0800ba16   0x000000fa   Code   RO         9832    i.RegionCommonUpdateBandTimeOff  regioncommon.o
    0x0800bb10   0x0800bb10   0x00000012   Code   RO         9833    i.RegionCommonValueInRange  regioncommon.o
    0x0800bb22   0x0800bb22   0x00000028   Code   RO         8908    i.RegionComputeRxWindowParameters  region.o
    0x0800bb4a   0x0800bb4a   0x00000014   Code   RO         8909    i.RegionDlChannelReq  region.o
    0x0800bb5e   0x0800bb5e   0x00000014   Code   RO         8910    i.RegionGetNvmCtx   region.o
    0x0800bb72   0x0800bb72   0x0000001a   Code   RO         8911    i.RegionGetPhyParam  region.o
    0x0800bb8c   0x0800bb8c   0x00000016   Code   RO         8912    i.RegionInitDefaults  region.o
    0x0800bba2   0x0800bba2   0x0000000c   Code   RO         8913    i.RegionIsActive    region.o
    0x0800bbae   0x0800bbae   0x0000002a   Code   RO         8914    i.RegionLinkAdrReq  region.o
    0x0800bbd8   0x0800bbd8   0x00000014   Code   RO         8915    i.RegionNewChannelReq  region.o
    0x0800bbec   0x0800bbec   0x00000026   Code   RO         8916    i.RegionNextChannel  region.o
    0x0800bc12   0x0800bc12   0x00000018   Code   RO         8918    i.RegionRxConfig    region.o
    0x0800bc2a   0x0800bc2a   0x00000014   Code   RO         8919    i.RegionRxParamSetupReq  region.o
    0x0800bc3e   0x0800bc3e   0x00000018   Code   RO         8920    i.RegionSetBandTxDone  region.o
    0x0800bc56   0x0800bc56   0x00000016   Code   RO         8921    i.RegionSetContinuousWave  region.o
    0x0800bc6c   0x0800bc6c   0x00000020   Code   RO         8922    i.RegionTxConfig    region.o
    0x0800bc8c   0x0800bc8c   0x00000014   Code   RO         8923    i.RegionTxParamSetupReq  region.o
    0x0800bca0   0x0800bca0   0x00000018   Code   RO         8924    i.RegionVerify      region.o
    0x0800bcb8   0x0800bcb8   0x00000026   Code   RO         7708    i.RemoveMacCommands  loramac.o
    0x0800bcde   0x0800bcde   0x00000002   PAD
    0x0800bce0   0x0800bce0   0x00000054   Code   RO         8667    i.ResetFCnts        loramaccrypto.o
    0x0800bd34   0x0800bd34   0x00000180   Code   RO         7709    i.ResetMacParameters  loramac.o
    0x0800beb4   0x0800beb4   0x00000088   Code   RO         7710    i.RestoreCtxs       loramac.o
    0x0800bf3c   0x0800bf3c   0x000000b4   Code   RO         1742    i.RxChainCalibration  sx1276.o
    0x0800bff0   0x0800bff0   0x0000004c   Code   RO         7711    i.RxWindowSetup     loramac.o
    0x0800c03c   0x0800c03c   0x00000064   Code   RO         5561    i.SPI_EndRxTxTransaction  stm32l4xx_hal_spi.o
    0x0800c0a0   0x0800c0a0   0x000000aa   Code   RO         5566    i.SPI_WaitFifoStateUntilTimeout  stm32l4xx_hal_spi.o
    0x0800c14a   0x0800c14a   0x000000a8   Code   RO         5567    i.SPI_WaitFlagStateUntilTimeout  stm32l4xx_hal_spi.o
    0x0800c1f2   0x0800c1f2   0x00000002   Code   RO         2401    i.SVC_Handler       stm32l4xx_it.o
    0x0800c1f4   0x0800c1f4   0x00000034   Code   RO         7381    i.SX1276AntSwDeInit  sx1276mb1mas.o
    0x0800c228   0x0800c228   0x00000034   Code   RO         7382    i.SX1276AntSwInit   sx1276mb1mas.o
    0x0800c25c   0x0800c25c   0x0000000c   Code   RO         1743    i.SX1276BoardInit   sx1276.o
    0x0800c268   0x0800c268   0x00000006   Code   RO         7383    i.SX1276CheckRfFrequency  sx1276mb1mas.o
    0x0800c26e   0x0800c26e   0x00000006   Code   RO         7384    i.SX1276GetPaSelect  sx1276mb1mas.o
    0x0800c274   0x0800c274   0x0000000c   Code   RO         1744    i.SX1276GetStatus   sx1276.o
    0x0800c280   0x0800c280   0x00000394   Code   RO         1745    i.SX1276GetTimeOnAir  sx1276.o
    0x0800c614   0x0800c614   0x00000004   Code   RO         7385    i.SX1276GetWakeTime  sx1276mb1mas.o
    0x0800c618   0x0800c618   0x00000014   Code   RO         1746    i.SX1276GetWakeupTime  sx1276.o
    0x0800c62c   0x0800c62c   0x000000ac   Code   RO         1747    i.SX1276Init        sx1276.o
    0x0800c6d8   0x0800c6d8   0x0000004c   Code   RO         7386    i.SX1276IoDeInit    sx1276mb1mas.o
    0x0800c724   0x0800c724   0x0000005c   Code   RO         7387    i.SX1276IoInit      sx1276mb1mas.o
    0x0800c780   0x0800c780   0x00000040   Code   RO         7388    i.SX1276IoIrqInit   sx1276mb1mas.o
    0x0800c7c0   0x0800c7c0   0x0000006a   Code   RO         1748    i.SX1276IsChannelFree  sx1276.o
    0x0800c82a   0x0800c82a   0x00000002   PAD
    0x0800c82c   0x0800c82c   0x00000350   Code   RO         1749    i.SX1276OnDio0Irq   sx1276.o
    0x0800cb7c   0x0800cb7c   0x00000184   Code   RO         1750    i.SX1276OnDio1Irq   sx1276.o
    0x0800cd00   0x0800cd00   0x00000134   Code   RO         1751    i.SX1276OnDio2Irq   sx1276.o
    0x0800ce34   0x0800ce34   0x00000070   Code   RO         1752    i.SX1276OnDio3Irq   sx1276.o
    0x0800cea4   0x0800cea4   0x0000002c   Code   RO         1753    i.SX1276OnDio4Irq   sx1276.o
    0x0800ced0   0x0800ced0   0x00000100   Code   RO         1755    i.SX1276OnTimeoutIrq  sx1276.o
    0x0800cfd0   0x0800cfd0   0x00000040   Code   RO         1756    i.SX1276Random      sx1276.o
    0x0800d010   0x0800d010   0x00000014   Code   RO         1757    i.SX1276Read        sx1276.o
    0x0800d024   0x0800d024   0x00000044   Code   RO         1758    i.SX1276ReadBuffer  sx1276.o
    0x0800d068   0x0800d068   0x00000012   Code   RO         1759    i.SX1276ReadFifo    sx1276.o
    0x0800d07a   0x0800d07a   0x00000002   PAD
    0x0800d07c   0x0800d07c   0x00000050   Code   RO         1760    i.SX1276ReadRssi    sx1276.o
    0x0800d0cc   0x0800d0cc   0x00000050   Code   RO         1761    i.SX1276Reset       sx1276.o
    0x0800d11c   0x0800d11c   0x00000128   Code   RO         1762    i.SX1276Send        sx1276.o
    0x0800d244   0x0800d244   0x0000003c   Code   RO         7389    i.SX1276SetAntSw    sx1276mb1mas.o
    0x0800d280   0x0800d280   0x00000024   Code   RO         7390    i.SX1276SetAntSwLowPower  sx1276mb1mas.o
    0x0800d2a4   0x0800d2a4   0x0000004c   Code   RO         1763    i.SX1276SetChannel  sx1276.o
    0x0800d2f0   0x0800d2f0   0x00000038   Code   RO         1764    i.SX1276SetMaxPayloadLength  sx1276.o
    0x0800d328   0x0800d328   0x00000098   Code   RO         1765    i.SX1276SetModem    sx1276.o
    0x0800d3c0   0x0800d3c0   0x0000006c   Code   RO         1766    i.SX1276SetOpMode   sx1276.o
    0x0800d42c   0x0800d42c   0x0000002c   Code   RO         1767    i.SX1276SetPublicNetwork  sx1276.o
    0x0800d458   0x0800d458   0x000000c4   Code   RO         7391    i.SX1276SetRfTxPower  sx1276mb1mas.o
    0x0800d51c   0x0800d51c   0x00000278   Code   RO         1768    i.SX1276SetRx       sx1276.o
    0x0800d794   0x0800d794   0x00000352   Code   RO         1769    i.SX1276SetRxConfig  sx1276.o
    0x0800dae6   0x0800dae6   0x00000002   PAD
    0x0800dae8   0x0800dae8   0x00000040   Code   RO         1770    i.SX1276SetSleep    sx1276.o
    0x0800db28   0x0800db28   0x00000034   Code   RO         1771    i.SX1276SetStby     sx1276.o
    0x0800db5c   0x0800db5c   0x000000c4   Code   RO         1772    i.SX1276SetTx       sx1276.o
    0x0800dc20   0x0800dc20   0x00000276   Code   RO         1773    i.SX1276SetTxConfig  sx1276.o
    0x0800de96   0x0800de96   0x00000002   PAD
    0x0800de98   0x0800de98   0x0000008c   Code   RO         1774    i.SX1276SetTxContinuousWave  sx1276.o
    0x0800df24   0x0800df24   0x00000002   Code   RO         7392    i.SX1276SetXO       sx1276mb1mas.o
    0x0800df26   0x0800df26   0x00000002   PAD
    0x0800df28   0x0800df28   0x00000044   Code   RO         1775    i.SX1276StartCad    sx1276.o
    0x0800df6c   0x0800df6c   0x00000010   Code   RO         1776    i.SX1276Write       sx1276.o
    0x0800df7c   0x0800df7c   0x00000040   Code   RO         1777    i.SX1276WriteBuffer  sx1276.o
    0x0800dfbc   0x0800dfbc   0x00000012   Code   RO         1778    i.SX1276WriteFifo   sx1276.o
    0x0800dfce   0x0800dfce   0x00000002   PAD
    0x0800dfd0   0x0800dfd0   0x00000220   Code   RO         7712    i.ScheduleTx        loramac.o
    0x0800e1f0   0x0800e1f0   0x0000007c   Code   RO        11673    i.SecureElementAesEncrypt  soft-se.o
    0x0800e26c   0x0800e26c   0x0000002c   Code   RO        11674    i.SecureElementComputeAesCmac  soft-se.o
    0x0800e298   0x0800e298   0x0000005a   Code   RO        11675    i.SecureElementDeriveAndStoreKey  soft-se.o
    0x0800e2f2   0x0800e2f2   0x00000002   PAD
    0x0800e2f4   0x0800e2f4   0x00000008   Code   RO        11676    i.SecureElementGetDevEui  soft-se.o
    0x0800e2fc   0x0800e2fc   0x00000008   Code   RO        11677    i.SecureElementGetJoinEui  soft-se.o
    0x0800e304   0x0800e304   0x00000010   Code   RO        11678    i.SecureElementGetNvmCtx  soft-se.o
    0x0800e314   0x0800e314   0x000001bc   Code   RO        11679    i.SecureElementInit  soft-se.o
    0x0800e4d0   0x0800e4d0   0x0000001c   Code   RO        11680    i.SecureElementRandomNumber  soft-se.o
    0x0800e4ec   0x0800e4ec   0x00000020   Code   RO        11681    i.SecureElementRestoreNvmCtx  soft-se.o
    0x0800e50c   0x0800e50c   0x00000028   Code   RO        11682    i.SecureElementSetDevEui  soft-se.o
    0x0800e534   0x0800e534   0x00000028   Code   RO        11683    i.SecureElementSetJoinEui  soft-se.o
    0x0800e55c   0x0800e55c   0x00000098   Code   RO        11684    i.SecureElementSetKey  soft-se.o
    0x0800e5f4   0x0800e5f4   0x0000003e   Code   RO        11685    i.SecureElementVerifyAesCmac  soft-se.o
    0x0800e632   0x0800e632   0x00000002   PAD
    0x0800e634   0x0800e634   0x00000098   Code   RO         7713    i.SecureFrame       loramac.o
    0x0800e6cc   0x0800e6cc   0x0000012e   Code   RO         2185    i.Send              main.o
    0x0800e7fa   0x0800e7fa   0x00000002   PAD
    0x0800e7fc   0x0800e7fc   0x000001b8   Code   RO         7714    i.Send              loramac.o
    0x0800e9b4   0x0800e9b4   0x00000124   Code   RO         7715    i.SendFrameOnChannel  loramac.o
    0x0800ead8   0x0800ead8   0x00000080   Code   RO         7716    i.SendReJoinReq     loramac.o
    0x0800eb58   0x0800eb58   0x00000018   Code   RO         7717    i.SetMlmeScheduleUplinkIndication  loramac.o
    0x0800eb70   0x0800eb70   0x00000074   Code   RO         7718    i.SetTxContinuousWave  loramac.o
    0x0800ebe4   0x0800ebe4   0x00000030   Code   RO         7719    i.SetTxContinuousWave1  loramac.o
    0x0800ec14   0x0800ec14   0x0000004c   Code   RO         2893    i.SpiFrequency      hw_spi.o
    0x0800ec60   0x0800ec60   0x00000068   Code   RO         7720    i.StopRetransmission  loramac.o
    0x0800ecc8   0x0800ecc8   0x000001a0   Code   RO         7721    i.SwitchClass       loramac.o
    0x0800ee68   0x0800ee68   0x00000008   Code   RO         2402    i.SysTick_Handler   stm32l4xx_it.o
    0x0800ee70   0x0800ee70   0x0000004e   Code   RO        11216    i.SysTimeAdd        systime.o
    0x0800eebe   0x0800eebe   0x00000044   Code   RO        11218    i.SysTimeGet        systime.o
    0x0800ef02   0x0800ef02   0x0000001c   Code   RO        11219    i.SysTimeGetMcuTime  systime.o
    0x0800ef1e   0x0800ef1e   0x00000038   Code   RO        11222    i.SysTimeSet        systime.o
    0x0800ef56   0x0800ef56   0x0000004c   Code   RO        11223    i.SysTimeSub        systime.o
    0x0800efa2   0x0800efa2   0x00000094   Code   RO         3040    i.SystemClock_Config  stm32l4xx_hw.o
    0x0800f036   0x0800f036   0x00000002   PAD
    0x0800f038   0x0800f038   0x00000050   Code   RO         6710    i.SystemInit        system_stm32l4xx.o
    0x0800f088   0x0800f088   0x00000020   Code   RO        11318    i.TimerExists       timeserver.o
    0x0800f0a8   0x0800f0a8   0x00000010   Code   RO        11319    i.TimerGetCurrentTime  timeserver.o
    0x0800f0b8   0x0800f0b8   0x00000020   Code   RO        11320    i.TimerGetElapsedTime  timeserver.o
    0x0800f0d8   0x0800f0d8   0x00000012   Code   RO        11321    i.TimerInit         timeserver.o
    0x0800f0ea   0x0800f0ea   0x00000002   PAD
    0x0800f0ec   0x0800f0ec   0x00000020   Code   RO        11322    i.TimerInsertNewHeadTimer  timeserver.o
    0x0800f10c   0x0800f10c   0x00000034   Code   RO        11323    i.TimerInsertTimer  timeserver.o
    0x0800f140   0x0800f140   0x000000bc   Code   RO        11324    i.TimerIrqHandler   timeserver.o
    0x0800f1fc   0x0800f1fc   0x0000002a   Code   RO        11328    i.TimerSetTimeout   timeserver.o
    0x0800f226   0x0800f226   0x0000002c   Code   RO        11329    i.TimerSetValue     timeserver.o
    0x0800f252   0x0800f252   0x00000002   PAD
    0x0800f254   0x0800f254   0x00000074   Code   RO        11330    i.TimerStart        timeserver.o
    0x0800f2c8   0x0800f2c8   0x000000b8   Code   RO        11331    i.TimerStop         timeserver.o
    0x0800f380   0x0800f380   0x00000020   Code   RO         7499    i.TraceDownLinkFrame  lora.o
    0x0800f3a0   0x0800f3a0   0x00000024   Code   RO        11433    i.TraceInit         trace.o
    0x0800f3c4   0x0800f3c4   0x00000088   Code   RO        11434    i.TraceSend         trace.o
    0x0800f44c   0x0800f44c   0x00000044   Code   RO         7500    i.TraceUpLinkFrame  lora.o
    0x0800f490   0x0800f490   0x00000058   Code   RO        11435    i.Trace_TxCpltCallback  trace.o
    0x0800f4e8   0x0800f4e8   0x000000f8   Code   RO         5938    i.UART_AdvFeatureConfig  stm32l4xx_hal_uart.o
    0x0800f5e0   0x0800f5e0   0x0000006e   Code   RO         5939    i.UART_CheckIdleState  stm32l4xx_hal_uart.o
    0x0800f64e   0x0800f64e   0x00000018   Code   RO         5940    i.UART_DMAAbortOnError  stm32l4xx_hal_uart.o
    0x0800f666   0x0800f666   0x00000056   Code   RO         5941    i.UART_DMAError     stm32l4xx_hal_uart.o
    0x0800f6bc   0x0800f6bc   0x00000038   Code   RO         5946    i.UART_DMATransmitCplt  stm32l4xx_hal_uart.o
    0x0800f6f4   0x0800f6f4   0x0000000e   Code   RO         5948    i.UART_DMATxHalfCplt  stm32l4xx_hal_uart.o
    0x0800f702   0x0800f702   0x00000022   Code   RO         5950    i.UART_EndRxTransfer  stm32l4xx_hal_uart.o
    0x0800f724   0x0800f724   0x00000020   Code   RO         5951    i.UART_EndTransmit_IT  stm32l4xx_hal_uart.o
    0x0800f744   0x0800f744   0x00000012   Code   RO         5952    i.UART_EndTxTransfer  stm32l4xx_hal_uart.o
    0x0800f756   0x0800f756   0x00000002   PAD
    0x0800f758   0x0800f758   0x0000048a   Code   RO         5955    i.UART_SetConfig    stm32l4xx_hal_uart.o
    0x0800fbe2   0x0800fbe2   0x00000068   Code   RO         5958    i.UART_WaitOnFlagUntilTimeout  stm32l4xx_hal_uart.o
    0x0800fc4a   0x0800fc4a   0x00000008   Code   RO         2403    i.USART2_IRQHandler  stm32l4xx_it.o
    0x0800fc52   0x0800fc52   0x00000002   PAD
    0x0800fc54   0x0800fc54   0x00000010   Code   RO         2404    i.USART3_IRQHandler  stm32l4xx_it.o
    0x0800fc64   0x0800fc64   0x00000060   Code   RO         8668    i.UpdateFCntDown    loramaccrypto.o
    0x0800fcc4   0x0800fcc4   0x00000028   Code   RO         7722    i.UpdateRxSlotIdleState  loramac.o
    0x0800fcec   0x0800fcec   0x00000004   Code   RO         2405    i.UsageFault_Handler  stm32l4xx_it.o
    0x0800fcf0   0x0800fcf0   0x0000002c   Code   RO         7723    i.ValidatePayloadLength  loramac.o
    0x0800fd1c   0x0800fd1c   0x00000088   Code   RO         8669    i.VerifyCmacB0      loramaccrypto.o
    0x0800fda4   0x0800fda4   0x00000034   Code   RO         9095    i.VerifyRfFreq      regionas923.o
    0x0800fdd8   0x0800fdd8   0x0000002c   Code   RO        12061    i.__0vsnprintf      mc_w.l(printfa.o)
    0x0800fe04   0x0800fe04   0x00000010   Code   RO         3887    i.__NVIC_GetPriorityGrouping  stm32l4xx_hal_cortex.o
    0x0800fe14   0x0800fe14   0x00000028   Code   RO         3888    i.__NVIC_SetPriority  stm32l4xx_hal_cortex.o
    0x0800fe3c   0x0800fe3c   0x00000004   PAD
    0x0800fe40   0x0800fe40   0x00000118   Code   RO        11794    i.__hardfp_ceil     m_wm.l(ceil.o)
    0x0800ff58   0x0800ff58   0x00000118   Code   RO        11800    i.__hardfp_floor    m_wm.l(floor.o)
    0x08010070   0x08010070   0x000000e0   Code   RO        11806    i.__hardfp_round    m_wm.l(round.o)
    0x08010150   0x08010150   0x0000000e   Code   RO        12146    i.__scatterload_copy  mc_w.l(handlers.o)
    0x0801015e   0x0801015e   0x00000002   Code   RO        12147    i.__scatterload_null  mc_w.l(handlers.o)
    0x08010160   0x08010160   0x0000000e   Code   RO        12148    i.__scatterload_zeroinit  mc_w.l(handlers.o)
    0x0801016e   0x0801016e   0x00000006   Code   RO        11333    i.__set_PRIMASK     timeserver.o
    0x08010174   0x08010174   0x00000006   Code   RO        11436    i.__set_PRIMASK     trace.o
    0x0801017a   0x0801017a   0x00000002   PAD
    0x0801017c   0x0801017c   0x0000018a   Code   RO        12063    i._fp_digits        mc_w.l(printfa.o)
    0x08010306   0x08010306   0x00000002   PAD
    0x08010308   0x08010308   0x000006e2   Code   RO        12064    i._printf_core      mc_w.l(printfa.o)
    0x080109ea   0x080109ea   0x00000024   Code   RO        12065    i._printf_post_padding  mc_w.l(printfa.o)
    0x08010a0e   0x08010a0e   0x0000002e   Code   RO        12066    i._printf_pre_padding  mc_w.l(printfa.o)
    0x08010a3c   0x08010a3c   0x00000016   Code   RO        12067    i._snputc           mc_w.l(printfa.o)
    0x08010a52   0x08010a52   0x00000032   Code   RO        11155    i.add_elementSize_and_inc_writeIdx  queue.o
    0x08010a84   0x08010a84   0x00000010   Code   RO        11558    i.add_round_key     aes.o
    0x08010a94   0x08010a94   0x0000005a   Code   RO        11560    i.aes_encrypt       aes.o
    0x08010aee   0x08010aee   0x00000002   PAD
    0x08010af0   0x08010af0   0x00000142   Code   RO        11561    i.aes_set_key       aes.o
    0x08010c32   0x08010c32   0x00000002   PAD
    0x08010c34   0x08010c34   0x00000014   Code   RO         7587    i.certif_DownLinkIncrement  lora-test.o
    0x08010c48   0x08010c48   0x0000001c   Code   RO         7588    i.certif_linkCheck  lora-test.o
    0x08010c64   0x08010c64   0x0000000c   Code   RO         7589    i.certif_running    lora-test.o
    0x08010c70   0x08010c70   0x0000020c   Code   RO         7590    i.certif_rx         lora-test.o
    0x08010e7c   0x08010e7c   0x000000f4   Code   RO         7591    i.certif_tx         lora-test.o
    0x08010f70   0x08010f70   0x000000d8   Code   RO        11156    i.circular_queue_add  queue.o
    0x08011048   0x08011048   0x00000052   Code   RO        11157    i.circular_queue_get  queue.o
    0x0801109a   0x0801109a   0x0000002a   Code   RO        11158    i.circular_queue_get_free_size  queue.o
    0x080110c4   0x080110c4   0x00000010   Code   RO        11159    i.circular_queue_init  queue.o
    0x080110d4   0x080110d4   0x00000060   Code   RO        11160    i.circular_queue_remove  queue.o
    0x08011134   0x08011134   0x00000010   Code   RO        11161    i.circular_queue_sense  queue.o
    0x08011144   0x08011144   0x00000084   Code   RO        11562    i.copy_and_key      aes.o
    0x080111c8   0x080111c8   0x00000042   Code   RO        11563    i.copy_block        aes.o
    0x0801120a   0x0801120a   0x00000018   Code   RO        11564    i.copy_block_nn     aes.o
    0x08011222   0x08011222   0x00000002   PAD
    0x08011224   0x08011224   0x00000154   Code   RO         2186    i.main              main.o
    0x08011378   0x08011378   0x00000018   Code   RO        11496    i.memcpy1           utilities.o
    0x08011390   0x08011390   0x0000001c   Code   RO        11497    i.memcpyr           utilities.o
    0x080113ac   0x080113ac   0x00000014   Code   RO        11498    i.memset1           utilities.o
    0x080113c0   0x080113c0   0x00000284   Code   RO        11565    i.mix_sub_columns   aes.o
    0x08011644   0x08011644   0x00000018   Code   RO        11162    i.queue_copy        queue.o
    0x0801165c   0x0801165c   0x00000028   Code   RO        11499    i.rand1             utilities.o
    0x08011684   0x08011684   0x0000001a   Code   RO        11500    i.randr             utilities.o
    0x0801169e   0x0801169e   0x00000002   PAD
    0x080116a0   0x080116a0   0x00000070   Code   RO        11566    i.shift_sub_rows    aes.o
    0x08011710   0x08011710   0x0000000c   Code   RO        11501    i.srand1            utilities.o
    0x0801171c   0x0801171c   0x00000010   Code   RO         2946    i.vcom_DMA_TX_IRQHandler  vcom.o
    0x0801172c   0x0801172c   0x00000010   Code   RO         2948    i.vcom_IRQHandler   vcom.o
    0x0801173c   0x0801173c   0x0000003c   Code   RO         2949    i.vcom_Init         vcom.o
    0x08011778   0x08011778   0x00000054   Code   RO         2950    i.vcom_IoDeInit     vcom.o
    0x080117cc   0x080117cc   0x0000007c   Code   RO         2951    i.vcom_IoInit       vcom.o
    0x08011848   0x08011848   0x00000018   Code   RO         2952    i.vcom_Trace        vcom.o
    0x08011860   0x08011860   0x00000082   Code   RO        11567    i.xor_block         aes.o
    0x080118e2   0x080118e2   0x00000002   PAD
    0x080118e4   0x080118e4   0x000000e0   Data   RO         1780    .constdata          sx1276.o
    0x080119c4   0x080119c4   0x00000018   Data   RO         2745    .constdata          hw_rtc.o
    0x080119dc   0x080119dc   0x00000048   Data   RO         6711    .constdata          system_stm32l4xx.o
    0x08011a24   0x08011a24   0x00000074   Data   RO         7393    .constdata          sx1276mb1mas.o
    0x08011a98   0x08011a98   0x00000024   Data   RO         7502    .constdata          lora.o
    0x08011abc   0x08011abc   0x00000010   Data   RO         7725    .constdata          loramac.o
    0x08011acc   0x08011acc   0x000000a0   Data   RO         9097    .constdata          regionas923.o
    0x08011b6c   0x08011b6c   0x00000300   Data   RO        11568    .constdata          aes.o
    0x08011e6c   0x08011e6c   0x000004f5   Data   RO         7503    .conststring        lora.o
    0x08012361   0x08012361   0x00000003   PAD
    0x08012364   0x08012364   0x00000020   Data   RO        12144    Region$$Table       anon$$obj.o


    Execution Region RW_IRAM1 (Exec base: 0x20000000, Load base: 0x08012384, Size: 0x000019f0, Max: 0x00018000, ABSOLUTE, COMPRESSED[0x0000016c])

    Exec Addr    Load Addr    Size         Type   Attr      Idx    E Section Name        Object

    0x20000000   COMPRESSED   0x00000020   Data   RW         1781    .data               sx1276.o
    0x20000020   COMPRESSED   0x00000042   Data   RW         2189    .data               main.o
    0x20000062   COMPRESSED   0x00000004   Data   RW         2746    .data               hw_rtc.o
    0x20000066   COMPRESSED   0x00000002   PAD
    0x20000068   COMPRESSED   0x00000004   Data   RW         2954    .data               vcom.o
    0x2000006c   COMPRESSED   0x00000002   Data   RW         3042    .data               stm32l4xx_hw.o
    0x2000006e   COMPRESSED   0x00000002   PAD
    0x20000070   COMPRESSED   0x0000000c   Data   RW         3178    .data               stm32l4xx_hal.o
    0x2000007c   COMPRESSED   0x00000004   Data   RW         6712    .data               system_stm32l4xx.o
    0x20000080   COMPRESSED   0x0000001c   Data   RW         7394    .data               sx1276mb1mas.o
    0x2000009c   COMPRESSED   0x00000148   Data   RW         7504    .data               lora.o
    0x200001e4   COMPRESSED   0x00000002   Data   RW         7594    .data               lora-test.o
    0x200001e6   COMPRESSED   0x00000002   PAD
    0x200001e8   COMPRESSED   0x00000008   Data   RW         7726    .data               loramac.o
    0x200001f0   COMPRESSED   0x00000004   Data   RW         8411    .data               loramaccommands.o
    0x200001f4   COMPRESSED   0x00000014   Data   RW         8671    .data               loramaccrypto.o
    0x20000208   COMPRESSED   0x00000008   Data   RW        11085    .data               low_power_manager.o
    0x20000210   COMPRESSED   0x00000004   Data   RW        11334    .data               timeserver.o
    0x20000214   COMPRESSED   0x00000001   Data   RW        11438    .data               trace.o
    0x20000215   COMPRESSED   0x00000003   PAD
    0x20000218   COMPRESSED   0x00000004   Data   RW        11502    .data               utilities.o
    0x2000021c   COMPRESSED   0x00000004   Data   RW        11687    .data               soft-se.o
    0x20000220        -       0x000001b0   Zero   RW         1779    .bss                sx1276.o
    0x200003d0        -       0x00000058   Zero   RW         2187    .bss                main.o
    0x20000428        -       0x00000080   Zero   RW         2346    .bss                usart.o
    0x200004a8        -       0x00000040   Zero   RW         2673    .bss                hw_gpio.o
    0x200004e8        -       0x00000068   Zero   RW         2744    .bss                hw_rtc.o
    0x20000550        -       0x00000064   Zero   RW         2894    .bss                hw_spi.o
    0x200005b4        -       0x000000c8   Zero   RW         2953    .bss                vcom.o
    0x2000067c        -       0x00000064   Zero   RW         3041    .bss                stm32l4xx_hw.o
    0x200006e0        -       0x00000040   Zero   RW         7501    .bss                lora.o
    0x20000720        -       0x00000114   Zero   RW         7592    .bss                lora-test.o
    0x20000834        -       0x000006ac   Zero   RW         7724    .bss                loramac.o
    0x20000ee0        -       0x000000fc   Zero   RW         8409    .bss                loramaccommands.o
    0x20000fdc        -       0x0000002c   Zero   RW         8539    .bss                loramacconfirmqueue.o
    0x20001008        -       0x00000040   Zero   RW         8670    .bss                loramaccrypto.o
    0x20001048        -       0x000000d4   Zero   RW         9096    .bss                regionas923.o
    0x2000111c        -       0x00000110   Zero   RW        11437    .bss                trace.o
    0x2000122c        -       0x000003c4   Zero   RW        11686    .bss                soft-se.o
    0x200015f0        -       0x00000400   Zero   RW            1    STACK               startup_stm32l476xx.o


==============================================================================

Image component sizes


      Code (inc. data)   RO Data    RW Data    ZI Data      Debug   Object Name

      1536         22        768          0          0      16560   aes.o
        62         14          0          0          0       1652   bsp.o
       732          0          0          0          0       5257   cmac.o
        32         18          0          0          0        476   debug.o
         0          0          0          0          0       4500   hts221_driver.o
       412         24          0          0         64       3949   hw_gpio.o
      1272        106         24          4        104      32829   hw_rtc.o
       464         32          0          0        100       3535   hw_spi.o
       838         62          0          2        276       6507   lora-test.o
      1592        234       1305        328         64      12669   lora.o
     15380        834         16          8       1708      80680   loramac.o
       268          0          0          0          0       2689   loramacadr.o
       106          0          0          0          0      38975   loramacclassb.o
       780         64          0          4        252      16587   loramaccommands.o
       638         66          0          0         44      12901   loramacconfirmqueue.o
      2696        124          0         20         64      28102   loramaccrypto.o
       542          0          0          0          0       2430   loramacparser.o
       472          0          0          0          0       2527   loramacserializer.o
       238         30          0          8          0       6438   low_power_manager.o
      1204        270          0         66         88      28865   main.o
       542          0          0          0          0       7855   queue.o
       526          0          0          0          0      28879   region.o
      3668        230        160          0        212      28610   regionas923.o
      1612         42          0          0          0      16384   regioncommon.o
      1274         84          0          4        964      16061   soft-se.o
        36          8        392          0       1024        840   startup_stm32l476xx.o
        66         14          0         12          0       2986   stm32l4xx_hal.o
      3608        182          0          0          0      76621   stm32l4xx_hal_adc.o
       172          6          0          0          0      58822   stm32l4xx_hal_adc_ex.o
       258         22          0          0          0      33706   stm32l4xx_hal_cortex.o
       818         10          0          0          0       4314   stm32l4xx_hal_dma.o
       554         40          0          0          0       2975   stm32l4xx_hal_gpio.o
       342         10          0          0          0       4392   stm32l4xx_hal_msp.o
       112         10          0          0          0       1417   stm32l4xx_hal_pwr.o
       384         54          0          0          0       3877   stm32l4xx_hal_pwr_ex.o
      2908        124          0          0          0       8720   stm32l4xx_hal_rcc.o
      1988         48          0          0          0       3960   stm32l4xx_hal_rcc_ex.o
      1874         40          0          0          0      10205   stm32l4xx_hal_rtc.o
       126          0          0          0          0       3002   stm32l4xx_hal_rtc_ex.o
      1338          0          0          0          0       6171   stm32l4xx_hal_spi.o
      3100         70          0          0          0      14733   stm32l4xx_hal_uart.o
         2          0          0          0          0        968   stm32l4xx_hal_uart_ex.o
      1366        130          0          2        100      15383   stm32l4xx_hw.o
       214          6          0          0          0       9651   stm32l4xx_it.o
      7222        454        224         32        432     891931   sx1276.o
       646         52        116         28          0      14569   sx1276mb1mas.o
        80         12         72          4          0       1229   system_stm32l4xx.o
       306          0          0          0          0       8016   systime.o
       762         32          0          4          0      11447   timeserver.o
       266         34          0          1        272       4803   trace.o
        64          8          0          0        128        719   usart.o
       150         14          0          4          0       5283   utilities.o
       696         68          0          4        200       5540   vcom.o

    ----------------------------------------------------------------------
     66452       3708       3112        544       6096    1612197   Object Totals
         0          0         32          0          0          0   (incl. Generated)
       108          4          3          9          0          0   (incl. Padding)

    ----------------------------------------------------------------------

      Code (inc. data)   RO Data    RW Data    ZI Data      Debug   Library Member Name

       280         28          0          0          0        156   ceil.o
       280         28          0          0          0        156   floor.o
       224         30          0          0          0        172   round.o
        86          0          0          0          0          0   __dczerorl2.o
         0          0          0          0          0          0   entry.o
         0          0          0          0          0          0   entry10a.o
         0          0          0          0          0          0   entry11a.o
         8          4          0          0          0          0   entry2.o
         4          0          0          0          0          0   entry5.o
         0          0          0          0          0          0   entry7b.o
         0          0          0          0          0          0   entry8b.o
         8          4          0          0          0          0   entry9a.o
        30          0          0          0          0          0   handlers.o
        36          8          0          0          0         68   init.o
         0          0          0          0          0          0   iusefp.o
        30          0          0          0          0         68   llshl.o
        36          0          0          0          0         68   llsshr.o
        32          0          0          0          0         68   llushr.o
        36          0          0          0          0         68   memcpya.o
        36          0          0          0          0        108   memseta.o
      2304         84          0          0          0        516   printfa.o
        44          0          0          0          0         80   uidiv.o
       104          0          0          0          0         92   uldiv.o
        48          0          0          0          0         68   cdcmple.o
        48          0          0          0          0         68   cdrcmple.o
       350          0          0          0          0        148   dadd.o
       222          0          0          0          0        100   ddiv.o
       186          0          0          0          0        176   depilogue.o
        62          0          0          0          0         80   dfixi.o
        50          0          0          0          0         76   dfixui.o
        48          0          0          0          0         68   dfixul.o
        34          0          0          0          0         76   dflti.o
        26          0          0          0          0         76   dfltui.o
       234          0          0          0          0         96   dmul.o
       136          4          0          0          0         92   drnd.o
        38          0          0          0          0         68   f2d.o

    ----------------------------------------------------------------------
      5064        190          0          0          0       2812   Library Totals
         4          0          0          0          0          0   (incl. Padding)

    ----------------------------------------------------------------------

      Code (inc. data)   RO Data    RW Data    ZI Data      Debug   Library Name

       784         86          0          0          0        484   m_wm.l
      2794        100          0          0          0       1136   mc_w.l
      1482          4          0          0          0       1192   mf_w.l

    ----------------------------------------------------------------------
      5064        190          0          0          0       2812   Library Totals

    ----------------------------------------------------------------------

==============================================================================


      Code (inc. data)   RO Data    RW Data    ZI Data      Debug   

     71516       3898       3112        544       6096    1558545   Grand Totals
     71516       3898       3112        364       6096    1558545   ELF Image Totals (compressed)
     71516       3898       3112        364          0          0   ROM Totals

==============================================================================

    Total RO  Size (Code + RO Data)                74628 (  72.88kB)
    Total RW  Size (RW Data + ZI Data)              6640 (   6.48kB)
    Total ROM Size (Code + RO Data + RW Data)      74992 (  73.23kB)

==============================================================================

