Component: ARM Compiler 5.06 update 6 (build 750) Tool: armlink [4d35ed]

==============================================================================

Section Cross References

    hts221_driver.o(i.HTS221_Activate) refers to hts221_driver.o(i.HTS221_ReadReg) for HTS221_ReadReg
    hts221_driver.o(i.HTS221_Activate) refers to hts221_driver.o(i.HTS221_WriteReg) for HTS221_WriteReg
    hts221_driver.o(i.HTS221_DeActivate) refers to hts221_driver.o(i.HTS221_ReadReg) for HTS221_ReadReg
    hts221_driver.o(i.HTS221_DeActivate) refers to hts221_driver.o(i.HTS221_WriteReg) for HTS221_WriteReg
    hts221_driver.o(i.HTS221_DeInit) refers to hts221_driver.o(i.HTS221_ReadReg) for HTS221_ReadReg
    hts221_driver.o(i.HTS221_DeInit) refers to hts221_driver.o(i.HTS221_WriteReg) for HTS221_WriteReg
    hts221_driver.o(i.HTS221_Get_AvgHT) refers to hts221_driver.o(i.HTS221_ReadReg) for HTS221_ReadReg
    hts221_driver.o(i.HTS221_Get_BduMode) refers to hts221_driver.o(i.HTS221_ReadReg) for HTS221_ReadReg
    hts221_driver.o(i.HTS221_Get_DataStatus) refers to hts221_driver.o(i.HTS221_ReadReg) for HTS221_ReadReg
    hts221_driver.o(i.HTS221_Get_DeviceID) refers to hts221_driver.o(i.HTS221_ReadReg) for HTS221_ReadReg
    hts221_driver.o(i.HTS221_Get_HeaterState) refers to hts221_driver.o(i.HTS221_ReadReg) for HTS221_ReadReg
    hts221_driver.o(i.HTS221_Get_Humidity) refers to hts221_driver.o(i.HTS221_ReadReg) for HTS221_ReadReg
    hts221_driver.o(i.HTS221_Get_HumidityRaw) refers to hts221_driver.o(i.HTS221_ReadReg) for HTS221_ReadReg
    hts221_driver.o(i.HTS221_Get_InitConfig) refers to hts221_driver.o(i.HTS221_ReadReg) for HTS221_ReadReg
    hts221_driver.o(i.HTS221_Get_IrqActiveLevel) refers to hts221_driver.o(i.HTS221_ReadReg) for HTS221_ReadReg
    hts221_driver.o(i.HTS221_Get_IrqEnable) refers to hts221_driver.o(i.HTS221_ReadReg) for HTS221_ReadReg
    hts221_driver.o(i.HTS221_Get_IrqOutputType) refers to hts221_driver.o(i.HTS221_ReadReg) for HTS221_ReadReg
    hts221_driver.o(i.HTS221_Get_Measurement) refers to hts221_driver.o(i.HTS221_Get_Temperature) for HTS221_Get_Temperature
    hts221_driver.o(i.HTS221_Get_Measurement) refers to hts221_driver.o(i.HTS221_Get_Humidity) for HTS221_Get_Humidity
    hts221_driver.o(i.HTS221_Get_Odr) refers to hts221_driver.o(i.HTS221_ReadReg) for HTS221_ReadReg
    hts221_driver.o(i.HTS221_Get_PowerDownMode) refers to hts221_driver.o(i.HTS221_ReadReg) for HTS221_ReadReg
    hts221_driver.o(i.HTS221_Get_RawMeasurement) refers to hts221_driver.o(i.HTS221_ReadReg) for HTS221_ReadReg
    hts221_driver.o(i.HTS221_Get_Temperature) refers to hts221_driver.o(i.HTS221_ReadReg) for HTS221_ReadReg
    hts221_driver.o(i.HTS221_Get_TemperatureRaw) refers to hts221_driver.o(i.HTS221_ReadReg) for HTS221_ReadReg
    hts221_driver.o(i.HTS221_IsMeasurementCompleted) refers to hts221_driver.o(i.HTS221_ReadReg) for HTS221_ReadReg
    hts221_driver.o(i.HTS221_MemoryBoot) refers to hts221_driver.o(i.HTS221_ReadReg) for HTS221_ReadReg
    hts221_driver.o(i.HTS221_MemoryBoot) refers to hts221_driver.o(i.HTS221_WriteReg) for HTS221_WriteReg
    hts221_driver.o(i.HTS221_ReadReg) refers to x_nucleo_iks01a2.o(i.Sensor_IO_Read) for Sensor_IO_Read
    hts221_driver.o(i.HTS221_Set_AvgH) refers to hts221_driver.o(i.HTS221_assert_failed) for HTS221_assert_failed
    hts221_driver.o(i.HTS221_Set_AvgH) refers to hts221_driver.o(i.HTS221_ReadReg) for HTS221_ReadReg
    hts221_driver.o(i.HTS221_Set_AvgH) refers to hts221_driver.o(i.HTS221_WriteReg) for HTS221_WriteReg
    hts221_driver.o(i.HTS221_Set_AvgHT) refers to hts221_driver.o(i.HTS221_assert_failed) for HTS221_assert_failed
    hts221_driver.o(i.HTS221_Set_AvgHT) refers to hts221_driver.o(i.HTS221_ReadReg) for HTS221_ReadReg
    hts221_driver.o(i.HTS221_Set_AvgHT) refers to hts221_driver.o(i.HTS221_WriteReg) for HTS221_WriteReg
    hts221_driver.o(i.HTS221_Set_AvgT) refers to hts221_driver.o(i.HTS221_assert_failed) for HTS221_assert_failed
    hts221_driver.o(i.HTS221_Set_AvgT) refers to hts221_driver.o(i.HTS221_ReadReg) for HTS221_ReadReg
    hts221_driver.o(i.HTS221_Set_AvgT) refers to hts221_driver.o(i.HTS221_WriteReg) for HTS221_WriteReg
    hts221_driver.o(i.HTS221_Set_BduMode) refers to hts221_driver.o(i.HTS221_assert_failed) for HTS221_assert_failed
    hts221_driver.o(i.HTS221_Set_BduMode) refers to hts221_driver.o(i.HTS221_ReadReg) for HTS221_ReadReg
    hts221_driver.o(i.HTS221_Set_BduMode) refers to hts221_driver.o(i.HTS221_WriteReg) for HTS221_WriteReg
    hts221_driver.o(i.HTS221_Set_HeaterState) refers to hts221_driver.o(i.HTS221_assert_failed) for HTS221_assert_failed
    hts221_driver.o(i.HTS221_Set_HeaterState) refers to hts221_driver.o(i.HTS221_ReadReg) for HTS221_ReadReg
    hts221_driver.o(i.HTS221_Set_HeaterState) refers to hts221_driver.o(i.HTS221_WriteReg) for HTS221_WriteReg
    hts221_driver.o(i.HTS221_Set_InitConfig) refers to hts221_driver.o(i.HTS221_assert_failed) for HTS221_assert_failed
[...]
    0x08000e48   0x08000e48   0x0000001a   Code   RO         2425    i.BSP_HUMIDITY_Get_Hum  x_nucleo_iks01a2_humidity.o
    0x08000e62   0x08000e62   0x00000014   Code   RO         2429    i.BSP_HUMIDITY_Init  x_nucleo_iks01a2_humidity.o
    0x08000e76   0x08000e76   0x00000018   Code   RO         2435    i.BSP_HUMIDITY_Sensor_Enable  x_nucleo_iks01a2_humidity.o
    0x08000e8e   0x08000e8e   0x00000002   PAD
    0x08000e90   0x08000e90   0x0000007c   Code   RO         2217    i.BSP_LPS22HB_PRESSURE_Init  x_nucleo_iks01a2_pressure.o
    0x08000f0c   0x08000f0c   0x00000084   Code   RO         2557    i.BSP_LPS22HB_TEMPERATURE_Init  x_nucleo_iks01a2_temperature.o
    0x08000f90   0x08000f90   0x0000001a   Code   RO         2234    i.BSP_PRESSURE_Get_Press  x_nucleo_iks01a2_pressure.o
    0x08000faa   0x08000faa   0x00000014   Code   RO         2236    i.BSP_PRESSURE_Init  x_nucleo_iks01a2_pressure.o
    0x08000fbe   0x08000fbe   0x00000018   Code   RO         2242    i.BSP_PRESSURE_Sensor_Enable  x_nucleo_iks01a2_pressure.o
    0x08000fd6   0x08000fd6   0x0000001a   Code   RO         2574    i.BSP_TEMPERATURE_Get_Temp  x_nucleo_iks01a2_temperature.o
    0x08000ff0   0x08000ff0   0x0000002e   Code   RO         2576    i.BSP_TEMPERATURE_Init  x_nucleo_iks01a2_temperature.o
    0x0800101e   0x0800101e   0x00000018   Code   RO         2582    i.BSP_TEMPERATURE_Sensor_Enable  x_nucleo_iks01a2_temperature.o
    0x08001036   0x08001036   0x00000002   PAD
    0x08001038   0x08001038   0x0000003c   Code   RO         6546    i.BSP_sensor_Init   bsp.o
    0x08001074   0x08001074   0x00000060   Code   RO         6547    i.BSP_sensor_Read   bsp.o
    0x080010d4   0x080010d4   0x00000002   Code   RO         7179    i.BusFault_Handler  stm32l4xx_it.o
    0x080010d6   0x080010d6   0x000000c2   Code   RO         8627    i.CalcNextV10X      loramacadr.o
    0x08001198   0x08001198   0x00000078   Code   RO         7550    i.CalculateBackOff  loramac.o
    0x08001210   0x08001210   0x00000018   Code   RO         7551    i.CallNvmCtxCallback  loramac.o
    0x08001228   0x08001228   0x00000070   Code   RO        11318    i.ComputeCmac       soft-se.o
    0x08001298   0x08001298   0x000000a4   Code   RO         8824    i.CountNbOfEnabledChannels  regionas923.o
    0x0800133c   0x0800133c   0x00000054   Code   RO         6595    i.DBG_Init          debug.o
    0x08001390   0x08001390   0x00000004   Code   RO         7180    i.DMA1_Channel7_IRQHandler  stm32l4xx_it.o
    0x08001394   0x08001394   0x0000002e   Code   RO         3867    i.DMA_SetConfig     stm32l4xx_hal_dma.o
    0x080013c2   0x080013c2   0x00000002   Code   RO         7181    i.DebugMon_Handler  stm32l4xx_it.o
    0x080013c4   0x080013c4   0x0000007c   Code   RO         7948    i.DeriveSessionKey10x  loramaccrypto.o
    0x08001440   0x08001440   0x0000003c   Code   RO         7552    i.DetermineFrameType  loramac.o
    0x0800147c   0x0800147c   0x00000002   Code   RO         7949    i.DummyCB           loramaccrypto.o
    0x0800147e   0x0800147e   0x00000002   Code   RO        11319    i.DummyCB           soft-se.o
    0x08001480   0x08001480   0x00000006   Code   RO         7182    i.EXTI0_IRQHandler  stm32l4xx_it.o
    0x08001486   0x08001486   0x00000036   Code   RO         7183    i.EXTI15_10_IRQHandler  stm32l4xx_it.o
    0x080014bc   0x080014bc   0x00000006   Code   RO         7184    i.EXTI1_IRQHandler  stm32l4xx_it.o
    0x080014c2   0x080014c2   0x00000006   Code   RO         7185    i.EXTI2_IRQHandler  stm32l4xx_it.o
    0x080014c8   0x080014c8   0x00000006   Code   RO         7186    i.EXTI3_IRQHandler  stm32l4xx_it.o
    0x080014ce   0x080014ce   0x00000006   Code   RO         7187    i.EXTI4_IRQHandler  stm32l4xx_it.o
    0x080014d4   0x080014d4   0x00000028   Code   RO         7188    i.EXTI9_5_IRQHandler  stm32l4xx_it.o
    0x080014fc   0x080014fc   0x00000018   Code   RO         6596    i.Error_Handler     debug.o
    0x08001514   0x08001514   0x00000006   Code   RO         7553    i.EventClassBNvmCtxChanged  loramac.o
    0x0800151a   0x0800151a   0x00000006   Code   RO         7554    i.EventCommandsNvmCtxChanged  loramac.o
    0x08001520   0x08001520   0x00000006   Code   RO         7555    i.EventConfirmQueueNvmCtxChanged  loramac.o
    0x08001526   0x08001526   0x00000006   Code   RO         7556    i.EventCryptoNvmCtxChanged  loramac.o
    0x0800152c   0x0800152c   0x00000006   Code   RO         7557    i.EventSecureElementNvmCtxChanged  loramac.o
    0x08001532   0x08001532   0x00000002   PAD
    0x08001534   0x08001534   0x0000002c   Code   RO         8825    i.GetBandwidth      regionas923.o
    0x08001560   0x08001560   0x00000064   Code   RO         7558    i.GetCtxs           loramac.o
    0x080015c4   0x080015c4   0x0000001c   Code   RO         8441    i.GetElement        loramacconfirmqueue.o
    0x080015e0   0x080015e0   0x0000005e   Code   RO         7559    i.GetFCntDown       loramac.o
    0x0800163e   0x0800163e   0x00000002   PAD
    0x08001640   0x08001640   0x0000002c   Code   RO         1708    i.GetFskBandwidthRegValue  sx1276.o
    0x0800166c   0x0800166c   0x0000002c   Code   RO         7950    i.GetKeyAddrItem    loramaccrypto.o
    0x08001698   0x08001698   0x00000038   Code   RO        11320    i.GetKeyByID        soft-se.o
    0x080016d0   0x080016d0   0x00000058   Code   RO         7951    i.GetLastFcntDown   loramaccrypto.o
    0x08001728   0x08001728   0x00000038   Code   RO         7560    i.GetMaxAppPayloadWithoutFOptsLength  loramac.o
    0x08001760   0x08001760   0x00000010   Code   RO         8826    i.GetNextLowerTxDr  regionas923.o
    0x08001770   0x08001770   0x00000090   Code   RO         3526    i.HAL_ADCEx_Calibration_Start  stm32l4xx_hal_adc_ex.o
    0x08001800   0x08001800   0x000003fe   Code   RO         3302    i.HAL_ADC_ConfigChannel  stm32l4xx_hal_adc.o
    0x08001bfe   0x08001bfe   0x00000002   PAD
    0x08001c00   0x08001c00   0x00000188   Code   RO         3305    i.HAL_ADC_DeInit    stm32l4xx_hal_adc.o
    0x08001d88   0x08001d88   0x00000006   Code   RO         3309    i.HAL_ADC_GetValue  stm32l4xx_hal_adc.o
    0x08001d8e   0x08001d8e   0x00000002   PAD
    0x08001d90   0x08001d90   0x000001c8   Code   RO         3311    i.HAL_ADC_Init      stm32l4xx_hal_adc.o
    0x08001f58   0x08001f58   0x00000002   Code   RO         3313    i.HAL_ADC_MspDeInit  stm32l4xx_hal_adc.o
    0x08001f5a   0x08001f5a   0x00000002   Code   RO         3314    i.HAL_ADC_MspInit   stm32l4xx_hal_adc.o
    0x08001f5c   0x08001f5c   0x000000f8   Code   RO         3315    i.HAL_ADC_PollForConversion  stm32l4xx_hal_adc.o
    0x08002054   0x08002054   0x000000f4   Code   RO         3317    i.HAL_ADC_Start     stm32l4xx_hal_adc.o
    0x08002148   0x08002148   0x00000010   Code   RO         3061    i.HAL_DBGMCU_DisableDBGSleepMode  stm32l4xx_hal.o
    0x08002158   0x08002158   0x00000010   Code   RO         3062    i.HAL_DBGMCU_DisableDBGStandbyMode  stm32l4xx_hal.o
    0x08002168   0x08002168   0x00000010   Code   RO         3063    i.HAL_DBGMCU_DisableDBGStopMode  stm32l4xx_hal.o
    0x08002178   0x08002178   0x0000004e   Code   RO         3869    i.HAL_DMA_Abort_IT  stm32l4xx_hal_dma.o
    0x080021c6   0x080021c6   0x000000ba   Code   RO         3873    i.HAL_DMA_IRQHandler  stm32l4xx_hal_dma.o
    0x08002280   0x08002280   0x000000c0   Code   RO         3874    i.HAL_DMA_Init      stm32l4xx_hal_dma.o
    0x08002340   0x08002340   0x00000070   Code   RO         3878    i.HAL_DMA_Start_IT  stm32l4xx_hal_dma.o
    0x080023b0   0x080023b0   0x0000000a   Code   RO         7008    i.HAL_Delay         stm32l4xx_hal_msp.o
    0x080023ba   0x080023ba   0x00000002   PAD
    0x080023bc   0x080023bc   0x00000166   Code   RO         4150    i.HAL_GPIO_DeInit   stm32l4xx_hal_gpio.o
    0x08002522   0x08002522   0x00000004   Code   RO         7009    i.HAL_GPIO_EXTI_Callback  stm32l4xx_hal_msp.o
    0x08002526   0x08002526   0x00000002   PAD
    0x08002528   0x08002528   0x00000018   Code   RO         4152    i.HAL_GPIO_EXTI_IRQHandler  stm32l4xx_hal_gpio.o
    0x08002540   0x08002540   0x000001ca   Code   RO         4153    i.HAL_GPIO_Init     stm32l4xx_hal_gpio.o
    0x0800270a   0x0800270a   0x0000000a   Code   RO         4157    i.HAL_GPIO_WritePin  stm32l4xx_hal_gpio.o
    0x08002714   0x08002714   0x0000000c   Code   RO         3072    i.HAL_GetTick       stm32l4xx_hal.o
    0x08002720   0x08002720   0x00000032   Code   RO         4218    i.HAL_I2C_DeInit    stm32l4xx_hal_i2c.o
    0x08002752   0x08002752   0x00000006   Code   RO         4226    i.HAL_I2C_GetState  stm32l4xx_hal_i2c.o
    0x08002758   0x08002758   0x000000b8   Code   RO         4227    i.HAL_I2C_Init      stm32l4xx_hal_i2c.o
    0x08002810   0x08002810   0x0000016a   Code   RO         4245    i.HAL_I2C_Mem_Read  stm32l4xx_hal_i2c.o
    0x0800297a   0x0800297a   0x00000002   PAD
    0x0800297c   0x0800297c   0x0000015e   Code   RO         4248    i.HAL_I2C_Mem_Write  stm32l4xx_hal_i2c.o
    0x08002ada   0x08002ada   0x00000002   Code   RO         4251    i.HAL_I2C_MspDeInit  stm32l4xx_hal_i2c.o
    0x08002adc   0x08002adc   0x00000002   Code   RO         4252    i.HAL_I2C_MspInit   stm32l4xx_hal_i2c.o
    0x08002ade   0x08002ade   0x00000002   PAD
    0x08002ae0   0x08002ae0   0x00000010   Code   RO         3078    i.HAL_IncTick       stm32l4xx_hal.o
    0x08002af0   0x08002af0   0x0000001e   Code   RO         3079    i.HAL_Init          stm32l4xx_hal.o
    0x08002b0e   0x08002b0e   0x00000004   Code   RO         7010    i.HAL_InitTick      stm32l4xx_hal_msp.o
    0x08002b12   0x08002b12   0x00000002   PAD
    0x08002b14   0x08002b14   0x00000028   Code   RO         7011    i.HAL_MspInit       stm32l4xx_hal_msp.o
    0x08002b3c   0x08002b3c   0x00000022   Code   RO         3736    i.HAL_NVIC_DisableIRQ  stm32l4xx_hal_cortex.o
    0x08002b5e   0x08002b5e   0x0000001a   Code   RO         3737    i.HAL_NVIC_EnableIRQ  stm32l4xx_hal_cortex.o
    0x08002b78   0x08002b78   0x00000040   Code   RO         3743    i.HAL_NVIC_SetPriority  stm32l4xx_hal_cortex.o
    0x08002bb8   0x08002bb8   0x00000024   Code   RO         3744    i.HAL_NVIC_SetPriorityGrouping  stm32l4xx_hal_cortex.o
    0x08002bdc   0x08002bdc   0x00000044   Code   RO         6233    i.HAL_PWREx_DisableLowPowerRunMode  stm32l4xx_hal_pwr_ex.o
    0x08002c20   0x08002c20   0x00000010   Code   RO         6246    i.HAL_PWREx_EnableLowPowerRunMode  stm32l4xx_hal_pwr_ex.o
    0x08002c30   0x08002c30   0x00000034   Code   RO         6256    i.HAL_PWREx_EnterSTOP0Mode  stm32l4xx_hal_pwr_ex.o
    0x08002c64   0x08002c64   0x00000038   Code   RO         6257    i.HAL_PWREx_EnterSTOP1Mode  stm32l4xx_hal_pwr_ex.o
    0x08002c9c   0x08002c9c   0x00000010   Code   RO         6259    i.HAL_PWREx_GetVoltageRange  stm32l4xx_hal_pwr_ex.o
    0x08002cac   0x08002cac   0x00000048   Code   RO         6125    i.HAL_PWR_EnterSLEEPMode  stm32l4xx_hal_pwr.o
    0x08002cf4   0x08002cf4   0x00000010   Code   RO         6127    i.HAL_PWR_EnterSTOPMode  stm32l4xx_hal_pwr.o
    0x08002d04   0x08002d04   0x000003ae   Code   RO         4843    i.HAL_RCCEx_PeriphCLKConfig  stm32l4xx_hal_rcc_ex.o
    0x080030b2   0x080030b2   0x00000002   PAD
    0x080030b4   0x080030b4   0x00000120   Code   RO         4728    i.HAL_RCC_ClockConfig  stm32l4xx_hal_rcc.o
    0x080031d4   0x080031d4   0x00000040   Code   RO         4731    i.HAL_RCC_GetClockConfig  stm32l4xx_hal_rcc.o
    0x08003214   0x08003214   0x000000e0   Code   RO         4733    i.HAL_RCC_GetOscConfig  stm32l4xx_hal_rcc.o
    0x080032f4   0x080032f4   0x00000024   Code   RO         4734    i.HAL_RCC_GetPCLK1Freq  stm32l4xx_hal_rcc.o
    0x08003318   0x08003318   0x00000024   Code   RO         4735    i.HAL_RCC_GetPCLK2Freq  stm32l4xx_hal_rcc.o
    0x0800333c   0x0800333c   0x000000a4   Code   RO         4736    i.HAL_RCC_GetSysClockFreq  stm32l4xx_hal_rcc.o
    0x080033e0   0x080033e0   0x000004e0   Code   RO         4739    i.HAL_RCC_OscConfig  stm32l4xx_hal_rcc.o
    0x080038c0   0x080038c0   0x0000000a   Code   RO         5113    i.HAL_RTCEx_BKUPRead  stm32l4xx_hal_rtc_ex.o
    0x080038ca   0x080038ca   0x00000010   Code   RO         5114    i.HAL_RTCEx_BKUPWrite  stm32l4xx_hal_rtc_ex.o
    0x080038da   0x080038da   0x00000042   Code   RO         5122    i.HAL_RTCEx_EnableBypassShadow  stm32l4xx_hal_rtc_ex.o
    0x0800391c   0x0800391c   0x00000004   Code   RO         7012    i.HAL_RTC_AlarmAEventCallback  stm32l4xx_hal_msp.o
    0x08003920   0x08003920   0x000000ba   Code   RO         4972    i.HAL_RTC_DeactivateAlarm  stm32l4xx_hal_rtc.o
    0x080039da   0x080039da   0x00000002   PAD
    0x080039dc   0x080039dc   0x00000044   Code   RO         4974    i.HAL_RTC_GetDate   stm32l4xx_hal_rtc.o
    0x08003a20   0x08003a20   0x00000054   Code   RO         4976    i.HAL_RTC_GetTime   stm32l4xx_hal_rtc.o
    0x08003a74   0x08003a74   0x0000009c   Code   RO         4977    i.HAL_RTC_Init      stm32l4xx_hal_rtc.o
    0x08003b10   0x08003b10   0x00000068   Code   RO         7014    i.HAL_RTC_MspInit   stm32l4xx_hal_msp.o
    0x08003b78   0x08003b78   0x00000196   Code   RO         4982    i.HAL_RTC_SetAlarm_IT  stm32l4xx_hal_rtc.o
    0x08003d0e   0x08003d0e   0x00000002   PAD
    0x08003d10   0x08003d10   0x000000a0   Code   RO         4983    i.HAL_RTC_SetDate   stm32l4xx_hal_rtc.o
    0x08003db0   0x08003db0   0x000000cc   Code   RO         4984    i.HAL_RTC_SetTime   stm32l4xx_hal_rtc.o
    0x08003e7c   0x08003e7c   0x00000036   Code   RO         4985    i.HAL_RTC_WaitForSynchro  stm32l4xx_hal_rtc.o
    0x08003eb2   0x08003eb2   0x000000ac   Code   RO         5363    i.HAL_SPI_Init      stm32l4xx_hal_spi.o
    0x08003f5e   0x08003f5e   0x00000002   Code   RO         5365    i.HAL_SPI_MspInit   stm32l4xx_hal_spi.o
    0x08003f60   0x08003f60   0x00000268   Code   RO         5372    i.HAL_SPI_TransmitReceive  stm32l4xx_hal_spi.o
    0x080041c8   0x080041c8   0x00000002   Code   RO         6480    i.HAL_UARTEx_WakeupCallback  stm32l4xx_hal_uart_ex.o
    0x080041ca   0x080041ca   0x00000002   Code   RO         5761    i.HAL_UART_ErrorCallback  stm32l4xx_hal_uart.o
    0x080041cc   0x080041cc   0x00000144   Code   RO         5764    i.HAL_UART_IRQHandler  stm32l4xx_hal_uart.o
    0x08004310   0x08004310   0x00000066   Code   RO         5765    i.HAL_UART_Init     stm32l4xx_hal_uart.o
    0x08004376   0x08004376   0x00000002   PAD
    0x08004378   0x08004378   0x00000058   Code   RO         6890    i.HAL_UART_MspDeInit1  main.o
    0x080043d0   0x080043d0   0x000000c4   Code   RO         7315    i.HAL_UART_MspInit  vcom.o
    0x08004494   0x08004494   0x000000c4   Code   RO         6891    i.HAL_UART_MspInit1  main.o
    0x08004558   0x08004558   0x000000ac   Code   RO         5770    i.HAL_UART_Receive_IT  stm32l4xx_hal_uart.o
    0x08004604   0x08004604   0x00000002   Code   RO         5771    i.HAL_UART_RxCpltCallback  stm32l4xx_hal_uart.o
    0x08004606   0x08004606   0x00000002   PAD
    0x08004608   0x08004608   0x00000090   Code   RO         5774    i.HAL_UART_Transmit_DMA  stm32l4xx_hal_uart.o
    0x08004698   0x08004698   0x0000000c   Code   RO         7316    i.HAL_UART_TxCpltCallback  vcom.o
    0x080046a4   0x080046a4   0x00000002   Code   RO         5777    i.HAL_UART_TxHalfCpltCallback  stm32l4xx_hal_uart.o
    0x080046a6   0x080046a6   0x00000030   Code   RO            1    i.HTS221_Activate   hts221_driver.o
    0x080046d6   0x080046d6   0x00000028   Code   RO          245    i.HTS221_Check_WhoAmI  hts221_driver_hl.o
    0x080046fe   0x080046fe   0x00000030   Code   RO            2    i.HTS221_DeActivate  hts221_driver.o
    0x0800472e   0x0800472e   0x0000002e   Code   RO            6    i.HTS221_Get_DataStatus  hts221_driver.o
    0x0800475c   0x0800475c   0x00000014   Code   RO            7    i.HTS221_Get_DeviceID  hts221_driver.o
    0x08004770   0x08004770   0x000000cc   Code   RO           10    i.HTS221_Get_Humidity  hts221_driver.o
    0x0800483c   0x0800483c   0x00000050   Code   RO          246    i.HTS221_Get_ODR    hts221_driver_hl.o
    0x0800488c   0x0800488c   0x00000026   Code   RO           17    i.HTS221_Get_Odr    hts221_driver.o
    0x080048b2   0x080048b2   0x000000c0   Code   RO           20    i.HTS221_Get_Temperature  hts221_driver.o
    0x08004972   0x08004972   0x0000000e   Code   RO          247    i.HTS221_Get_WhoAmI  hts221_driver_hl.o
    0x08004980   0x08004980   0x00000004   Code   RO          248    i.HTS221_H_Check_WhoAmI  hts221_driver_hl.o
    0x08004984   0x08004984   0x00000026   Code   RO          249    i.HTS221_H_DeInit   hts221_driver_hl.o
    0x080049aa   0x080049aa   0x00000024   Code   RO          250    i.HTS221_H_Get_DRDY_Status  hts221_driver_hl.o
    0x080049ce   0x080049ce   0x00000030   Code   RO          251    i.HTS221_H_Get_Hum  hts221_driver_hl.o
    0x080049fe   0x080049fe   0x00000004   Code   RO          252    i.HTS221_H_Get_ODR  hts221_driver_hl.o
    0x08004a02   0x08004a02   0x00000004   Code   RO          253    i.HTS221_H_Get_WhoAmI  hts221_driver_hl.o
    0x08004a06   0x08004a06   0x00000028   Code   RO          254    i.HTS221_H_Init     hts221_driver_hl.o
    0x08004a2e   0x08004a2e   0x0000000e   Code   RO          255    i.HTS221_H_Read_Reg  hts221_driver_hl.o
    0x08004a3c   0x08004a3c   0x0000002c   Code   RO          256    i.HTS221_H_Sensor_Disable  hts221_driver_hl.o
    0x08004a68   0x08004a68   0x00000032   Code   RO          257    i.HTS221_H_Sensor_Enable  hts221_driver_hl.o
    0x08004a9a   0x08004a9a   0x00000004   Code   RO          258    i.HTS221_H_Set_ODR  hts221_driver_hl.o
    0x08004a9e   0x08004a9e   0x00000004   Code   RO          259    i.HTS221_H_Set_ODR_Value  hts221_driver_hl.o
    0x08004aa2   0x08004aa2   0x0000000e   Code   RO          260    i.HTS221_H_Write_Reg  hts221_driver_hl.o
    0x08004ab0   0x08004ab0   0x00000032   Code   RO          261    i.HTS221_Init       hts221_driver_hl.o
    0x08004ae2   0x08004ae2   0x0000001c   Code   RO           24    i.HTS221_ReadReg    hts221_driver.o
    0x08004afe   0x08004afe   0x00000012   Code   RO          262    i.HTS221_Read_Reg   hts221_driver_hl.o
    0x08004b10   0x08004b10   0x0000000e   Code   RO          263    i.HTS221_Sensor_Disable  hts221_driver_hl.o
    0x08004b1e   0x08004b1e   0x0000000e   Code   RO          264    i.HTS221_Sensor_Enable  hts221_driver_hl.o
    0x08004b2c   0x08004b2c   0x00000088   Code   RO           28    i.HTS221_Set_BduMode  hts221_driver.o
    0x08004bb4   0x08004bb4   0x00000026   Code   RO          265    i.HTS221_Set_ODR    hts221_driver_hl.o
    0x08004bda   0x08004bda   0x00000002   PAD
    0x08004bdc   0x08004bdc   0x00000030   Code   RO          266    i.HTS221_Set_ODR_Value  hts221_driver_hl.o
    0x08004c0c   0x08004c0c   0x0000008c   Code   RO           34    i.HTS221_Set_Odr    hts221_driver.o
    0x08004c98   0x08004c98   0x00000004   Code   RO          267    i.HTS221_T_Check_WhoAmI  hts221_driver_hl.o
    0x08004c9c   0x08004c9c   0x00000026   Code   RO          268    i.HTS221_T_DeInit   hts221_driver_hl.o
    0x08004cc2   0x08004cc2   0x00000024   Code   RO          269    i.HTS221_T_Get_DRDY_Status  hts221_driver_hl.o
    0x08004ce6   0x08004ce6   0x00000004   Code   RO          270    i.HTS221_T_Get_ODR  hts221_driver_hl.o
    0x08004cea   0x08004cea   0x00000030   Code   RO          271    i.HTS221_T_Get_Temp  hts221_driver_hl.o
    0x08004d1a   0x08004d1a   0x00000004   Code   RO          272    i.HTS221_T_Get_WhoAmI  hts221_driver_hl.o
    0x08004d1e   0x08004d1e   0x00000028   Code   RO          273    i.HTS221_T_Init     hts221_driver_hl.o
    0x08004d46   0x08004d46   0x0000000e   Code   RO          274    i.HTS221_T_Read_Reg  hts221_driver_hl.o
    0x08004d54   0x08004d54   0x0000002c   Code   RO          275    i.HTS221_T_Sensor_Disable  hts221_driver_hl.o
    0x08004d80   0x08004d80   0x00000032   Code   RO          276    i.HTS221_T_Sensor_Enable  hts221_driver_hl.o
    0x08004db2   0x08004db2   0x00000004   Code   RO          277    i.HTS221_T_Set_ODR  hts221_driver_hl.o
    0x08004db6   0x08004db6   0x00000004   Code   RO          278    i.HTS221_T_Set_ODR_Value  hts221_driver_hl.o
    0x08004dba   0x08004dba   0x0000000e   Code   RO          279    i.HTS221_T_Write_Reg  hts221_driver_hl.o
    0x08004dc8   0x08004dc8   0x0000001c   Code   RO           37    i.HTS221_WriteReg   hts221_driver.o
    0x08004de4   0x08004de4   0x00000012   Code   RO          280    i.HTS221_Write_Reg  hts221_driver_hl.o
    0x08004df6   0x08004df6   0x00000002   PAD
    0x08004df8   0x08004df8   0x0000003c   Code   RO           38    i.HTS221_assert_failed  hts221_driver.o
    0x08004e34   0x08004e34   0x00000014   Code   RO         7074    i.HW_AdcDeInit      stm32l4xx_hw.o
    0x08004e48   0x08004e48   0x00000068   Code   RO         7075    i.HW_AdcInit        stm32l4xx_hw.o
    0x08004eb0   0x08004eb0   0x0000007c   Code   RO         7076    i.HW_AdcReadChannel  stm32l4xx_hw.o
    0x08004f2c   0x08004f2c   0x00000030   Code   RO         6625    i.HW_GPIO_GetBitPos  hw_gpio.o
    0x08004f5c   0x08004f5c   0x0000007c   Code   RO         6626    i.HW_GPIO_Init      hw_gpio.o
    0x08004fd8   0x08004fd8   0x00000020   Code   RO         6627    i.HW_GPIO_IrqHandler  hw_gpio.o
    0x08004ff8   0x08004ff8   0x0000003c   Code   RO         6629    i.HW_GPIO_SetIrq    hw_gpio.o
    0x08005034   0x08005034   0x00000006   Code   RO         6630    i.HW_GPIO_Write     hw_gpio.o
    0x0800503a   0x0800503a   0x00000002   PAD
    0x0800503c   0x0800503c   0x00000024   Code   RO         7078    i.HW_GetBatteryLevel  stm32l4xx_hw.o
    0x08005060   0x08005060   0x0000001c   Code   RO         7079    i.HW_GetRandomSeed  stm32l4xx_hw.o
    0x0800507c   0x0800507c   0x0000005c   Code   RO         7080    i.HW_GetTemperatureLevel  stm32l4xx_hw.o
    0x080050d8   0x080050d8   0x00000050   Code   RO         7081    i.HW_GetUniqueId    stm32l4xx_hw.o
    0x08005128   0x08005128   0x00000148   Code   RO         7082    i.HW_GpioInit       stm32l4xx_hw.o
    0x08005270   0x08005270   0x00000034   Code   RO         7083    i.HW_Init           stm32l4xx_hw.o
    0x080052a4   0x080052a4   0x00000020   Code   RO         6680    i.HW_RTC_BKUPRead   hw_rtc.o
    0x080052c4   0x080052c4   0x00000020   Code   RO         6681    i.HW_RTC_BKUPWrite  hw_rtc.o
    0x080052e4   0x080052e4   0x00000026   Code   RO         6682    i.HW_RTC_DelayMs    hw_rtc.o
    0x0800530a   0x0800530a   0x00000024   Code   RO         6683    i.HW_RTC_GetCalendarTime  hw_rtc.o
    0x0800532e   0x0800532e   0x00000002   PAD
    0x08005330   0x08005330   0x000000bc   Code   RO         6684    i.HW_RTC_GetCalendarValue  hw_rtc.o
    0x080053ec   0x080053ec   0x00000004   Code   RO         6685    i.HW_RTC_GetMinimumTimeout  hw_rtc.o
    0x080053f0   0x080053f0   0x0000000c   Code   RO         6686    i.HW_RTC_GetTimerContext  hw_rtc.o
    0x080053fc   0x080053fc   0x0000001c   Code   RO         6687    i.HW_RTC_GetTimerElapsedTime  hw_rtc.o
    0x08005418   0x08005418   0x00000010   Code   RO         6688    i.HW_RTC_GetTimerValue  hw_rtc.o
    0x08005428   0x08005428   0x0000002c   Code   RO         6689    i.HW_RTC_Init       hw_rtc.o
    0x08005454   0x08005454   0x00000044   Code   RO         6690    i.HW_RTC_IrqHandler  hw_rtc.o
    0x08005498   0x08005498   0x00000040   Code   RO         6691    i.HW_RTC_SetAlarm   hw_rtc.o
    0x080054d8   0x080054d8   0x00000064   Code   RO         6692    i.HW_RTC_SetConfig  hw_rtc.o
    0x0800553c   0x0800553c   0x00000018   Code   RO         6693    i.HW_RTC_SetTimerContext  hw_rtc.o
    0x08005554   0x08005554   0x0000011c   Code   RO         6694    i.HW_RTC_StartWakeUpAlarm  hw_rtc.o
    0x08005670   0x08005670   0x00000030   Code   RO         6695    i.HW_RTC_StopAlarm  hw_rtc.o
    0x080056a0   0x080056a0   0x00000016   Code   RO         6696    i.HW_RTC_Tick2ms    hw_rtc.o
    0x080056b6   0x080056b6   0x00000010   Code   RO         6698    i.HW_RTC_ms2Tick    hw_rtc.o
    0x080056c6   0x080056c6   0x00000002   PAD
    0x080056c8   0x080056c8   0x00000020   Code   RO         6841    i.HW_SPI_InOut      hw_spi.o
    0x080056e8   0x080056e8   0x00000088   Code   RO         6842    i.HW_SPI_Init       hw_spi.o
    0x08005770   0x08005770   0x0000007c   Code   RO         6843    i.HW_SPI_IoDeInit   hw_spi.o
    0x080057ec   0x080057ec   0x00000064   Code   RO         6844    i.HW_SPI_IoInit     hw_spi.o
    0x08005850   0x08005850   0x000000c4   Code   RO         7561    i.HandleRadioRxErrorTimeout  loramac.o
    0x08005914   0x08005914   0x00000004   Code   RO         7189    i.HardFault_Handler  stm32l4xx_it.o
    0x08005918   0x08005918   0x00000014   Code   RO         2139    i.I2C_EXPBD_Error   x_nucleo_iks01a2.o
    0x0800592c   0x0800592c   0x00000044   Code   RO         2140    i.I2C_EXPBD_Init    x_nucleo_iks01a2.o
    0x08005970   0x08005970   0x00000080   Code   RO         2141    i.I2C_EXPBD_MspInit  x_nucleo_iks01a2.o
    0x080059f0   0x080059f0   0x00000022   Code   RO         4274    i.I2C_Flush_TXDR    stm32l4xx_hal_i2c.o
    0x08005a12   0x08005a12   0x00000002   PAD
    0x08005a14   0x08005a14   0x00000084   Code   RO         4282    i.I2C_IsAcknowledgeFailed  stm32l4xx_hal_i2c.o
    0x08005a98   0x08005a98   0x00000064   Code   RO         4285    i.I2C_RequestMemoryRead  stm32l4xx_hal_i2c.o
    0x08005afc   0x08005afc   0x00000064   Code   RO         4286    i.I2C_RequestMemoryWrite  stm32l4xx_hal_i2c.o
    0x08005b60   0x08005b60   0x0000002c   Code   RO         4289    i.I2C_TransferConfig  stm32l4xx_hal_i2c.o
    0x08005b8c   0x08005b8c   0x00000058   Code   RO         4290    i.I2C_WaitOnFlagUntilTimeout  stm32l4xx_hal_i2c.o
    0x08005be4   0x08005be4   0x0000004c   Code   RO         4292    i.I2C_WaitOnSTOPFlagUntilTimeout  stm32l4xx_hal_i2c.o
    0x08005c30   0x08005c30   0x00000050   Code   RO         4293    i.I2C_WaitOnTXISFlagUntilTimeout  stm32l4xx_hal_i2c.o
    0x08005c80   0x08005c80   0x00000018   Code   RO         8442    i.IncreaseBufferPointer  loramacconfirmqueue.o
    0x08005c98   0x08005c98   0x00000014   Code   RO         8344    i.IsSticky          loramaccommands.o
    0x08005cac   0x08005cac   0x0000000c   Code   RO         3324    i.LL_ADC_GetOffsetChannel  stm32l4xx_hal_adc.o
    0x08005cb8   0x08005cb8   0x00000008   Code   RO         3325    i.LL_ADC_INJ_IsConversionOngoing  stm32l4xx_hal_adc.o
    0x08005cc0   0x08005cc0   0x00000008   Code   RO         3326    i.LL_ADC_REG_IsConversionOngoing  stm32l4xx_hal_adc.o
    0x08005cc8   0x08005cc8   0x00000010   Code   RO         3327    i.LL_ADC_REG_IsTriggerSourceSWStart  stm32l4xx_hal_adc.o
    0x08005cd8   0x08005cd8   0x0000001e   Code   RO         3329    i.LL_ADC_SetChannelSamplingTime  stm32l4xx_hal_adc.o
    0x08005cf6   0x08005cf6   0x00000010   Code   RO         3330    i.LL_ADC_SetOffsetState  stm32l4xx_hal_adc.o
    0x08005d06   0x08005d06   0x00000002   PAD
    0x08005d08   0x08005d08   0x00000044   Code   RO         6892    i.LORA_ConfirmClass  main.o
    0x08005d4c   0x08005d4c   0x00000032   Code   RO         6893    i.LORA_GetBatteryLevel  main.o
    0x08005d7e   0x08005d7e   0x00000006   Code   RO         6894    i.LORA_HasJoined    main.o
    0x08005d84   0x08005d84   0x00000220   Code   RO         7402    i.LORA_Init         lora.o
    0x08005fa4   0x08005fa4   0x000000ac   Code   RO         7403    i.LORA_Join         lora.o
    0x08006050   0x08006050   0x0000001e   Code   RO         7404    i.LORA_JoinStatus   lora.o
    0x0800606e   0x0800606e   0x00000002   PAD
    0x08006070   0x08006070   0x0000007c   Code   RO         7405    i.LORA_RequestClass  lora.o
    0x080060ec   0x080060ec   0x000000a8   Code   RO         6895    i.LORA_RxData       main.o
    0x08006194   0x08006194   0x00000014   Code   RO         6896    i.LORA_TxNeeded     main.o
    0x080061a8   0x080061a8   0x00000080   Code   RO         7406    i.LORA_send         lora.o
    0x08006228   0x08006228   0x00000030   Code   RO        10776    i.LPM_EnterLowPower  low_power_manager.o
    0x08006258   0x08006258   0x00000002   Code   RO        10777    i.LPM_EnterOffMode  low_power_manager.o
    0x0800625a   0x0800625a   0x00000008   Code   RO         7084    i.LPM_EnterSleepMode  stm32l4xx_hw.o
    0x08006262   0x08006262   0x00000002   PAD
    0x08006264   0x08006264   0x00000030   Code   RO         7085    i.LPM_EnterStopMode  stm32l4xx_hw.o
    0x08006294   0x08006294   0x00000002   Code   RO        10780    i.LPM_ExitOffMode   low_power_manager.o
    0x08006296   0x08006296   0x00000002   Code   RO        10781    i.LPM_ExitSleepMode  low_power_manager.o
    0x08006298   0x08006298   0x0000008c   Code   RO         7086    i.LPM_ExitStopMode  stm32l4xx_hw.o
    0x08006324   0x08006324   0x00000024   Code   RO        10783    i.LPM_GetMode       low_power_manager.o
    0x08006348   0x08006348   0x00000024   Code   RO        10784    i.LPM_SetOffMode    low_power_manager.o
    0x0800636c   0x0800636c   0x00000024   Code   RO        10785    i.LPM_SetStopMode   low_power_manager.o
    0x08006390   0x08006390   0x00000028   Code   RO          846    i.LPS22HB_Check_WhoAmI  lps22hb_driver_hl.o
    0x080063b8   0x080063b8   0x0000001e   Code   RO          847    i.LPS22HB_FIFO_Get_Data  lps22hb_driver_hl.o
    0x080063d6   0x080063d6   0x00000018   Code   RO          848    i.LPS22HB_FIFO_Get_Empty_Status  lps22hb_driver_hl.o
    0x080063ee   0x080063ee   0x00000018   Code   RO          849    i.LPS22HB_FIFO_Get_Fth_Status  lps22hb_driver_hl.o
    0x08006406   0x08006406   0x00000018   Code   RO          850    i.LPS22HB_FIFO_Get_Full_Status  lps22hb_driver_hl.o
    0x0800641e   0x0800641e   0x00000018   Code   RO          851    i.LPS22HB_FIFO_Get_Mode  lps22hb_driver_hl.o
    0x08006436   0x08006436   0x00000018   Code   RO          852    i.LPS22HB_FIFO_Get_Num_Of_Samples  lps22hb_driver_hl.o
    0x0800644e   0x0800644e   0x00000018   Code   RO          853    i.LPS22HB_FIFO_Get_Ovr_Status  lps22hb_driver_hl.o
    0x08006466   0x08006466   0x0000000e   Code   RO          854    i.LPS22HB_FIFO_Get_Watermark_Level  lps22hb_driver_hl.o
    0x08006474   0x08006474   0x0000002e   Code   RO          855    i.LPS22HB_FIFO_Reset_Interrupt  lps22hb_driver_hl.o
    0x080064a2   0x080064a2   0x0000002e   Code   RO          856    i.LPS22HB_FIFO_Set_Interrupt  lps22hb_driver_hl.o
    0x080064d0   0x080064d0   0x0000002c   Code   RO          857    i.LPS22HB_FIFO_Set_Mode  lps22hb_driver_hl.o
    0x080064fc   0x080064fc   0x0000000e   Code   RO          858    i.LPS22HB_FIFO_Set_Watermark_Level  lps22hb_driver_hl.o
    0x0800650a   0x0800650a   0x00000018   Code   RO          859    i.LPS22HB_FIFO_Stop_On_Fth  lps22hb_driver_hl.o
    0x08006522   0x08006522   0x00000018   Code   RO          860    i.LPS22HB_FIFO_Usage  lps22hb_driver_hl.o
    0x0800653a   0x0800653a   0x00000018   Code   RO          861    i.LPS22HB_FIFO_Watermark_Usage  lps22hb_driver_hl.o
    0x08006552   0x08006552   0x00000038   Code   RO          460    i.LPS22HB_Get_DataStatus  lps22hb_driver.o
    0x0800658a   0x0800658a   0x00000014   Code   RO          461    i.LPS22HB_Get_DeviceID  lps22hb_driver.o
    0x0800659e   0x0800659e   0x00000026   Code   RO          464    i.LPS22HB_Get_FifoMode  lps22hb_driver.o
    0x080065c4   0x080065c4   0x00000046   Code   RO          465    i.LPS22HB_Get_FifoStatus  lps22hb_driver.o
    0x0800660a   0x0800660a   0x00000020   Code   RO          466    i.LPS22HB_Get_FifoWatermarkLevel  lps22hb_driver.o
    0x0800662a   0x0800662a   0x00000002   PAD
    0x0800662c   0x0800662c   0x00000070   Code   RO          862    i.LPS22HB_Get_ODR   lps22hb_driver_hl.o
    0x0800669c   0x0800669c   0x00000022   Code   RO          472    i.LPS22HB_Get_Odr   lps22hb_driver.o
    0x080066be   0x080066be   0x00000002   PAD
    0x080066c0   0x080066c0   0x00000030   Code   RO          863    i.LPS22HB_Get_Press  lps22hb_driver_hl.o
    0x080066f0   0x080066f0   0x00000024   Code   RO          474    i.LPS22HB_Get_Pressure  lps22hb_driver.o
    0x08006714   0x08006714   0x0000003a   Code   RO          477    i.LPS22HB_Get_RawPressure  lps22hb_driver.o
    0x0800674e   0x0800674e   0x00000026   Code   RO          478    i.LPS22HB_Get_RawTemperature  lps22hb_driver.o
    0x08006774   0x08006774   0x00000030   Code   RO          864    i.LPS22HB_Get_Temp  lps22hb_driver_hl.o
    0x080067a4   0x080067a4   0x00000026   Code   RO          481    i.LPS22HB_Get_Temperature  lps22hb_driver.o
    0x080067ca   0x080067ca   0x0000000e   Code   RO          865    i.LPS22HB_Get_WhoAmI  lps22hb_driver_hl.o
    0x080067d8   0x080067d8   0x00000062   Code   RO          866    i.LPS22HB_Initialize  lps22hb_driver_hl.o
    0x0800683a   0x0800683a   0x00000004   Code   RO          867    i.LPS22HB_P_Check_WhoAmI  lps22hb_driver_hl.o
    0x0800683e   0x0800683e   0x00000020   Code   RO          868    i.LPS22HB_P_DeInit  lps22hb_driver_hl.o
    0x0800685e   0x0800685e   0x00000018   Code   RO          869    i.LPS22HB_P_Get_DRDY_Status  lps22hb_driver_hl.o
    0x08006876   0x08006876   0x00000004   Code   RO          870    i.LPS22HB_P_Get_ODR  lps22hb_driver_hl.o
    0x0800687a   0x0800687a   0x00000004   Code   RO          871    i.LPS22HB_P_Get_Press  lps22hb_driver_hl.o
    0x0800687e   0x0800687e   0x00000004   Code   RO          872    i.LPS22HB_P_Get_WhoAmI  lps22hb_driver_hl.o
    0x08006882   0x08006882   0x00000024   Code   RO          873    i.LPS22HB_P_Init    lps22hb_driver_hl.o
    0x080068a6   0x080068a6   0x0000000e   Code   RO          874    i.LPS22HB_P_Read_Reg  lps22hb_driver_hl.o
    0x080068b4   0x080068b4   0x00000028   Code   RO          875    i.LPS22HB_P_Sensor_Disable  lps22hb_driver_hl.o
    0x080068dc   0x080068dc   0x0000002a   Code   RO          876    i.LPS22HB_P_Sensor_Enable  lps22hb_driver_hl.o
    0x08006906   0x08006906   0x00000020   Code   RO          877    i.LPS22HB_P_Set_ODR  lps22hb_driver_hl.o
    0x08006926   0x08006926   0x00000020   Code   RO          878    i.LPS22HB_P_Set_ODR_Value  lps22hb_driver_hl.o
    0x08006946   0x08006946   0x0000000e   Code   RO          879    i.LPS22HB_P_Write_Reg  lps22hb_driver_hl.o
    0x08006954   0x08006954   0x00000030   Code   RO          486    i.LPS22HB_ReadReg   lps22hb_driver.o
    0x08006984   0x08006984   0x00000012   Code   RO          880    i.LPS22HB_Read_Reg  lps22hb_driver_hl.o
    0x08006996   0x08006996   0x00000002   PAD
    0x08006998   0x08006998   0x00000054   Code   RO         2142    i.LPS22HB_Sensor_IO_ITConfig  x_nucleo_iks01a2.o
    0x080069ec   0x080069ec   0x00000036   Code   RO          491    i.LPS22HB_Set_AutomaticIncrementRegAddress  lps22hb_driver.o
    0x08006a22   0x08006a22   0x00000038   Code   RO          492    i.LPS22HB_Set_Bdu   lps22hb_driver.o
    0x08006a5a   0x08006a5a   0x00000036   Code   RO          495    i.LPS22HB_Set_FIFO_FTH_Interrupt  lps22hb_driver.o
    0x08006a90   0x08006a90   0x00000036   Code   RO          496    i.LPS22HB_Set_FIFO_FULL_Interrupt  lps22hb_driver.o
    0x08006ac6   0x08006ac6   0x00000036   Code   RO          497    i.LPS22HB_Set_FIFO_OVR_Interrupt  lps22hb_driver.o
    0x08006afc   0x08006afc   0x00000034   Code   RO          499    i.LPS22HB_Set_FifoMode  lps22hb_driver.o
    0x08006b30   0x08006b30   0x00000036   Code   RO          500    i.LPS22HB_Set_FifoModeUse  lps22hb_driver.o
    0x08006b66   0x08006b66   0x00000034   Code   RO          501    i.LPS22HB_Set_FifoWatermarkLevel  lps22hb_driver.o
    0x08006b9a   0x08006b9a   0x00000036   Code   RO          502    i.LPS22HB_Set_FifoWatermarkLevelUse  lps22hb_driver.o
    0x08006bd0   0x08006bd0   0x00000036   Code   RO          510    i.LPS22HB_Set_LowPassFilter  lps22hb_driver.o
    0x08006c06   0x08006c06   0x00000034   Code   RO          511    i.LPS22HB_Set_LowPassFilterCutoff  lps22hb_driver.o
    0x08006c3a   0x08006c3a   0x00000002   PAD
    0x08006c3c   0x08006c3c   0x00000060   Code   RO          881    i.LPS22HB_Set_ODR_Value_When_Disabled  lps22hb_driver_hl.o
    0x08006c9c   0x08006c9c   0x00000068   Code   RO          882    i.LPS22HB_Set_ODR_Value_When_Enabled  lps22hb_driver_hl.o
    0x08006d04   0x08006d04   0x00000040   Code   RO          883    i.LPS22HB_Set_ODR_When_Disabled  lps22hb_driver_hl.o
    0x08006d44   0x08006d44   0x00000044   Code   RO          884    i.LPS22HB_Set_ODR_When_Enabled  lps22hb_driver_hl.o
    0x08006d88   0x08006d88   0x00000034   Code   RO          512    i.LPS22HB_Set_Odr   lps22hb_driver.o
    0x08006dbc   0x08006dbc   0x00000034   Code   RO          515    i.LPS22HB_Set_PowerMode  lps22hb_driver.o
    0x08006df0   0x08006df0   0x00000004   Code   RO          885    i.LPS22HB_T_Check_WhoAmI  lps22hb_driver_hl.o
    0x08006df4   0x08006df4   0x00000020   Code   RO          886    i.LPS22HB_T_DeInit  lps22hb_driver_hl.o
    0x08006e14   0x08006e14   0x00000018   Code   RO          887    i.LPS22HB_T_Get_DRDY_Status  lps22hb_driver_hl.o
    0x08006e2c   0x08006e2c   0x00000004   Code   RO          888    i.LPS22HB_T_Get_ODR  lps22hb_driver_hl.o
    0x08006e30   0x08006e30   0x00000004   Code   RO          889    i.LPS22HB_T_Get_Temp  lps22hb_driver_hl.o
    0x08006e34   0x08006e34   0x00000004   Code   RO          890    i.LPS22HB_T_Get_WhoAmI  lps22hb_driver_hl.o
    0x08006e38   0x08006e38   0x00000024   Code   RO          891    i.LPS22HB_T_Init    lps22hb_driver_hl.o
    0x08006e5c   0x08006e5c   0x0000000e   Code   RO          892    i.LPS22HB_T_Read_Reg  lps22hb_driver_hl.o
    0x08006e6a   0x08006e6a   0x00000028   Code   RO          893    i.LPS22HB_T_Sensor_Disable  lps22hb_driver_hl.o
    0x08006e92   0x08006e92   0x0000002a   Code   RO          894    i.LPS22HB_T_Sensor_Enable  lps22hb_driver_hl.o
    0x08006ebc   0x08006ebc   0x00000020   Code   RO          895    i.LPS22HB_T_Set_ODR  lps22hb_driver_hl.o
    0x08006edc   0x08006edc   0x00000020   Code   RO          896    i.LPS22HB_T_Set_ODR_Value  lps22hb_driver_hl.o
    0x08006efc   0x08006efc   0x0000000e   Code   RO          897    i.LPS22HB_T_Write_Reg  lps22hb_driver_hl.o
    0x08006f0a   0x08006f0a   0x00000030   Code   RO          521    i.LPS22HB_WriteReg  lps22hb_driver.o
    0x08006f3a   0x08006f3a   0x00000012   Code   RO          898    i.LPS22HB_Write_Reg  lps22hb_driver_hl.o
    0x08006f4c   0x08006f4c   0x00000008   Code   RO         8827    i.LimitTxPower      regionas923.o
    0x08006f54   0x08006f54   0x00000012   Code   RO         8628    i.LoRaMacAdrCalcNext  loramacadr.o
    0x08006f66   0x08006f66   0x00000004   Code   RO         8125    i.LoRaMacClassBBeaconFreqReq  loramacclassb.o
    0x08006f6a   0x08006f6a   0x00000002   Code   RO         8126    i.LoRaMacClassBBeaconTimerEvent  loramacclassb.o
    0x08006f6c   0x08006f6c   0x00000002   Code   RO         8127    i.LoRaMacClassBBeaconTimingAns  loramacclassb.o
    0x08006f6e   0x08006f6e   0x00000002   Code   RO         8128    i.LoRaMacClassBDeviceTimeAns  loramacclassb.o
    0x08006f70   0x08006f70   0x00000008   Code   RO         8129    i.LoRaMacClassBGetNvmCtx  loramacclassb.o
    0x08006f78   0x08006f78   0x00000002   Code   RO         8130    i.LoRaMacClassBHaltBeaconing  loramacclassb.o
    0x08006f7a   0x08006f7a   0x00000002   Code   RO         8131    i.LoRaMacClassBInit  loramacclassb.o
    0x08006f7c   0x08006f7c   0x00000004   Code   RO         8132    i.LoRaMacClassBIsAcquisitionInProgress  loramacclassb.o
    0x08006f80   0x08006f80   0x00000004   Code   RO         8134    i.LoRaMacClassBIsBeaconExpected  loramacclassb.o
    0x08006f84   0x08006f84   0x00000004   Code   RO         8135    i.LoRaMacClassBIsBeaconModeActive  loramacclassb.o
    0x08006f88   0x08006f88   0x00000004   Code   RO         8136    i.LoRaMacClassBIsMulticastExpected  loramacclassb.o
    0x08006f8c   0x08006f8c   0x00000004   Code   RO         8137    i.LoRaMacClassBIsPingExpected  loramacclassb.o
    0x08006f90   0x08006f90   0x00000004   Code   RO         8138    i.LoRaMacClassBIsUplinkCollision  loramacclassb.o
    0x08006f94   0x08006f94   0x00000004   Code   RO         8139    i.LoRaMacClassBMibGetRequestConfirm  loramacclassb.o
    0x08006f98   0x08006f98   0x00000002   Code   RO         8140    i.LoRaMacClassBMulticastSlotTimerEvent  loramacclassb.o
    0x08006f9a   0x08006f9a   0x00000004   Code   RO         8141    i.LoRaMacClassBPingSlotChannelReq  loramacclassb.o
    0x08006f9e   0x08006f9e   0x00000002   Code   RO         8142    i.LoRaMacClassBPingSlotInfoAns  loramacclassb.o
    0x08006fa0   0x08006fa0   0x00000002   Code   RO         8143    i.LoRaMacClassBPingSlotTimerEvent  loramacclassb.o
    0x08006fa2   0x08006fa2   0x00000002   Code   RO         8144    i.LoRaMacClassBProcess  loramacclassb.o
    0x08006fa4   0x08006fa4   0x00000004   Code   RO         8145    i.LoRaMacClassBRestoreNvmCtx  loramacclassb.o
    0x08006fa8   0x08006fa8   0x00000002   Code   RO         8146    i.LoRaMacClassBResumeBeaconing  loramacclassb.o
    0x08006faa   0x08006faa   0x00000004   Code   RO         8147    i.LoRaMacClassBRxBeacon  loramacclassb.o
    0x08006fae   0x08006fae   0x00000002   Code   RO         8148    i.LoRaMacClassBSetBeaconState  loramacclassb.o
    0x08006fb0   0x08006fb0   0x00000002   Code   RO         8150    i.LoRaMacClassBSetMulticastSlotState  loramacclassb.o
    0x08006fb2   0x08006fb2   0x00000002   Code   RO         8151    i.LoRaMacClassBSetPingSlotInfo  loramacclassb.o
    0x08006fb4   0x08006fb4   0x00000002   Code   RO         8152    i.LoRaMacClassBSetPingSlotState  loramacclassb.o
    0x08006fb6   0x08006fb6   0x00000002   Code   RO         8154    i.LoRaMacClassBStopRxSlots  loramacclassb.o
    0x08006fb8   0x08006fb8   0x00000004   Code   RO         8155    i.LoRaMacClassBSwitchClass  loramacclassb.o
    0x08006fbc   0x08006fbc   0x00000090   Code   RO         8345    i.LoRaMacCommandsAddCmd  loramaccommands.o
    0x0800704c   0x0800704c   0x0000000c   Code   RO         8347    i.LoRaMacCommandsGetNvmCtx  loramaccommands.o
    0x08007058   0x08007058   0x00000018   Code   RO         8348    i.LoRaMacCommandsGetSizeSerializedCmds  loramaccommands.o
    0x08007070   0x08007070   0x00000028   Code   RO         8349    i.LoRaMacCommandsInit  loramaccommands.o
    0x08007098   0x08007098   0x00000074   Code   RO         8350    i.LoRaMacCommandsRemoveCmd  loramaccommands.o
    0x0800710c   0x0800710c   0x00000028   Code   RO         8351    i.LoRaMacCommandsRemoveNoneStickyCmds  loramaccommands.o
    0x08007134   0x08007134   0x0000002c   Code   RO         8352    i.LoRaMacCommandsRemoveStickyAnsCmds  loramaccommands.o
    0x08007160   0x08007160   0x0000001c   Code   RO         8353    i.LoRaMacCommandsRestoreNvmCtx  loramaccommands.o
    0x0800717c   0x0800717c   0x0000004c   Code   RO         8354    i.LoRaMacCommandsSerializeCmds  loramaccommands.o
    0x080071c8   0x080071c8   0x0000002c   Code   RO         8355    i.LoRaMacCommandsStickyCmdsPending  loramaccommands.o
    0x080071f4   0x080071f4   0x00000038   Code   RO         8443    i.LoRaMacConfirmQueueAdd  loramacconfirmqueue.o
    0x0800722c   0x0800722c   0x0000000c   Code   RO         8444    i.LoRaMacConfirmQueueGetCnt  loramacconfirmqueue.o
    0x08007238   0x08007238   0x0000000c   Code   RO         8445    i.LoRaMacConfirmQueueGetNvmCtx  loramacconfirmqueue.o
    0x08007244   0x08007244   0x00000020   Code   RO         8446    i.LoRaMacConfirmQueueGetStatus  loramacconfirmqueue.o
    0x08007264   0x08007264   0x00000054   Code   RO         8448    i.LoRaMacConfirmQueueHandleCb  loramacconfirmqueue.o
    0x080072b8   0x080072b8   0x0000002c   Code   RO         8449    i.LoRaMacConfirmQueueInit  loramacconfirmqueue.o
    0x080072e4   0x080072e4   0x00000018   Code   RO         8450    i.LoRaMacConfirmQueueIsCmdActive  loramacconfirmqueue.o
    0x080072fc   0x080072fc   0x00000018   Code   RO         8451    i.LoRaMacConfirmQueueIsFull  loramacconfirmqueue.o
    0x08007314   0x08007314   0x00000024   Code   RO         8452    i.LoRaMacConfirmQueueRemoveFirst  loramacconfirmqueue.o
    0x08007338   0x08007338   0x00000018   Code   RO         8454    i.LoRaMacConfirmQueueRestoreNvmCtx  loramacconfirmqueue.o
    0x08007350   0x08007350   0x0000002c   Code   RO         8455    i.LoRaMacConfirmQueueSetStatus  loramacconfirmqueue.o
    0x0800737c   0x0800737c   0x0000002c   Code   RO         8456    i.LoRaMacConfirmQueueSetStatusCmn  loramacconfirmqueue.o
    0x080073a8   0x080073a8   0x00000034   Code   RO         7952    i.LoRaMacCryptoDeriveMcKEKey  loramaccrypto.o
    0x080073dc   0x080073dc   0x00000050   Code   RO         7953    i.LoRaMacCryptoDeriveMcRootKey  loramaccrypto.o
    0x0800742c   0x0800742c   0x00000070   Code   RO         7955    i.LoRaMacCryptoGetFCntDown  loramaccrypto.o
    0x0800749c   0x0800749c   0x00000018   Code   RO         7956    i.LoRaMacCryptoGetFCntUp  loramaccrypto.o
    0x080074b4   0x080074b4   0x0000000c   Code   RO         7957    i.LoRaMacCryptoGetNvmCtx  loramaccrypto.o
    0x080074c0   0x080074c0   0x00000182   Code   RO         7958    i.LoRaMacCryptoHandleJoinAccept  loramaccrypto.o
    0x08007642   0x08007642   0x00000002   PAD
    0x08007644   0x08007644   0x0000003c   Code   RO         7959    i.LoRaMacCryptoInit  loramaccrypto.o
    0x08007680   0x08007680   0x0000005c   Code   RO         7960    i.LoRaMacCryptoPrepareJoinRequest  loramaccrypto.o
    0x080076dc   0x080076dc   0x0000001c   Code   RO         7963    i.LoRaMacCryptoRestoreNvmCtx  loramaccrypto.o
    0x080076f8   0x080076f8   0x000000b8   Code   RO         7964    i.LoRaMacCryptoSecureMessage  loramaccrypto.o
    0x080077b0   0x080077b0   0x00000028   Code   RO         7965    i.LoRaMacCryptoSetKey  loramaccrypto.o
    0x080077d8   0x080077d8   0x00000010   Code   RO         7966    i.LoRaMacCryptoSetLrWanVersion  loramaccrypto.o
    0x080077e8   0x080077e8   0x00000028   Code   RO         7967    i.LoRaMacCryptoSetMulticastReference  loramaccrypto.o
    0x08007810   0x08007810   0x000000bc   Code   RO         7968    i.LoRaMacCryptoUnsecureMessage  loramaccrypto.o
    0x080078cc   0x080078cc   0x00000078   Code   RO         7564    i.LoRaMacHandleIndicationEvents  loramac.o
    0x08007944   0x08007944   0x00000090   Code   RO         7565    i.LoRaMacHandleIrqEvents  loramac.o
    0x080079d4   0x080079d4   0x000000e8   Code   RO         7566    i.LoRaMacHandleMcpsRequest  loramac.o
    0x08007abc   0x08007abc   0x00000078   Code   RO         7567    i.LoRaMacHandleRequestEvents  loramac.o
    0x08007b34   0x08007b34   0x000003e0   Code   RO         7568    i.LoRaMacInitialization  loramac.o
    0x08007f14   0x08007f14   0x0000001c   Code   RO         7569    i.LoRaMacIsBusy     loramac.o
    0x08007f30   0x08007f30   0x00000146   Code   RO         7574    i.LoRaMacMcpsRequest  loramac.o
    0x08008076   0x08008076   0x00000004   Code   RO         8156    i.LoRaMacMibClassBSetRequestConfirm  loramacclassb.o
    0x0800807a   0x0800807a   0x00000002   PAD
    0x0800807c   0x0800807c   0x0000012c   Code   RO         7575    i.LoRaMacMibGetRequestConfirm  loramac.o
    0x080081a8   0x080081a8   0x0000040c   Code   RO         7576    i.LoRaMacMibSetRequestConfirm  loramac.o
    0x080085b4   0x080085b4   0x00000170   Code   RO         7577    i.LoRaMacMlmeRequest  loramac.o
    0x08008724   0x08008724   0x000000be   Code   RO         8555    i.LoRaMacParserData  loramacparser.o
    0x080087e2   0x080087e2   0x0000009a   Code   RO         8556    i.LoRaMacParserJoinAccept  loramacparser.o
    0x0800887c   0x0800887c   0x000000dc   Code   RO         7578    i.LoRaMacProcess    loramac.o
    0x08008958   0x08008958   0x000000c0   Code   RO         7579    i.LoRaMacQueryTxPossible  loramac.o
    0x08008a18   0x08008a18   0x000000ce   Code   RO         8585    i.LoRaMacSerializerData  loramacserializer.o
    0x08008ae6   0x08008ae6   0x0000006a   Code   RO         8586    i.LoRaMacSerializerJoinRequest  loramacserializer.o
    0x08008b50   0x08008b50   0x00000010   Code   RO         7580    i.LoRaMacStart      loramac.o
    0x08008b60   0x08008b60   0x0000000c   Code   RO         6897    i.LoraMacProcessNotify  main.o
    0x08008b6c   0x08008b6c   0x00000056   Code   RO         7015    i.MSP_GetIRQn       stm32l4xx_hal_msp.o
    0x08008bc2   0x08008bc2   0x00000002   PAD
    0x08008bc4   0x08008bc4   0x0000003c   Code   RO         6898    i.MX_USART1_UART_Init  main.o
    0x08008c00   0x08008c00   0x0000003c   Code   RO         6899    i.MX_USART3_UART_Init  main.o
    0x08008c3c   0x08008c3c   0x0000002c   Code   RO         7407    i.McpsConfirm       lora.o
    0x08008c68   0x08008c68   0x00000068   Code   RO         7408    i.McpsIndication    lora.o
    0x08008cd0   0x08008cd0   0x00000002   Code   RO         7190    i.MemManage_Handler  stm32l4xx_it.o
    0x08008cd2   0x08008cd2   0x00000002   PAD
    0x08008cd4   0x08008cd4   0x00000044   Code   RO         7409    i.MlmeConfirm       lora.o
    0x08008d18   0x08008d18   0x00000014   Code   RO         7410    i.MlmeIndication    lora.o
    0x08008d2c   0x08008d2c   0x00000002   Code   RO         7191    i.NMI_Handler       stm32l4xx_it.o
    0x08008d2e   0x08008d2e   0x00000002   PAD
    0x08008d30   0x08008d30   0x00000010   Code   RO         8356    i.NvmCtxCallback    loramaccommands.o
    0x08008d40   0x08008d40   0x0000004c   Code   RO         7583    i.OnAckTimeoutTimerEvent  loramac.o
    0x08008d8c   0x08008d8c   0x00000004   Code   RO         7491    i.OnCertifTxNextPacketTimerEvent  lora-test.o
    0x08008d90   0x08008d90   0x0000007c   Code   RO         7584    i.OnRadioRxDone     loramac.o
    0x08008e0c   0x08008e0c   0x00000028   Code   RO         7585    i.OnRadioRxError    loramac.o
    0x08008e34   0x08008e34   0x0000005c   Code   RO         7586    i.OnRadioRxTimeout  loramac.o
    0x08008e90   0x08008e90   0x00000078   Code   RO         7587    i.OnRadioTxDone     loramac.o
    0x08008f08   0x08008f08   0x0000005c   Code   RO         7588    i.OnRadioTxTimeout  loramac.o
    0x08008f64   0x08008f64   0x00000040   Code   RO         7589    i.OnRxWindow1TimerEvent  loramac.o
    0x08008fa4   0x08008fa4   0x0000004c   Code   RO         7590    i.OnRxWindow2TimerEvent  loramac.o
    0x08008ff0   0x08008ff0   0x00000054   Code   RO         7591    i.OnTxDelayedTimerEvent  loramac.o
    0x08009044   0x08009044   0x00000018   Code   RO         6900    i.OnTxTimerEvent    main.o
    0x0800905c   0x0800905c   0x00000040   Code   RO         7592    i.OpenContinuousRxCWindow  loramac.o
    0x0800909c   0x0800909c   0x000000b4   Code   RO         7969    i.PayloadEncrypt    loramaccrypto.o
    0x08009150   0x08009150   0x00000002   Code   RO         7192    i.PendSV_Handler    stm32l4xx_it.o
    0x08009152   0x08009152   0x00000002   PAD
    0x08009154   0x08009154   0x0000005c   Code   RO         7970    i.PrepareB0         loramaccrypto.o
    0x080091b0   0x080091b0   0x00000162   Code   RO         7593    i.PrepareFrame      loramac.o
    0x08009312   0x08009312   0x00000002   PAD
    0x08009314   0x08009314   0x00000038   Code   RO         7594    i.PrepareRxDoneAbort  loramac.o
    0x0800934c   0x0800934c   0x00000512   Code   RO         7595    i.ProcessMacCommands  loramac.o
    0x0800985e   0x0800985e   0x00000002   PAD
    0x08009860   0x08009860   0x0000054a   Code   RO         7596    i.ProcessRadioRxDone  loramac.o
    0x08009daa   0x08009daa   0x00000002   PAD
    0x08009dac   0x08009dac   0x000000d8   Code   RO         7597    i.ProcessRadioTxDone  loramac.o
    0x08009e84   0x08009e84   0x0000012c   Code   RO         4847    i.RCCEx_PLLSAI1_Config  stm32l4xx_hal_rcc_ex.o
    0x08009fb0   0x08009fb0   0x00000108   Code   RO         4848    i.RCCEx_PLLSAI2_Config  stm32l4xx_hal_rcc_ex.o
    0x0800a0b8   0x0800a0b8   0x0000007c   Code   RO         4740    i.RCC_SetFlashLatencyFromMSIRange  stm32l4xx_hal_rcc.o
    0x0800a134   0x0800a134   0x00000004   Code   RO         7193    i.RTC_Alarm_IRQHandler  stm32l4xx_it.o
    0x0800a138   0x0800a138   0x00000012   Code   RO         4986    i.RTC_Bcd2ToByte    stm32l4xx_hal_rtc.o
    0x0800a14a   0x0800a14a   0x00000018   Code   RO         4987    i.RTC_ByteToBcd2    stm32l4xx_hal_rtc.o
    0x0800a162   0x0800a162   0x00000002   PAD
    0x0800a164   0x0800a164   0x00000046   Code   RO         4988    i.RTC_EnterInitMode  stm32l4xx_hal_rtc.o
    0x0800a1aa   0x0800a1aa   0x00000002   PAD
    0x0800a1ac   0x0800a1ac   0x00000058   Code   RO         4989    i.RTC_ExitInitMode  stm32l4xx_hal_rtc.o
    0x0800a204   0x0800a204   0x00000004   Code   RO         8828    i.RegionAS923AlternateDr  regionas923.o
    0x0800a208   0x0800a208   0x0000007e   Code   RO         8829    i.RegionAS923ApplyCFList  regionas923.o
    0x0800a286   0x0800a286   0x00000002   PAD
    0x0800a288   0x0800a288   0x00000030   Code   RO         8830    i.RegionAS923ApplyDrOffset  regionas923.o
    0x0800a2b8   0x0800a2b8   0x0000003c   Code   RO         8831    i.RegionAS923CalcBackOff  regionas923.o
    0x0800a2f4   0x0800a2f4   0x0000002c   Code   RO         8832    i.RegionAS923ChanMaskSet  regionas923.o
    0x0800a320   0x0800a320   0x000000a0   Code   RO         8833    i.RegionAS923ChannelAdd  regionas923.o
    0x0800a3c0   0x0800a3c0   0x0000002c   Code   RO         8834    i.RegionAS923ChannelsRemove  regionas923.o
    0x0800a3ec   0x0800a3ec   0x00000074   Code   RO         8835    i.RegionAS923ComputeRxWindowParameters  regionas923.o
    0x0800a460   0x0800a460   0x00000038   Code   RO         8836    i.RegionAS923DlChannelReq  regionas923.o
    0x0800a498   0x0800a498   0x0000000c   Code   RO         8837    i.RegionAS923GetNvmCtx  regionas923.o
    0x0800a4a4   0x0800a4a4   0x0000013c   Code   RO         8838    i.RegionAS923GetPhyParam  regionas923.o
    0x0800a5e0   0x0800a5e0   0x00000080   Code   RO         8839    i.RegionAS923InitDefaults  regionas923.o
    0x0800a660   0x0800a660   0x0000016a   Code   RO         8840    i.RegionAS923LinkAdrReq  regionas923.o
    0x0800a7ca   0x0800a7ca   0x00000042   Code   RO         8841    i.RegionAS923NewChannelReq  regionas923.o
    0x0800a80c   0x0800a80c   0x00000112   Code   RO         8842    i.RegionAS923NextChannel  regionas923.o
    0x0800a91e   0x0800a91e   0x00000002   PAD
    0x0800a920   0x0800a920   0x000000e4   Code   RO         8844    i.RegionAS923RxConfig  regionas923.o
    0x0800aa04   0x0800aa04   0x00000038   Code   RO         8845    i.RegionAS923RxParamSetupReq  regionas923.o
    0x0800aa3c   0x0800aa3c   0x00000020   Code   RO         8846    i.RegionAS923SetBandTxDone  regionas923.o
    0x0800aa5c   0x0800aa5c   0x00000058   Code   RO         8847    i.RegionAS923SetContinuousWave  regionas923.o
    0x0800aab4   0x0800aab4   0x000000f2   Code   RO         8848    i.RegionAS923TxConfig  regionas923.o
    0x0800aba6   0x0800aba6   0x00000004   Code   RO         8849    i.RegionAS923TxParamSetupReq  regionas923.o
    0x0800abaa   0x0800abaa   0x00000002   PAD
    0x0800abac   0x0800abac   0x0000005e   Code   RO         8850    i.RegionAS923Verify  regionas923.o
    0x0800ac0a   0x0800ac0a   0x00000010   Code   RO         8659    i.RegionAlternateDr  region.o
    0x0800ac1a   0x0800ac1a   0x0000000c   Code   RO         8660    i.RegionApplyCFList  region.o
    0x0800ac26   0x0800ac26   0x0000001a   Code   RO         8661    i.RegionApplyDrOffset  region.o
    0x0800ac40   0x0800ac40   0x0000000c   Code   RO         8662    i.RegionCalcBackOff  region.o
    0x0800ac4c   0x0800ac4c   0x0000000c   Code   RO         8663    i.RegionChanMaskSet  region.o
    0x0800ac58   0x0800ac58   0x00000060   Code   RO         9561    i.RegionCommonCalcBackOff  regioncommon.o
    0x0800acb8   0x0800acb8   0x00000028   Code   RO         9562    i.RegionCommonChanDisable  regioncommon.o
    0x0800ace0   0x0800ace0   0x00000022   Code   RO         9563    i.RegionCommonChanMaskCopy  regioncommon.o
    0x0800ad02   0x0800ad02   0x00000068   Code   RO         9564    i.RegionCommonChanVerifyDr  regioncommon.o
    0x0800ad6a   0x0800ad6a   0x00000002   PAD
    0x0800ad6c   0x0800ad6c   0x0000011e   Code   RO         9565    i.RegionCommonComputeRxWindowParameters  regioncommon.o
    0x0800ae8a   0x0800ae8a   0x00000002   PAD
    0x0800ae8c   0x0800ae8c   0x00000028   Code   RO         9566    i.RegionCommonComputeSymbolTimeFsk  regioncommon.o
    0x0800aeb4   0x0800aeb4   0x00000040   Code   RO         9567    i.RegionCommonComputeSymbolTimeLoRa  regioncommon.o
    0x0800aef4   0x0800aef4   0x00000030   Code   RO         9568    i.RegionCommonComputeTxPower  regioncommon.o
    0x0800af24   0x0800af24   0x00000044   Code   RO         9569    i.RegionCommonCountChannels  regioncommon.o
    0x0800af68   0x0800af68   0x00000024   Code   RO         9570    i.RegionCommonGetJoinDc  regioncommon.o
    0x0800af8c   0x0800af8c   0x0000008a   Code   RO         9571    i.RegionCommonLinkAdrReqVerifyParams  regioncommon.o
    0x0800b016   0x0800b016   0x00000036   Code   RO         9572    i.RegionCommonParseLinkAdrReq  regioncommon.o
    0x0800b04c   0x0800b04c   0x0000000a   Code   RO         9574    i.RegionCommonSetBandTxDone  regioncommon.o
    0x0800b056   0x0800b056   0x00000002   PAD
    0x0800b058   0x0800b058   0x0000009a   Code   RO         9575    i.RegionCommonUpdateBandTimeOff  regioncommon.o
    0x0800b0f2   0x0800b0f2   0x00000010   Code   RO         9576    i.RegionCommonValueInRange  regioncommon.o
    0x0800b102   0x0800b102   0x0000001e   Code   RO         8666    i.RegionComputeRxWindowParameters  region.o
    0x0800b120   0x0800b120   0x0000000c   Code   RO         8667    i.RegionDlChannelReq  region.o
    0x0800b12c   0x0800b12c   0x0000000c   Code   RO         8668    i.RegionGetNvmCtx   region.o
    0x0800b138   0x0800b138   0x0000000e   Code   RO         8669    i.RegionGetPhyParam  region.o
    0x0800b146   0x0800b146   0x0000000c   Code   RO         8670    i.RegionInitDefaults  region.o
    0x0800b152   0x0800b152   0x0000000a   Code   RO         8671    i.RegionIsActive    region.o
    0x0800b15c   0x0800b15c   0x00000020   Code   RO         8672    i.RegionLinkAdrReq  region.o
    0x0800b17c   0x0800b17c   0x0000000c   Code   RO         8673    i.RegionNewChannelReq  region.o
    0x0800b188   0x0800b188   0x0000001e   Code   RO         8674    i.RegionNextChannel  region.o
    0x0800b1a6   0x0800b1a6   0x00000010   Code   RO         8676    i.RegionRxConfig    region.o
    0x0800b1b6   0x0800b1b6   0x0000000c   Code   RO         8677    i.RegionRxParamSetupReq  region.o
    0x0800b1c2   0x0800b1c2   0x0000000c   Code   RO         8678    i.RegionSetBandTxDone  region.o
    0x0800b1ce   0x0800b1ce   0x0000000c   Code   RO         8679    i.RegionSetContinuousWave  region.o
    0x0800b1da   0x0800b1da   0x0000001a   Code   RO         8680    i.RegionTxConfig    region.o
    0x0800b1f4   0x0800b1f4   0x0000000c   Code   RO         8681    i.RegionTxParamSetupReq  region.o
    0x0800b200   0x0800b200   0x00000010   Code   RO         8682    i.RegionVerify      region.o
    0x0800b210   0x0800b210   0x00000028   Code   RO         7971    i.ResetFCnts        loramaccrypto.o
    0x0800b238   0x0800b238   0x00000104   Code   RO         7598    i.ResetMacParameters  loramac.o
    0x0800b33c   0x0800b33c   0x00000080   Code   RO         7599    i.RestoreCtxs       loramac.o
    0x0800b3bc   0x0800b3bc   0x00000090   Code   RO         1709    i.RxChainCalibration  sx1276.o
    0x0800b44c   0x0800b44c   0x00000040   Code   RO         7600    i.RxWindowSetup     loramac.o
    0x0800b48c   0x0800b48c   0x00000048   Code   RO         5401    i.SPI_EndRxTxTransaction  stm32l4xx_hal_spi.o
    0x0800b4d4   0x0800b4d4   0x00000096   Code   RO         5406    i.SPI_WaitFifoStateUntilTimeout  stm32l4xx_hal_spi.o
    0x0800b56a   0x0800b56a   0x00000094   Code   RO         5407    i.SPI_WaitFlagStateUntilTimeout  stm32l4xx_hal_spi.o
    0x0800b5fe   0x0800b5fe   0x00000002   Code   RO         7194    i.SVC_Handler       stm32l4xx_it.o
    0x0800b600   0x0800b600   0x0000000c   Code   RO         1710    i.SX1276BoardInit   sx1276.o
    0x0800b60c   0x0800b60c   0x00000004   Code   RO         2931    i.SX1276CheckRfFrequency  sx1276mb1mas.o
    0x0800b610   0x0800b610   0x0000000c   Code   RO         1711    i.SX1276GetStatus   sx1276.o
    0x0800b61c   0x0800b61c   0x00000288   Code   RO         1712    i.SX1276GetTimeOnAir  sx1276.o
    0x0800b8a4   0x0800b8a4   0x00000004   Code   RO         2933    i.SX1276GetWakeTime  sx1276mb1mas.o
    0x0800b8a8   0x0800b8a8   0x00000014   Code   RO         1713    i.SX1276GetWakeupTime  sx1276.o
    0x0800b8bc   0x0800b8bc   0x00000090   Code   RO         1714    i.SX1276Init        sx1276.o
    0x0800b94c   0x0800b94c   0x0000004c   Code   RO         2934    i.SX1276IoDeInit    sx1276mb1mas.o
    0x0800b998   0x0800b998   0x0000005c   Code   RO         2935    i.SX1276IoInit      sx1276mb1mas.o
    0x0800b9f4   0x0800b9f4   0x00000044   Code   RO         2936    i.SX1276IoIrqInit   sx1276mb1mas.o
    0x0800ba38   0x0800ba38   0x00000060   Code   RO         1715    i.SX1276IsChannelFree  sx1276.o
    0x0800ba98   0x0800ba98   0x00000240   Code   RO         1716    i.SX1276OnDio0Irq   sx1276.o
    0x0800bcd8   0x0800bcd8   0x000000d8   Code   RO         1717    i.SX1276OnDio1Irq   sx1276.o
    0x0800bdb0   0x0800bdb0   0x000000b4   Code   RO         1718    i.SX1276OnDio2Irq   sx1276.o
    0x0800be64   0x0800be64   0x00000058   Code   RO         1719    i.SX1276OnDio3Irq   sx1276.o
    0x0800bebc   0x0800bebc   0x0000001c   Code   RO         1720    i.SX1276OnDio4Irq   sx1276.o
    0x0800bed8   0x0800bed8   0x000000e0   Code   RO         1722    i.SX1276OnTimeoutIrq  sx1276.o
    0x0800bfb8   0x0800bfb8   0x0000003e   Code   RO         1723    i.SX1276Random      sx1276.o
    0x0800bff6   0x0800bff6   0x00000010   Code   RO         1724    i.SX1276Read        sx1276.o
    0x0800c006   0x0800c006   0x00000002   PAD
    0x0800c008   0x0800c008   0x00000044   Code   RO         1725    i.SX1276ReadBuffer  sx1276.o
    0x0800c04c   0x0800c04c   0x0000000a   Code   RO         1726    i.SX1276ReadFifo    sx1276.o
    0x0800c056   0x0800c056   0x00000002   PAD
    0x0800c058   0x0800c058   0x00000040   Code   RO         1727    i.SX1276ReadRssi    sx1276.o
    0x0800c098   0x0800c098   0x0000004c   Code   RO         1728    i.SX1276Reset       sx1276.o
    0x0800c0e4   0x0800c0e4   0x000000f0   Code   RO         1729    i.SX1276Send        sx1276.o
    0x0800c1d4   0x0800c1d4   0x00000018   Code   RO         2937    i.SX1276SetAntSw    sx1276mb1mas.o
    0x0800c1ec   0x0800c1ec   0x00000044   Code   RO         2938    i.SX1276SetAntSwLowPower  sx1276mb1mas.o
    0x0800c230   0x0800c230   0x00000048   Code   RO         1730    i.SX1276SetChannel  sx1276.o
    0x0800c278   0x0800c278   0x00000034   Code   RO         1731    i.SX1276SetMaxPayloadLength  sx1276.o
    0x0800c2ac   0x0800c2ac   0x00000078   Code   RO         1732    i.SX1276SetModem    sx1276.o
    0x0800c324   0x0800c324   0x00000060   Code   RO         1733    i.SX1276SetOpMode   sx1276.o
    0x0800c384   0x0800c384   0x00000028   Code   RO         1734    i.SX1276SetPublicNetwork  sx1276.o
    0x0800c3ac   0x0800c3ac   0x00000096   Code   RO         2939    i.SX1276SetRfTxPower  sx1276mb1mas.o
    0x0800c442   0x0800c442   0x00000002   PAD
    0x0800c444   0x0800c444   0x000001f0   Code   RO         1735    i.SX1276SetRx       sx1276.o
    0x0800c634   0x0800c634   0x000002e4   Code   RO         1736    i.SX1276SetRxConfig  sx1276.o
    0x0800c918   0x0800c918   0x0000003c   Code   RO         1737    i.SX1276SetSleep    sx1276.o
    0x0800c954   0x0800c954   0x0000002c   Code   RO         1738    i.SX1276SetStby     sx1276.o
    0x0800c980   0x0800c980   0x000000a8   Code   RO         1739    i.SX1276SetTx       sx1276.o
    0x0800ca28   0x0800ca28   0x00000234   Code   RO         1740    i.SX1276SetTxConfig  sx1276.o
    0x0800cc5c   0x0800cc5c   0x00000080   Code   RO         1741    i.SX1276SetTxContinuousWave  sx1276.o
    0x0800ccdc   0x0800ccdc   0x00000002   Code   RO         2940    i.SX1276SetXO       sx1276mb1mas.o
    0x0800ccde   0x0800ccde   0x00000002   PAD
    0x0800cce0   0x0800cce0   0x0000003c   Code   RO         1742    i.SX1276StartCad    sx1276.o
    0x0800cd1c   0x0800cd1c   0x0000000c   Code   RO         1743    i.SX1276Write       sx1276.o
    0x0800cd28   0x0800cd28   0x00000044   Code   RO         1744    i.SX1276WriteBuffer  sx1276.o
    0x0800cd6c   0x0800cd6c   0x0000000a   Code   RO         1745    i.SX1276WriteFifo   sx1276.o
    0x0800cd76   0x0800cd76   0x00000002   PAD
    0x0800cd78   0x0800cd78   0x0000016c   Code   RO         7601    i.ScheduleTx        loramac.o
    0x0800cee4   0x0800cee4   0x0000006c   Code   RO        11321    i.SecureElementAesEncrypt  soft-se.o
    0x0800cf50   0x0800cf50   0x00000014   Code   RO        11322    i.SecureElementComputeAesCmac  soft-se.o
    0x0800cf64   0x0800cf64   0x00000048   Code   RO        11323    i.SecureElementDeriveAndStoreKey  soft-se.o
    0x0800cfac   0x0800cfac   0x00000008   Code   RO        11324    i.SecureElementGetDevEui  soft-se.o
    0x0800cfb4   0x0800cfb4   0x00000008   Code   RO        11325    i.SecureElementGetJoinEui  soft-se.o
    0x0800cfbc   0x0800cfbc   0x00000010   Code   RO        11326    i.SecureElementGetNvmCtx  soft-se.o
    0x0800cfcc   0x0800cfcc   0x000000e4   Code   RO        11327    i.SecureElementInit  soft-se.o
    0x0800d0b0   0x0800d0b0   0x0000001c   Code   RO        11328    i.SecureElementRandomNumber  soft-se.o
    0x0800d0cc   0x0800d0cc   0x0000001c   Code   RO        11329    i.SecureElementRestoreNvmCtx  soft-se.o
    0x0800d0e8   0x0800d0e8   0x00000024   Code   RO        11330    i.SecureElementSetDevEui  soft-se.o
    0x0800d10c   0x0800d10c   0x00000024   Code   RO        11331    i.SecureElementSetJoinEui  soft-se.o
    0x0800d130   0x0800d130   0x00000094   Code   RO        11332    i.SecureElementSetKey  soft-se.o
    0x0800d1c4   0x0800d1c4   0x0000002a   Code   RO        11333    i.SecureElementVerifyAesCmac  soft-se.o
    0x0800d1ee   0x0800d1ee   0x00000002   PAD
    0x0800d1f0   0x0800d1f0   0x00000068   Code   RO         7602    i.SecureFrame       loramac.o
    0x0800d258   0x0800d258   0x00000110   Code   RO         6901    i.Send              main.o
    0x0800d368   0x0800d368   0x0000013e   Code   RO         7603    i.Send              loramac.o
    0x0800d4a6   0x0800d4a6   0x00000002   PAD
    0x0800d4a8   0x0800d4a8   0x000000ec   Code   RO         7604    i.SendFrameOnChannel  loramac.o
    0x0800d594   0x0800d594   0x00000058   Code   RO         7605    i.SendReJoinReq     loramac.o
    0x0800d5ec   0x0800d5ec   0x0000000e   Code   RO         2144    i.Sensor_IO_Init    x_nucleo_iks01a2.o
    0x0800d5fa   0x0800d5fa   0x00000002   PAD
    0x0800d5fc   0x0800d5fc   0x00000030   Code   RO         2145    i.Sensor_IO_Read    x_nucleo_iks01a2.o
    0x0800d62c   0x0800d62c   0x00000030   Code   RO         2146    i.Sensor_IO_Write   x_nucleo_iks01a2.o
    0x0800d65c   0x0800d65c   0x00000014   Code   RO         7606    i.SetMlmeScheduleUplinkIndication  loramac.o
    0x0800d670   0x0800d670   0x00000054   Code   RO         7607    i.SetTxContinuousWave  loramac.o
    0x0800d6c4   0x0800d6c4   0x0000002c   Code   RO         7608    i.SetTxContinuousWave1  loramac.o
    0x0800d6f0   0x0800d6f0   0x0000004c   Code   RO         7609    i.StopRetransmission  loramac.o
    0x0800d73c   0x0800d73c   0x0000011c   Code   RO         7610    i.SwitchClass       loramac.o
    0x0800d858   0x0800d858   0x00000004   Code   RO         7195    i.SysTick_Handler   stm32l4xx_it.o
    0x0800d85c   0x0800d85c   0x00000026   Code   RO        11122    i.SysTimeAdd        systime.o
    0x0800d882   0x0800d882   0x00000038   Code   RO        11124    i.SysTimeGet        systime.o
    0x0800d8ba   0x0800d8ba   0x0000001a   Code   RO        11125    i.SysTimeGetMcuTime  systime.o
    0x0800d8d4   0x0800d8d4   0x00000034   Code   RO        11128    i.SysTimeSet        systime.o
    0x0800d908   0x0800d908   0x00000024   Code   RO        11129    i.SysTimeSub        systime.o
    0x0800d92c   0x0800d92c   0x00000064   Code   RO         7087    i.SystemClock_Config  stm32l4xx_hw.o
    0x0800d990   0x0800d990   0x00000044   Code   RO         3024    i.SystemInit        system_stm32l4xx.o
    0x0800d9d4   0x0800d9d4   0x0000000e   Code   RO        10856    i.TimerGetCurrentTime  timeserver.o
    0x0800d9e2   0x0800d9e2   0x00000020   Code   RO        10857    i.TimerGetElapsedTime  timeserver.o
    0x0800da02   0x0800da02   0x00000012   Code   RO        10858    i.TimerInit         timeserver.o
    0x0800da14   0x0800da14   0x00000018   Code   RO        10859    i.TimerInsertNewHeadTimer  timeserver.o
    0x0800da2c   0x0800da2c   0x00000080   Code   RO        10860    i.TimerIrqHandler   timeserver.o
    0x0800daac   0x0800daac   0x0000002e   Code   RO        10864    i.TimerSetTimeout   timeserver.o
    0x0800dada   0x0800dada   0x00000022   Code   RO        10865    i.TimerSetValue     timeserver.o
    0x0800dafc   0x0800dafc   0x00000074   Code   RO        10866    i.TimerStart        timeserver.o
    0x0800db70   0x0800db70   0x00000060   Code   RO        10867    i.TimerStop         timeserver.o
    0x0800dbd0   0x0800dbd0   0x00000024   Code   RO        11068    i.TraceInit         trace.o
    0x0800dbf4   0x0800dbf4   0x00000070   Code   RO        11069    i.TraceSend         trace.o
    0x0800dc64   0x0800dc64   0x0000004c   Code   RO        11070    i.Trace_TxCpltCallback  trace.o
    0x0800dcb0   0x0800dcb0   0x000000c8   Code   RO         5778    i.UART_AdvFeatureConfig  stm32l4xx_hal_uart.o
    0x0800dd78   0x0800dd78   0x00000058   Code   RO         5779    i.UART_CheckIdleState  stm32l4xx_hal_uart.o
    0x0800ddd0   0x0800ddd0   0x00000014   Code   RO         5780    i.UART_DMAAbortOnError  stm32l4xx_hal_uart.o
    0x0800dde4   0x0800dde4   0x00000048   Code   RO         5781    i.UART_DMAError     stm32l4xx_hal_uart.o
    0x0800de2c   0x0800de2c   0x00000030   Code   RO         5786    i.UART_DMATransmitCplt  stm32l4xx_hal_uart.o
    0x0800de5c   0x0800de5c   0x0000000a   Code   RO         5788    i.UART_DMATxHalfCplt  stm32l4xx_hal_uart.o
    0x0800de66   0x0800de66   0x0000001e   Code   RO         5790    i.UART_EndRxTransfer  stm32l4xx_hal_uart.o
    0x0800de84   0x0800de84   0x00000010   Code   RO         5791    i.UART_EndTxTransfer  stm32l4xx_hal_uart.o
    0x0800de94   0x0800de94   0x0000005a   Code   RO         5792    i.UART_RxISR_16BIT  stm32l4xx_hal_uart.o
    0x0800deee   0x0800deee   0x0000005a   Code   RO         5793    i.UART_RxISR_8BIT   stm32l4xx_hal_uart.o
    0x0800df48   0x0800df48   0x000002a0   Code   RO         5794    i.UART_SetConfig    stm32l4xx_hal_uart.o
    0x0800e1e8   0x0800e1e8   0x00000060   Code   RO         5797    i.UART_WaitOnFlagUntilTimeout  stm32l4xx_hal_uart.o
    0x0800e248   0x0800e248   0x00000004   Code   RO         7196    i.USART2_IRQHandler  stm32l4xx_it.o
    0x0800e24c   0x0800e24c   0x0000003c   Code   RO         7972    i.UpdateFCntDown    loramaccrypto.o
    0x0800e288   0x0800e288   0x0000001c   Code   RO         7611    i.UpdateRxSlotIdleState  loramac.o
    0x0800e2a4   0x0800e2a4   0x00000002   Code   RO         7197    i.UsageFault_Handler  stm32l4xx_it.o
    0x0800e2a6   0x0800e2a6   0x00000076   Code   RO         7973    i.VerifyCmacB0      loramaccrypto.o
    0x0800e31c   0x0800e31c   0x00000030   Code   RO         8851    i.VerifyRfFreq      regionas923.o
    0x0800e34c   0x0800e34c   0x00000020   Code   RO        11692    i.__0printf         mc_w.l(printfa.o)
    0x0800e36c   0x0800e36c   0x00000028   Code   RO        11694    i.__0sprintf        mc_w.l(printfa.o)
    0x0800e394   0x0800e394   0x0000002c   Code   RO        11697    i.__0vsnprintf      mc_w.l(printfa.o)
    0x0800e3c0   0x0800e3c0   0x00000020   Code   RO         3750    i.__NVIC_SetPriority  stm32l4xx_hal_cortex.o
    0x0800e3e0   0x0800e3e0   0x00000118   Code   RO        11430    i.__hardfp_ceil     m_wm.l(ceil.o)
    0x0800e4f8   0x0800e4f8   0x00000118   Code   RO        11436    i.__hardfp_floor    m_wm.l(floor.o)
    0x0800e610   0x0800e610   0x000000e0   Code   RO        11442    i.__hardfp_round    m_wm.l(round.o)
    0x0800e6f0   0x0800e6f0   0x0000000e   Code   RO        11782    i.__scatterload_copy  mc_w.l(handlers.o)
    0x0800e6fe   0x0800e6fe   0x00000002   Code   RO        11783    i.__scatterload_null  mc_w.l(handlers.o)
    0x0800e700   0x0800e700   0x0000000e   Code   RO        11784    i.__scatterload_zeroinit  mc_w.l(handlers.o)
    0x0800e70e   0x0800e70e   0x00000002   PAD
    0x0800e710   0x0800e710   0x0000018a   Code   RO        11699    i._fp_digits        mc_w.l(printfa.o)
    0x0800e89a   0x0800e89a   0x00000002   PAD
    0x0800e89c   0x0800e89c   0x000006e2   Code   RO        11700    i._printf_core      mc_w.l(printfa.o)
    0x0800ef7e   0x0800ef7e   0x00000024   Code   RO        11701    i._printf_post_padding  mc_w.l(printfa.o)
    0x0800efa2   0x0800efa2   0x0000002e   Code   RO        11702    i._printf_pre_padding  mc_w.l(printfa.o)
    0x0800efd0   0x0800efd0   0x00000016   Code   RO        11703    i._snputc           mc_w.l(printfa.o)
    0x0800efe6   0x0800efe6   0x0000000a   Code   RO        11704    i._sputc            mc_w.l(printfa.o)
    0x0800eff0   0x0800eff0   0x00000030   Code   RO        11015    i.add_elementSize_and_inc_writeIdx  queue.o
    0x0800f020   0x0800f020   0x0000004e   Code   RO        11217    i.aes_encrypt       aes.o
    0x0800f06e   0x0800f06e   0x00000002   PAD
    0x0800f070   0x0800f070   0x000000f6   Code   RO        11218    i.aes_set_key       aes.o
    0x0800f166   0x0800f166   0x00000002   PAD
    0x0800f168   0x0800f168   0x00000010   Code   RO         7492    i.certif_DownLinkIncrement  lora-test.o
    0x0800f178   0x0800f178   0x00000018   Code   RO         7493    i.certif_linkCheck  lora-test.o
    0x0800f190   0x0800f190   0x0000000c   Code   RO         7494    i.certif_running    lora-test.o
    0x0800f19c   0x0800f19c   0x000001a0   Code   RO         7495    i.certif_rx         lora-test.o
    0x0800f33c   0x0800f33c   0x000000b8   Code   RO         7496    i.certif_tx         lora-test.o
    0x0800f3f4   0x0800f3f4   0x000000dc   Code   RO        11016    i.circular_queue_add  queue.o
    0x0800f4d0   0x0800f4d0   0x00000038   Code   RO        11017    i.circular_queue_get  queue.o
    0x0800f508   0x0800f508   0x00000010   Code   RO        11018    i.circular_queue_init  queue.o
    0x0800f518   0x0800f518   0x0000004e   Code   RO        11019    i.circular_queue_remove  queue.o
    0x0800f566   0x0800f566   0x0000000e   Code   RO        11020    i.circular_queue_sense  queue.o
    0x0800f574   0x0800f574   0x00000084   Code   RO        11219    i.copy_and_key      aes.o
    0x0800f5f8   0x0800f5f8   0x00000042   Code   RO        11220    i.copy_block        aes.o
    0x0800f63a   0x0800f63a   0x00000012   Code   RO        11754    i.fputc             mc_w.l(fputc.o)
    0x0800f64c   0x0800f64c   0x000000f0   Code   RO         6902    i.main              main.o
    0x0800f73c   0x0800f73c   0x00000014   Code   RO        10953    i.memcpy1           utilities.o
    0x0800f750   0x0800f750   0x00000018   Code   RO        10954    i.memcpyr           utilities.o
    0x0800f768   0x0800f768   0x00000010   Code   RO        10955    i.memset1           utilities.o
    0x0800f778   0x0800f778   0x0000021c   Code   RO        11221    i.mix_sub_columns   aes.o
    0x0800f994   0x0800f994   0x00000014   Code   RO        11021    i.queue_copy        queue.o
    0x0800f9a8   0x0800f9a8   0x00000028   Code   RO        10956    i.rand1             utilities.o
    0x0800f9d0   0x0800f9d0   0x0000001a   Code   RO        10957    i.randr             utilities.o
    0x0800f9ea   0x0800f9ea   0x00000002   PAD
    0x0800f9ec   0x0800f9ec   0x00000068   Code   RO        11222    i.shift_sub_rows    aes.o
    0x0800fa54   0x0800fa54   0x0000000c   Code   RO        10958    i.srand1            utilities.o
    0x0800fa60   0x0800fa60   0x0000000c   Code   RO         7318    i.vcom_DMA_TX_IRQHandler  vcom.o
    0x0800fa6c   0x0800fa6c   0x0000000c   Code   RO         7320    i.vcom_IRQHandler   vcom.o
    0x0800fa78   0x0800fa78   0x0000005c   Code   RO         7321    i.vcom_Init         vcom.o
    0x0800fad4   0x0800fad4   0x00000060   Code   RO         7322    i.vcom_IoDeInit     vcom.o
    0x0800fb34   0x0800fb34   0x00000088   Code   RO         7323    i.vcom_IoInit       vcom.o
    0x0800fbbc   0x0800fbbc   0x00000010   Code   RO         7324    i.vcom_Trace        vcom.o
    0x0800fbcc   0x0800fbcc   0x00000082   Code   RO        11223    i.xor_block         aes.o
    0x0800fc4e   0x0800fc4e   0x00000002   PAD
    0x0800fc50   0x0800fc50   0x000000e0   Data   RO         1747    .constdata          sx1276.o
    0x0800fd30   0x0800fd30   0x00000074   Data   RO         2941    .constdata          sx1276mb1mas.o
    0x0800fda4   0x0800fda4   0x00000040   Data   RO         3025    .constdata          system_stm32l4xx.o
    0x0800fde4   0x0800fde4   0x00000008   Data   RO         3026    .constdata          system_stm32l4xx.o
    0x0800fdec   0x0800fdec   0x00000018   Data   RO         6702    .constdata          hw_rtc.o
    0x0800fe04   0x0800fe04   0x00000014   Data   RO         7412    .constdata          lora.o
    0x0800fe18   0x0800fe18   0x00000010   Data   RO         7613    .constdata          loramac.o
    0x0800fe28   0x0800fe28   0x00000088   Data   RO         8853    .constdata          regionas923.o
    0x0800feb0   0x0800feb0   0x00000300   Data   RO        11224    .constdata          aes.o
    0x080101b0   0x080101b0   0x0000012a   Data   RO         7416    .conststring        lora.o
    0x080102da   0x080102da   0x00000002   PAD
    0x080102dc   0x080102dc   0x00000020   Data   RO        11780    Region$$Table       anon$$obj.o


    Execution Region RW_IRAM1 (Exec base: 0x20000000, Load base: 0x080102fc, Size: 0x00002040, Max: 0x00018000, ABSOLUTE, COMPRESSED[0x00000188])

    Exec Addr    Load Addr    Size         Type   Attr      Idx    E Section Name        Object

    0x20000000   COMPRESSED   0x00000034   Data   RW          281    .data               hts221_driver_hl.o
    0x20000034   COMPRESSED   0x00000034   Data   RW          282    .data               hts221_driver_hl.o
    0x20000068   COMPRESSED   0x00000004   Data   RW          283    .data               hts221_driver_hl.o
    0x2000006c   COMPRESSED   0x00000034   Data   RW          899    .data               lps22hb_driver_hl.o
    0x200000a0   COMPRESSED   0x00000034   Data   RW          900    .data               lps22hb_driver_hl.o
    0x200000d4   COMPRESSED   0x0000003c   Data   RW          901    .data               lps22hb_driver_hl.o
    0x20000110   COMPRESSED   0x0000003c   Data   RW          902    .data               lps22hb_driver_hl.o
    0x2000014c   COMPRESSED   0x00000008   Data   RW          903    .data               lps22hb_driver_hl.o
    0x20000154   COMPRESSED   0x00000020   Data   RW         1748    .data               sx1276.o
    0x20000174   COMPRESSED   0x00000004   Data   RW         2148    .data               x_nucleo_iks01a2.o
    0x20000178   COMPRESSED   0x0000000c   Data   RW         2247    .data               x_nucleo_iks01a2_pressure.o
    0x20000184   COMPRESSED   0x0000000c   Data   RW         2440    .data               x_nucleo_iks01a2_humidity.o
    0x20000190   COMPRESSED   0x00000008   Data   RW         2587    .data               x_nucleo_iks01a2_temperature.o
    0x20000198   COMPRESSED   0x0000001c   Data   RW         2942    .data               sx1276mb1mas.o
    0x200001b4   COMPRESSED   0x00000004   Data   RW         3027    .data               system_stm32l4xx.o
    0x200001b8   COMPRESSED   0x0000000c   Data   RW         3096    .data               stm32l4xx_hal.o
    0x200001c4   COMPRESSED   0x0000000c   Data   RW         6548    .data               bsp.o
    0x200001d0   COMPRESSED   0x00000004   Data   RW         6703    .data               hw_rtc.o
    0x200001d4   COMPRESSED   0x00000034   Data   RW         6906    .data               main.o
    0x20000208   COMPRESSED   0x00000002   Data   RW         7089    .data               stm32l4xx_hw.o
    0x2000020a   COMPRESSED   0x00000002   PAD
    0x2000020c   COMPRESSED   0x00000004   Data   RW         7326    .data               vcom.o
    0x20000210   COMPRESSED   0x00000070   Data   RW         7417    .data               lora.o
    0x20000280   COMPRESSED   0x00000002   Data   RW         7498    .data               lora-test.o
    0x20000282   COMPRESSED   0x00000002   PAD
    0x20000284   COMPRESSED   0x00000008   Data   RW         7614    .data               loramac.o
    0x2000028c   COMPRESSED   0x00000014   Data   RW         7975    .data               loramaccrypto.o
    0x200002a0   COMPRESSED   0x00000004   Data   RW         8358    .data               loramaccommands.o
    0x200002a4   COMPRESSED   0x00000008   Data   RW        10786    .data               low_power_manager.o
    0x200002ac   COMPRESSED   0x00000004   Data   RW        10869    .data               timeserver.o
    0x200002b0   COMPRESSED   0x00000004   Data   RW        10959    .data               utilities.o
    0x200002b4   COMPRESSED   0x00000001   Data   RW        11072    .data               trace.o
    0x200002b5   COMPRESSED   0x00000003   PAD
    0x200002b8   COMPRESSED   0x00000004   Data   RW        11335    .data               soft-se.o
    0x200002bc   COMPRESSED   0x00000004   Data   RW        11756    .data               mc_w.l(stdout.o)
    0x200002c0        -       0x000001b0   Zero   RW         1746    .bss                sx1276.o
    0x20000470        -       0x0000004c   Zero   RW         2147    .bss                x_nucleo_iks01a2.o
    0x200004bc        -       0x00000014   Zero   RW         2246    .bss                x_nucleo_iks01a2_pressure.o
    0x200004d0        -       0x00000014   Zero   RW         2439    .bss                x_nucleo_iks01a2_humidity.o
    0x200004e4        -       0x00000038   Zero   RW         2586    .bss                x_nucleo_iks01a2_temperature.o
    0x2000051c        -       0x00000040   Zero   RW         6631    .bss                hw_gpio.o
    0x2000055c        -       0x00000068   Zero   RW         6701    .bss                hw_rtc.o
    0x200005c4        -       0x00000064   Zero   RW         6845    .bss                hw_spi.o
    0x20000628        -       0x00000040   Zero   RW         6903    .bss                main.o
    0x20000668        -       0x00000316   Zero   RW         6904    .bss                main.o
    0x2000097e   COMPRESSED   0x00000002   PAD
    0x20000980        -       0x00000064   Zero   RW         7088    .bss                stm32l4xx_hw.o
    0x200009e4        -       0x00000148   Zero   RW         7325    .bss                vcom.o
    0x20000b2c        -       0x00000040   Zero   RW         7411    .bss                lora.o
    0x20000b6c        -       0x00000114   Zero   RW         7497    .bss                lora-test.o
    0x20000c80        -       0x000006ac   Zero   RW         7612    .bss                loramac.o
    0x2000132c        -       0x00000040   Zero   RW         7974    .bss                loramaccrypto.o
    0x2000136c        -       0x000000fc   Zero   RW         8357    .bss                loramaccommands.o
    0x20001468        -       0x0000002c   Zero   RW         8457    .bss                loramacconfirmqueue.o
    0x20001494        -       0x000000d4   Zero   RW         8852    .bss                regionas923.o
    0x20001568        -       0x00000110   Zero   RW        11071    .bss                trace.o
    0x20001678        -       0x000003c4   Zero   RW        11334    .bss                soft-se.o
    0x20001a3c   COMPRESSED   0x00000004   PAD
    0x20001a40        -       0x00000600   Zero   RW         6536    STACK               startup_stm32l476xx.o


==============================================================================

Image component sizes


      Code (inc. data)   RO Data    RW Data    ZI Data      Debug   Object Name

      1296         12        768          0          0      15456   aes.o
       156         20          0         12          0       3069   bsp.o
       546          0          0          0          0       5249   cmac.o
       108         22          0          0          0       1603   debug.o
       988        184          0          0          0      20132   hts221_driver.o
       942         16          0        108          0      32410   hts221_driver_hl.o
       270         18          0          0         64       4461   hw_gpio.o
      1056        106         24          4        104      35217   hw_rtc.o
       392         36          0          0        100       3631   hw_spi.o
       656         48          0          2        276       6611   lora-test.o
      1234        166        318        112         64       9969   lora.o
     11058        722         16          8       1708      84102   loramac.o
       212          0          0          0          0       3429   loramacadr.o
        90          0          0          0          0      23623   loramacclassb.o
       604         64          0          4        252      12487   loramaccommands.o
       488         58          0          0         44      12881   loramacconfirmqueue.o
      2062        118          0         20         64      26910   loramaccrypto.o
       344          0          0          0          0       2406   loramacparser.o
       312          0          0          0          0       2471   loramacserializer.o
       162         18          0          8          0       5878   low_power_manager.o
      1210          0          0          0          0      30593   lps22hb_driver.o
      1702         76          0        232          0      45459   lps22hb_driver_hl.o
      1264        296          0         52        854      32253   main.o
       452          0          0          0          0       7319   queue.o
       348          0          0          0          0      25911   region.o
      2840        212        136          0        212      31858   regionas923.o
      1188         40          0          0          0      15790   regioncommon.o
       948         76          0          4        964      15433   soft-se.o
        36          8        392          0       1536        884   startup_stm32l476xx.o
       106         22          0         12          0       5498   stm32l4xx_hal.o
      2890        164          0          0          0      76461   stm32l4xx_hal_adc.o
       144          4          0          0          0      59286   stm32l4xx_hal_adc_ex.o
       192         14          0          0          0      34584   stm32l4xx_hal_cortex.o
       614         14          0          0          0       5158   stm32l4xx_hal_dma.o
         0          0          0          0          0       5236   stm32l4xx_hal_flash.o
       850         76          0          0          0       4533   stm32l4xx_hal_gpio.o
      1610         40          0          0          0      15836   stm32l4xx_hal_i2c.o
       252         12          0          0          0       4996   stm32l4xx_hal_msp.o
        88         10          0          0          0       1589   stm32l4xx_hal_pwr.o
       208         42          0          0          0       3659   stm32l4xx_hal_pwr_ex.o
      2184        112          0          0          0       9368   stm32l4xx_hal_rcc.o
      1506         44          0          0          0       4512   stm32l4xx_hal_rcc_ex.o
      1518         38          0          0          0      12003   stm32l4xx_hal_rtc.o
        92          0          0          0          0       3422   stm32l4xx_hal_rtc_ex.o
      1160          0          0          0          0       7339   stm32l4xx_hal_spi.o
      2180         96          0          0          0      17294   stm32l4xx_hal_uart.o
         2          0          0          0          0       1244   stm32l4xx_hal_uart_ex.o
      1160        130          0          2        100      10795   stm32l4xx_hw.o
       158          0          0          0          0      10531   stm32l4xx_it.o
      5698        370        224         32        432     912299   sx1276.o
       488         38        116         28          0      12981   sx1276mb1mas.o
        68         12         72          4          0       1781   system_stm32l4xx.o
       208          0          0          0          0       8394   systime.o
       508         20          0          4          0       9071   timeserver.o
       224         26          0          1        272       4515   trace.o
       138         16          0          4          0       5207   utilities.o
       572         58          0          4        328       6051   vcom.o
       410         54          0          4         76       6721   x_nucleo_iks01a2.o
       186         18          0         12         20       6010   x_nucleo_iks01a2_humidity.o
       194         22          0         12         20       7729   x_nucleo_iks01a2_pressure.o
       344         38          0          8         56       6194   x_nucleo_iks01a2_temperature.o

    ----------------------------------------------------------------------
     59034       3806       2100        700       7552    1797792   Object Totals
         0          0         32          0          0          0   (incl. Generated)
       118          0          2          7          6          0   (incl. Padding)

    ----------------------------------------------------------------------

      Code (inc. data)   RO Data    RW Data    ZI Data      Debug   Library Member Name

       280         28          0          0          0        156   ceil.o
       280         28          0          0          0        156   floor.o
       224         30          0          0          0        172   round.o
        86          0          0          0          0          0   __dczerorl2.o
         0          0          0          0          0          0   entry.o
         0          0          0          0          0          0   entry10a.o
         0          0          0          0          0          0   entry11a.o
         8          4          0          0          0          0   entry2.o
         4          0          0          0          0          0   entry5.o
         0          0          0          0          0          0   entry7b.o
         0          0          0          0          0          0   entry8b.o
         8          4          0          0          0          0   entry9a.o
        18          0          0          0          0         80   fputc.o
        30          0          0          0          0          0   handlers.o
        36          8          0          0          0         68   init.o
         0          0          0          0          0          0   iusefp.o
         0          0          0          0          0          0   iusesemip.o
        30          0          0          0          0         68   llshl.o
        36          0          0          0          0         68   llsshr.o
        32          0          0          0          0         68   llushr.o
        36          0          0          0          0         68   memcpya.o
        36          0          0          0          0        108   memseta.o
      2386        100          0          0          0        752   printfa.o
         0          0          0          0          0          0   semi.o
         0          0          0          4          0          0   stdout.o
        44          0          0          0          0         80   uidiv.o
       104          0          0          0          0         92   uldiv.o
        48          0          0          0          0         68   cdcmple.o
        48          0          0          0          0         68   cdrcmple.o
       350          0          0          0          0        148   dadd.o
       222          0          0          0          0        100   ddiv.o
       186          0          0          0          0        176   depilogue.o
        62          0          0          0          0         80   dfixi.o
        50          0          0          0          0         76   dfixui.o
        48          0          0          0          0         68   dfixul.o
        34          0          0          0          0         76   dflti.o
        26          0          0          0          0         76   dfltui.o
       234          0          0          0          0         96   dmul.o
       136          4          0          0          0         92   drnd.o
        38          0          0          0          0         68   f2d.o

    ----------------------------------------------------------------------
      5166        206          0          4          0       3128   Library Totals
         6          0          0          0          0          0   (incl. Padding)

    ----------------------------------------------------------------------

      Code (inc. data)   RO Data    RW Data    ZI Data      Debug   Library Name

       784         86          0          0          0        484   m_wm.l
      2894        116          0          4          0       1452   mc_w.l
      1482          4          0          0          0       1192   mf_w.l

    ----------------------------------------------------------------------
      5166        206          0          4          0       3128   Library Totals

    ----------------------------------------------------------------------

==============================================================================


      Code (inc. data)   RO Data    RW Data    ZI Data      Debug   

     64200       4012       2100        704       7552    1732448   Grand Totals
     64200       4012       2100        392       7552    1732448   ELF Image Totals (compressed)
     64200       4012       2100        392          0          0   ROM Totals

==============================================================================

    Total RO  Size (Code + RO Data)                66300 (  64.75kB)
    Total RW  Size (RW Data + ZI Data)              8256 (   8.06kB)
    Total ROM Size (Code + RO Data + RW Data)      66692 (  65.13kB)

==============================================================================

